04-29 11:58:20.746  2352  2608 I CmaSystemUpdateService: Runtime init receiver: Intent { act=android.intent.action.BOOT_COMPLETED flg=0x8000010 cmp=com.google.android.gms/.chimera.GmsIntentOperationService (has extras) } with flags: 3
04-29 11:58:20.746  2352  2608 I CmaSystemUpdateService: receiver: Intent { act=android.intent.action.BOOT_COMPLETED flg=0x8000010 cmp=com.google.android.gms/.chimera.GmsIntentOperationService (has extras) }
04-29 11:58:20.786  2352  2372 I Vision  : Supported ABIS: [x86]
04-29 11:58:20.805  2352  2352 I CmaSystemUpdateService: connectivity change: Intent { act=android.net.conn.CONNECTIVITY_CHANGE flg=0x4000010 (has extras) }
04-29 11:58:20.805  2352  2352 I CmaSystemUpdateService: receiver: Intent { act=android.net.conn.CONNECTIVITY_CHANGE flg=0x4000010 (has extras) }
04-29 11:58:20.966  2690  2690 W IntentService[D: type=1400 audit(0.0:18): avc: denied { search } for name="1332" dev="proc" ino=3467 scontext=u:r:untrusted_app:s0:c512,c768 tcontext=u:r:zygote:s0 tclass=dir permissive=0
04-29 11:58:20.970  2352  2386 I Wear_Controller: onStartup - Wear is not available on this device.
04-29 11:58:20.999  2018  2018 W art     : Long monitor contention event with owner method=android.content.IContentProvider android.app.ActivityThread.acquireExistingProvider(android.content.Context, java.lang.String, int, boolean) from ActivityThread.java:4864 waiters=0 for 736ms
04-29 11:58:21.000  2018  2693 W art     : Long monitor contention event with owner method=android.content.IContentProvider android.app.ActivityThread.acquireExistingProvider(android.content.Context, java.lang.String, int, boolean) from ActivityThread.java:4864 waiters=1 for 601ms
04-29 11:58:21.000  2018  2674 W art     : Long monitor contention event with owner method=android.content.IContentProvider android.app.ActivityThread.acquireExistingProvider(android.content.Context, java.lang.String, int, boolean) from ActivityThread.java:4864 waiters=2 for 465ms
04-29 11:58:21.001  2640  2690 D         : HostConnection::get() New Host Connection established 0xaaaf2600, tid 2690
04-29 11:58:21.006  2653  2653 W Binder_2: type=1400 audit(0.0:19): avc: denied { search } for name="1332" dev="proc" ino=3467 scontext=u:r:untrusted_app:s0:c512,c768 tcontext=u:r:zygote:s0 tclass=dir permissive=0
04-29 11:58:21.011  2640  2690 D EGL_emulation: eglCreateContext: 0xaa4938c0: maj 2 min 0 rcv 2
04-29 11:58:21.029  2640  2690 D EGL_emulation: eglMakeCurrent: 0xaa4938c0: ver 2 0 (tinfo 0xaa0ae960)
04-29 11:58:21.034  2018  2018 W ChimeraUtils: Non Chimera context
04-29 11:58:21.052  2575  2618 I Gmail   : getAccountsCursor
04-29 11:58:21.059  2018  2321 W art     : Long monitor contention event with owner method=android.content.IContentProvider android.app.ActivityThread.acquireExistingProvider(android.content.Context, java.lang.String, int, boolean) from ActivityThread.java:4864 waiters=0 for 509ms
04-29 11:58:21.077  2640  2690 D EGL_emulation: eglCreateContext: 0xaa493980: maj 2 min 0 rcv 2
04-29 11:58:21.081  1603  2065 I AccountManagerService: getTypesVisibleToCaller: isPermitted? true
04-29 11:58:21.082  2640  2690 D EGL_emulation: eglMakeCurrent: 0xaa493980: ver 2 0 (tinfo 0xaa0ae960)
04-29 11:58:21.100  1603  2065 I AccountManagerService: getTypesVisibleToCaller: isPermitted? true
04-29 11:58:21.115  2640  2653 D         : HostConnection::get() New Host Connection established 0xaaaf2240, tid 2653
04-29 11:58:21.120  2640  2653 D EGL_emulation: eglCreateContext: 0xaa493c80: maj 2 min 0 rcv 2
04-29 11:58:21.137  2640  2653 D EGL_emulation: eglMakeCurrent: 0xaa493c80: ver 2 0 (tinfo 0xaa0ae890)
04-29 11:58:21.144  1603  1995 I AccountManagerService: getTypesVisibleToCaller: isPermitted? true
04-29 11:58:21.177  2640  2653 D EGL_emulation: eglCreateContext: 0xaa493c20: maj 2 min 0 rcv 2
04-29 11:58:21.182  2640  2653 D EGL_emulation: eglMakeCurrent: 0xaa493c20: ver 2 0 (tinfo 0xaa0ae890)
04-29 11:58:21.196  2690  2690 W IntentService[D: type=1400 audit(0.0:20): avc: denied { read } for name="/" dev="tmpfs" ino=3073 scontext=u:r:untrusted_app:s0:c512,c768 tcontext=u:object_r:device:s0 tclass=dir permissive=0
04-29 11:58:21.205  1603  1614 I AccountManagerService: getTypesVisibleToCaller: isPermitted? true
04-29 11:58:21.210  2018  2779 W ConfigurationChimeraPro: Got null configs for com.google.android.gms.notifications -- metadata{ service_id: 51 }
04-29 11:58:21.216  2653  2653 W Binder_2: type=1400 audit(0.0:21): avc: denied { read } for name="/" dev="tmpfs" ino=3073 scontext=u:r:untrusted_app:s0:c512,c768 tcontext=u:object_r:device:s0 tclass=dir permissive=0
04-29 11:58:21.256  1603  2132 I AccountManagerService: getTypesVisibleToCaller: isPermitted? true
04-29 11:58:21.276  2352  2512 I CheckinUtil: Classify the device as Phone.
04-29 11:58:21.291  2018  2269 I GCoreUlr: Starting service, intent=Intent { act=com.google.android.location.reporting.ACTION_UPDATE_WORLD cmp=com.google.android.gms/com.google.android.location.reporting.service.DispatchingService (has extras) }, extras=Bundle[{receiverAction=com.google.android.gms.location.init.INIT_ACTION, is_boot=true}]
04-29 11:58:21.305  2018  2018 I WearableService: Wearable Services not starting - Wear is not available on this device.
04-29 11:58:21.310  2352  2389 I Vision  : Engine already satisfied by existing download for ocr
04-29 11:58:21.323  2018  2759 W WearableService: onGetService - Wear is not available on this device.
04-29 11:58:21.336  2352  2750 E MDM     : [177] yyq.a: Couldn't connect to Google API client: mds{statusCode=API_UNAVAILABLE, resolution=null, message=null}
04-29 11:58:21.362  2018  2018 E BluetoothAdapter: Bluetooth binder is null
04-29 11:58:21.398  2018  2797 I PaymentBundleManager: Maintaining payment bundles
04-29 11:58:21.398  2018  2797 I PaymentBundleManager: Finished maintaining payment bundles
04-29 11:58:21.403  1603  1728 I AccountManagerService: getTypesVisibleToCaller: isPermitted? true
04-29 11:58:21.450  2352  2599 I IcingInternalCorpora: Received calendar change notification.
04-29 11:58:21.545  2352  2808 I Authzen : [PermitStore] Getting all permits...
04-29 11:58:21.554  2352  2808 I Authzen : [gho] Opening database auth.proximity.permit_store...
04-29 11:58:21.564  1603  2132 I AccountManagerService: getTypesVisibleToCaller: isPermitted? true
04-29 11:58:21.602  1603  1728 I AccountManagerService: getTypesVisibleToCaller: isPermitted? true
04-29 11:58:21.661  1603  2205 I AccountManagerService: getTypesVisibleToCaller: isPermitted? true
04-29 11:58:21.666  2352  2808 W ChimeraUtils: Non Chimera context
04-29 11:58:21.669  1603  1995 I AccountManagerService: getTypesVisibleToCaller: isPermitted? true
04-29 11:58:21.677  1603  1995 I AccountManagerService: getTypesVisibleToCaller: isPermitted? true
04-29 11:58:21.689  1603  1728 I AccountManagerService: getTypesVisibleToCaller: isPermitted? true
04-29 11:58:21.701  1603  2132 I AccountManagerService: getTypesVisibleToCaller: isPermitted? true
04-29 11:58:21.713  1603  2065 I AccountManagerService: getTypesVisibleToCaller: isPermitted? true
04-29 11:58:21.749  1603  2206 I AccountManagerService: getTypesVisibleToCaller: isPermitted? true
04-29 11:58:21.770  2352  2512 I ProcessCheckinRequest: Setting cookie as: NID=129=iKyiVGdN0cSrf9tWsgKiN72d1rl-lkkYZjeNoyk--gArVaETRsuLUtcgDgt1PIBri7wcUE9_ytU8i_nV_A0eAsqRy7V5mqx6YxIbGN0P2yXd_Vktr8HdIkTAWuFpEHz1
04-29 11:58:21.775  1603  2040 I AccountManagerService: getTypesVisibleToCaller: isPermitted? true
04-29 11:58:21.785  1603  1743 I AccountManagerService: getTypesVisibleToCaller: isPermitted? true
04-29 11:58:21.788  1603  1614 I AccountManagerService: getTypesVisibleToCaller: isPermitted? true
04-29 11:58:21.811  2018  2782 I GCoreUlr: WorldUpdater received intent Intent { act=com.google.android.location.reporting.ACTION_UPDATE_WORLD cmp=com.google.android.gms/com.google.android.location.reporting.service.DispatchingService (has extras) } with receiverAction com.google.android.gms.location.init.INIT_ACTION
04-29 11:58:21.814  1603  1614 I AccountManagerService: getTypesVisibleToCaller: isPermitted? true
04-29 11:58:21.815  2352  2553 I Icing   : Storage manager: low false usage 1.81MB avail 1.76GB capacity 1.94GB
04-29 11:58:21.837  2352  2512 W Conscrypt: Could not set socket write timeout: java.lang.reflect.InvocationTargetException
04-29 11:58:21.837  2352  2512 W Conscrypt: 	at java.lang.reflect.Method.invoke(Native Method)
04-29 11:58:21.837  2352  2512 W Conscrypt: 	at com.google.android.gms.org.conscrypt.Platform.setSocketWriteTimeout(com.google.android.gms@12221470@12.2.21 (470-188803320):13)
04-29 11:58:21.837  2352  2512 W Conscrypt: Caused by: android.system.ErrnoException: setsockopt failed: EBADF (Bad file descriptor)
04-29 11:58:21.837  2352  2512 W Conscrypt: 	at libcore.io.Posix.setsockoptTimeval(Native Method)
04-29 11:58:21.837  2352  2512 W Conscrypt: 	at libcore.io.ForwardingOs.setsockoptTimeval(ForwardingOs.java:156)
04-29 11:58:21.846  2018  2264 I MagicTether: [HostValidator] InvalidHost. MobileData: true, Tethering: false, whitelist: false, ble: false
04-29 11:58:21.858  2352  2721 I FA-SVC  : App measurement is starting up, version: 12221
04-29 11:58:21.864  2352  2721 I FA-SVC  : This instance being marked as an uploader
04-29 11:58:21.874  2352  2536 W Herrevad: [110] vgx.c: Looking up Wifi info on a non-wifi device
04-29 11:58:21.910  2018  2782 I GCoreUlr: WorldUpdater:com.google.android.gms.location.init.INIT_ACTION: Ensuring that reporting is stopped because of reasons: (no Google accounts)
04-29 11:58:21.917  2018  2782 I GCoreUlr: Unbound from all location providers
04-29 11:58:21.936  2352  2512 W Conscrypt: Could not set socket write timeout: java.lang.reflect.InvocationTargetException
04-29 11:58:21.936  2352  2512 W Conscrypt: 	at java.lang.reflect.Method.invoke(Native Method)
04-29 11:58:21.936  2352  2512 W Conscrypt: 	at com.google.android.gms.org.conscrypt.Platform.setSocketWriteTimeout(com.google.android.gms@12221470@12.2.21 (470-188803320):13)
04-29 11:58:21.936  2352  2512 W Conscrypt: Caused by: android.system.ErrnoException: setsockopt failed: EBADF (Bad file descriptor)
04-29 11:58:21.936  2352  2512 W Conscrypt: 	at libcore.io.Posix.setsockoptTimeval(Native Method)
04-29 11:58:21.936  2352  2512 W Conscrypt: 	at libcore.io.ForwardingOs.setsockoptTimeval(ForwardingOs.java:156)
04-29 11:58:21.964  2018  2018 I GCoreUlr: Stopping handler for UlrDispSvcFast
04-29 11:58:21.969  2018  2018 I GCoreUlr: Unbound from all location providers
04-29 11:58:21.980  1603  2205 I ActivityManager: Killing 1737:com.android.externalstorage/u0a7 (adj 15): empty #17
04-29 11:58:21.983  2352  2553 E Icing   : Device Lang: en
04-29 11:58:21.984  2352  2553 W Icing   : transportation_script_path is empty
04-29 11:58:21.986  2352  2553 W Icing   : generic::invalid_argument: Empty URI
04-29 11:58:21.987  2352  2553 W Icing   : generic::invalid_argument: Empty URI
04-29 11:58:21.987  2352  2553 W Icing   : WordsMap was not properly initialized
04-29 11:58:22.084  2352  2825 I EventLogChimeraService: Aggregate from 1525003098600 (log), 1525000891348 (data)
04-29 11:58:22.117  1603  1743 I AccountManagerService: getTypesVisibleToCaller: isPermitted? true
04-29 11:58:22.123  1603  2206 I AccountManagerService: getTypesVisibleToCaller: isPermitted? true
04-29 11:58:22.132  2018  2029 E NetworkScheduler.ATC: Received callback from client for task that is already complete. ComponentInfo{com.google.android.gms/com.google.android.gms.checkin.EventLogService} AggregationTaskTag
04-29 11:58:22.136  2352  2553 I Icing   : updateResources: need to parse vms{com.google.android.gms}
04-29 11:58:22.191  2352  2512 I ProcessCheckinRequest: updateCheckinIdTokenFileFromResponse, Reading existing AID
04-29 11:58:22.191  2352  2512 I CheckinRequestBuilder: Checkin reason type: 8 attempt count: 1
04-29 11:58:22.192  1603  2065 I AccountManagerService: getTypesVisibleToCaller: isPermitted? true
04-29 11:58:22.192  1603  2132 I AccountManagerService: getTypesVisibleToCaller: isPermitted? true
04-29 11:58:22.228  2352  2512 I CheckinUtil: Classify the device as Phone.
04-29 11:58:22.244  2352  2512 E ProcessCheckinRequest: CheckinNowTaskTag : Checkin Succeeded: https://android.clients.google.com/checkin (request #1): 
04-29 11:58:22.287  1603  2206 I AccountManagerService: getTypesVisibleToCaller: isPermitted? true
04-29 11:58:22.298  2352  2636 I EventLogChimeraService: Accumulating logs since 1525003102084
04-29 11:58:22.334  2352  2636 I ProcessCheckinRequest: Get token from PseudonymousIdApi: 129=iKyiVGdN0cSrf9tWsgKiN72d1rl-lkkYZjeNoyk--gArVaETRsuLUtcgDgt1PIBri7wcUE9_ytU8i_nV_A0eAsqRy7V5mqx6YxIbGN0P2yXd_Vktr8HdIkTAWuFpEHz1
04-29 11:58:22.335  2352  2636 I CheckinRequestBuilder: Checkin reason type: 1 attempt count: 2
04-29 11:58:22.335  1603  2206 I AccountManagerService: getTypesVisibleToCaller: isPermitted? true
04-29 11:58:22.336  1603  1995 I AccountManagerService: getTypesVisibleToCaller: isPermitted? true
04-29 11:58:22.346  2352  2352 I GAv4-SVC: Google Analytics 12.2.21 is starting up.
04-29 11:58:22.353  2394  2426 I GAV2    : Thread[GAThread,5,main]: No campaign data found.
04-29 11:58:22.431  1603  2205 I AccountManagerService: getTypesVisibleToCaller: isPermitted? true
04-29 11:58:22.526  2739  2739 W Binder_3: type=1400 audit(0.0:22): avc: denied { search } for name="1332" dev="proc" ino=3467 scontext=u:r:untrusted_app:s0:c512,c768 tcontext=u:r:zygote:s0 tclass=dir permissive=0
04-29 11:58:22.529  2018  2262 E NetworkScheduler.ATC: Called cancelTask for already completed task com.google.android.gms/.tapandpay.gcmtask.TapAndPayGcmTaskService{u=0 tag="immediate" trigger=window{start=0s,end=1s,earliest=0s,latest=0s} requirements=[NET_CONNECTED] attributes=[] scheduled=0s last_run=0s jid=N/A status=ACTIVE retries=0 client_lib=MANCHEGO_GCM-12221000} :RESCHEDULED
04-29 11:58:22.529  2018  2262 W NetworkScheduler: Immediate task was not started com.google.android.gms/.tapandpay.gcmtask.TapAndPayGcmTaskService{u=0 tag="immediate" trigger=window{start=0s,end=1s,earliest=0s,latest=0s} requirements=[NET_CONNECTED] attributes=[] scheduled=0s last_run=N/A jid=N/A status=PENDING retries=0 client_lib=MANCHEGO_GCM-12221000}. Immediate task rescheduling drains the battery.
04-29 11:58:22.549  2352  2552 I IcingInternalCorpora: EventIndexer: starting incremental update
04-29 11:58:22.550  2352  2552 I IcingInternalCorpora: EventIndexer: 0 added, 0 removed, 0 changed, 0 unchanged, 0 errors.
04-29 11:58:22.550  2352  2552 I IcingInternalCorpora: EventIndexer: finished after 1 ms.
04-29 11:58:22.553  2640  2739 D         : HostConnection::get() New Host Connection established 0xad23f600, tid 2739
04-29 11:58:22.562  2640  2739 D EGL_emulation: eglCreateContext: 0xaa494520: maj 2 min 0 rcv 2
04-29 11:58:22.580  2640  2739 D EGL_emulation: eglMakeCurrent: 0xaa494520: ver 2 0 (tinfo 0xaa0aef50)
04-29 11:58:22.611  2018  2844 I VacuumService: Vacuum at: now=1525003102610 tag=VacuumService
04-29 11:58:22.639  2640  2739 D EGL_emulation: eglCreateContext: 0xaa4944c0: maj 2 min 0 rcv 2
04-29 11:58:22.644  2640  2739 D EGL_emulation: eglMakeCurrent: 0xaa4944c0: ver 2 0 (tinfo 0xaa0aef50)
04-29 11:58:22.647  2018  2684 E NetworkScheduler: ignoring stale queue check message
04-29 11:58:22.669  2352  2553 I Icing   : Internal init done: storage state 0
04-29 11:58:22.675  2352  2553 I Icing   : Post-init done
04-29 11:58:22.675  2352  2553 I Icing   : Performing maintenance.
04-29 11:58:22.676  2739  2739 W Binder_3: type=1400 audit(0.0:23): avc: denied { read } for name="/" dev="tmpfs" ino=3073 scontext=u:r:untrusted_app:s0:c512,c768 tcontext=u:object_r:device:s0 tclass=dir permissive=0
04-29 11:58:22.699  2352  2553 I Icing   : updateResources: need to parse vms{com.google.android.gms}
04-29 11:58:22.706  2352  2636 I CheckinUtil: Classify the device as Phone.
04-29 11:58:22.717  2352  2636 I ProcessCheckinRequest: Setting cookie as: NID=129=iKyiVGdN0cSrf9tWsgKiN72d1rl-lkkYZjeNoyk--gArVaETRsuLUtcgDgt1PIBri7wcUE9_ytU8i_nV_A0eAsqRy7V5mqx6YxIbGN0P2yXd_Vktr8HdIkTAWuFpEHz1
04-29 11:58:22.746  2352  2553 W Icing   : isOptedInForAppHistory: empty Account Name encountered
04-29 11:58:22.747  2352  2553 I Icing   : Performing maintenance usage 1900037 budget 937656066 free 99.797% index free 99.989% purge? false target 656359246
04-29 11:58:22.754  2352  2636 W Conscrypt: Could not set socket write timeout: java.lang.reflect.InvocationTargetException
04-29 11:58:22.754  2352  2636 W Conscrypt: 	at java.lang.reflect.Method.invoke(Native Method)
04-29 11:58:22.754  2352  2636 W Conscrypt: 	at com.google.android.gms.org.conscrypt.Platform.setSocketWriteTimeout(com.google.android.gms@12221470@12.2.21 (470-188803320):13)
04-29 11:58:22.754  2352  2636 W Conscrypt: Caused by: android.system.ErrnoException: setsockopt failed: EBADF (Bad file descriptor)
04-29 11:58:22.754  2352  2636 W Conscrypt: 	at libcore.io.Posix.setsockoptTimeval(Native Method)
04-29 11:58:22.754  2352  2636 W Conscrypt: 	at libcore.io.ForwardingOs.setsockoptTimeval(ForwardingOs.java:156)
04-29 11:58:22.775  2352  2553 I Icing   : Skipping storage state: opt-out
04-29 11:58:22.779  2352  2636 W Conscrypt: Could not set socket write timeout: java.lang.reflect.InvocationTargetException
04-29 11:58:22.779  2352  2636 W Conscrypt: 	at java.lang.reflect.Method.invoke(Native Method)
04-29 11:58:22.779  2352  2636 W Conscrypt: 	at com.google.android.gms.org.conscrypt.Platform.setSocketWriteTimeout(com.google.android.gms@12221470@12.2.21 (470-188803320):13)
04-29 11:58:22.779  2352  2636 W Conscrypt: Caused by: android.system.ErrnoException: setsockopt failed: EBADF (Bad file descriptor)
04-29 11:58:22.779  2352  2636 W Conscrypt: 	at libcore.io.Posix.setsockoptTimeval(Native Method)
04-29 11:58:22.779  2352  2636 W Conscrypt: 	at libcore.io.ForwardingOs.setsockoptTimeval(ForwardingOs.java:156)
04-29 11:58:23.003  2352  2636 I ProcessCheckinRequest: updateCheckinIdTokenFileFromResponse, Reading existing AID
04-29 11:58:23.003  2352  2636 I CheckinRequestBuilder: Checkin reason type: 1 attempt count: 2
04-29 11:58:23.004  1603  1728 I AccountManagerService: getTypesVisibleToCaller: isPermitted? true
04-29 11:58:23.004  1603  1995 I AccountManagerService: getTypesVisibleToCaller: isPermitted? true
04-29 11:58:23.022  2352  2636 I CheckinUtil: Classify the device as Phone.
04-29 11:58:23.034  2352  2636 E ProcessCheckinRequest: CheckinNowTaskTag : Checkin Succeeded: https://android.clients.google.com/checkin (request #1): 
04-29 11:58:23.063  1603  2065 I AccountManagerService: getTypesVisibleToCaller: isPermitted? true
04-29 11:58:23.127  1603  2206 I AccountManagerService: getTypesVisibleToCaller: isPermitted? true
04-29 11:58:23.276  2652  2652 W Binder_1: type=1400 audit(0.0:24): avc: denied { read } for name="/" dev="tmpfs" ino=3073 scontext=u:r:untrusted_app:s0:c512,c768 tcontext=u:object_r:device:s0 tclass=dir permissive=0
04-29 11:58:23.289  2640  2652 D         : HostConnection::get() New Host Connection established 0xae4b8600, tid 2652
04-29 11:58:23.299  2640  2652 D EGL_emulation: eglCreateContext: 0xae493300: maj 2 min 0 rcv 2
04-29 11:58:23.319  2640  2652 D EGL_emulation: eglMakeCurrent: 0xae493300: ver 2 0 (tinfo 0xae492a60)
04-29 11:58:23.350  2640  2652 D EGL_emulation: eglCreateContext: 0xae493d20: maj 2 min 0 rcv 2
04-29 11:58:23.354  2640  2652 D EGL_emulation: eglMakeCurrent: 0xae493d20: ver 2 0 (tinfo 0xae492a60)
04-29 11:58:23.376  2652  2652 W Binder_1: type=1400 audit(0.0:25): avc: denied { search } for name="1332" dev="proc" ino=3467 scontext=u:r:untrusted_app:s0:c512,c768 tcontext=u:r:zygote:s0 tclass=dir permissive=0
04-29 11:58:23.477  2352  2623 W Conscrypt: Could not set socket write timeout: java.lang.reflect.InvocationTargetException
04-29 11:58:23.478  2352  2623 W Conscrypt: 	at java.lang.reflect.Method.invoke(Native Method)
04-29 11:58:23.478  2352  2623 W Conscrypt: 	at com.google.android.gms.org.conscrypt.Platform.setSocketWriteTimeout(com.google.android.gms@12221470@12.2.21 (470-188803320):13)
04-29 11:58:23.478  2352  2623 W Conscrypt: Caused by: android.system.ErrnoException: setsockopt failed: EBADF (Bad file descriptor)
04-29 11:58:23.478  2352  2623 W Conscrypt: 	at libcore.io.Posix.setsockoptTimeval(Native Method)
04-29 11:58:23.478  2352  2623 W Conscrypt: 	at libcore.io.ForwardingOs.setsockoptTimeval(ForwardingOs.java:156)
04-29 11:58:23.574  2352  2623 W Conscrypt: Could not set socket write timeout: java.lang.reflect.InvocationTargetException
04-29 11:58:23.575  2352  2623 W Conscrypt: 	at java.lang.reflect.Method.invoke(Native Method)
04-29 11:58:23.575  2352  2623 W Conscrypt: 	at com.google.android.gms.org.conscrypt.Platform.setSocketWriteTimeout(com.google.android.gms@12221470@12.2.21 (470-188803320):13)
04-29 11:58:23.575  2352  2623 W Conscrypt: Caused by: android.system.ErrnoException: setsockopt failed: EBADF (Bad file descriptor)
04-29 11:58:23.575  2352  2623 W Conscrypt: 	at libcore.io.Posix.setsockoptTimeval(Native Method)
04-29 11:58:23.575  2352  2623 W Conscrypt: 	at libcore.io.ForwardingOs.setsockoptTimeval(ForwardingOs.java:156)
04-29 11:58:24.101  2575  2611 I GAV2    : Thread[GAThread,5,main]: No campaign data found.
04-29 11:58:24.392  1603  1652 D ConnectivityService: handlePromptUnvalidated 100
04-29 11:58:26.276  1603  1728 I ActivityManager: Killing 2373:com.android.settings/1000 (adj 15): empty #17
04-29 11:58:26.337  2018  2018 I WearableService: Wearable Services stopping
04-29 11:58:27.024  2868  2868 D AndroidRuntime: >>>>>> START com.android.internal.os.RuntimeInit uid 0 <<<<<<
04-29 11:58:27.025  2868  2868 D AndroidRuntime: CheckJNI is ON
04-29 11:58:27.036  2868  2868 D ICU     : No timezone override file found: /data/misc/zoneinfo/current/icu/icu_tzdata.dat
04-29 11:58:27.051  2868  2868 E memtrack: Couldn't load memtrack module (No such file or directory)
04-29 11:58:27.051  2868  2868 E android.os.Debug: failed to load memtrack module: -2
04-29 11:58:27.052  2868  2868 I Radio-JNI: register_android_hardware_Radio DONE
04-29 11:58:27.059  2868  2868 D AndroidRuntime: Calling main entry com.android.commands.monkey.Monkey
04-29 11:58:27.072  1603  1617 W BroadcastQueue: Skipping deliver [background] BroadcastRecord{8071047 u-1 android.net.conn.CONNECTIVITY_CHANGE} to ReceiverList{fe1c074 2868 (unknown name)/0/u-1 remote:89bb861}: process crashing
04-29 11:58:27.078  1603  2065 I ActivityManager: START u0 {act=android.intent.action.MAIN cat=[android.intent.category.LAUNCHER] flg=0x10200000 cmp=io.selendroid.testapp/.HomeScreenActivity} from uid 0 on display 0
04-29 11:58:27.093  2877  2877 I art     : Not late-enabling -Xcheck:jni (already on)
04-29 11:58:27.098  1603  1728 I ActivityManager: Start proc 2877:io.selendroid.testapp/u0a64 for activity io.selendroid.testapp/.HomeScreenActivity
04-29 11:58:27.115  2868  2868 I art     : System.exit called, status: 0
04-29 11:58:27.115  2868  2868 I AndroidRuntime: VM exiting with result code 0.
04-29 11:58:27.125  1235  1673 D gralloc_ranchu: gralloc_alloc: Creating ashmem region of size 7753728
04-29 11:58:27.131  2877  2877 W System  : ClassLoader referenced unknown path: /data/app/io.selendroid.testapp-1/lib/x86
04-29 11:58:27.142  2877  2877 I Selendroid-demoapp: onCreate
04-29 11:58:27.225  1705  1705 V PhoneStatusBar: setLightsOn(true)
04-29 11:58:27.243  1705  2192 D EGL_emulation: eglMakeCurrent: 0xaaac31a0: ver 2 0 (tinfo 0xaa499e70)
04-29 11:58:27.250  1705  1705 V PhoneStatusBar: setLightsOn(true)
04-29 11:58:27.262  1235  1321 D gralloc_ranchu: gralloc_alloc: Creating ashmem region of size 7753728
04-29 11:58:27.337  1705  2192 D EGL_emulation: eglMakeCurrent: 0xaaac31a0: ver 2 0 (tinfo 0xaa499e70)
04-29 11:58:27.360  1961  2135 D EGL_emulation: eglMakeCurrent: 0xae4935a0: ver 2 0 (tinfo 0xae4926b0)
04-29 11:58:27.361  1961  2135 E Surface : getSlotFromBufferLocked: unknown buffer: 0xaab098c0
04-29 11:58:27.363  2877  2877 D         : HostConnection::get() New Host Connection established 0xaaaf2740, tid 2877
04-29 11:58:27.368  1705  2192 D EGL_emulation: eglMakeCurrent: 0xaaac31a0: ver 2 0 (tinfo 0xaa499e70)
04-29 11:58:27.446  1705  2192 D EGL_emulation: eglMakeCurrent: 0xaaac31a0: ver 2 0 (tinfo 0xaa499e70)
04-29 11:58:27.455  1705  2192 D EGL_emulation: eglMakeCurrent: 0xaaac31a0: ver 2 0 (tinfo 0xaa499e70)
04-29 11:58:27.541  1705  2192 D EGL_emulation: eglMakeCurrent: 0xaaac31a0: ver 2 0 (tinfo 0xaa499e70)
04-29 11:58:27.554  1705  2192 D EGL_emulation: eglMakeCurrent: 0xaaac31a0: ver 2 0 (tinfo 0xaa499e70)
04-29 11:58:27.568  1705  2192 D EGL_emulation: eglMakeCurrent: 0xaaac31a0: ver 2 0 (tinfo 0xaa499e70)
04-29 11:58:27.607  1603  1622 I ActivityManager: Displayed io.selendroid.testapp/.HomeScreenActivity: +520ms
04-29 11:58:27.996  1235  1673 D gralloc_ranchu: gralloc_alloc: Creating ashmem region of size 7753728
04-29 11:58:28.616  1603  2132 I ActivityManager: Killing 2478:com.android.keychain/1000 (adj 15): empty #17
04-29 11:58:30.019  2896  2896 D AndroidRuntime: >>>>>> START com.android.internal.os.RuntimeInit uid 0 <<<<<<
04-29 11:58:30.020  2896  2896 D AndroidRuntime: CheckJNI is ON
04-29 11:58:30.029  2896  2896 D ICU     : No timezone override file found: /data/misc/zoneinfo/current/icu/icu_tzdata.dat
04-29 11:58:30.047  2896  2896 E memtrack: Couldn't load memtrack module (No such file or directory)
04-29 11:58:30.047  2896  2896 E android.os.Debug: failed to load memtrack module: -2
04-29 11:58:30.047  2896  2896 I Radio-JNI: register_android_hardware_Radio DONE
04-29 11:58:30.054  2896  2896 D AndroidRuntime: Calling main entry com.android.commands.monkey.Monkey
04-29 11:58:30.069  1603  1617 W BroadcastQueue: Skipping deliver [background] BroadcastRecord{167684b u-1 android.net.conn.CONNECTIVITY_CHANGE} to ReceiverList{fd07228 2896 (unknown name)/0/u-1 remote:30a7c5}: process crashing
04-29 11:58:30.075  1603  1728 I ActivityManager: START u0 {act=android.intent.action.MAIN cat=[android.intent.category.LAUNCHER] flg=0x10200000 cmp=io.selendroid.testapp/.HomeScreenActivity} from uid 0 on display 0
04-29 11:58:30.097  2877  2877 W ViewRootImpl: Dropping event due to no window focus: KeyEvent { action=ACTION_DOWN, keyCode=KEYCODE_DPAD_LEFT, scanCode=0, metaState=0, flags=0x8, repeatCount=0, eventTime=25598, downTime=25598, deviceId=-1, source=0x101 }
04-29 11:58:30.098  1603  1657 W AudioTrack: AUDIO_OUTPUT_FLAG_FAST denied by client; transfer 4, track 48000 Hz, output 44100 Hz
04-29 11:58:30.099  2877  2877 W ViewRootImpl: Cancelling event due to no window focus: KeyEvent { action=ACTION_UP, keyCode=KEYCODE_DPAD_LEFT, scanCode=0, metaState=0, flags=0x28, repeatCount=0, eventTime=25606, downTime=25606, deviceId=-1, source=0x101 }
04-29 11:58:30.100  2877  2877 W ViewRootImpl: Cancelling event due to no window focus: KeyEvent { action=ACTION_UP, keyCode=KEYCODE_DPAD_LEFT, scanCode=0, metaState=0, flags=0x28, repeatCount=0, eventTime=25606, downTime=25606, deviceId=-1, source=0x101 }
04-29 11:58:30.100  2877  2877 W ViewRootImpl: Cancelling event due to no window focus: KeyEvent { action=ACTION_UP, keyCode=KEYCODE_DPAD_LEFT, scanCode=0, metaState=0, flags=0x28, repeatCount=0, eventTime=25606, downTime=25606, deviceId=-1, source=0x101 }
04-29 11:58:30.100  2877  2877 W ViewRootImpl: Cancelling event due to no window focus: KeyEvent { action=ACTION_UP, keyCode=KEYCODE_DPAD_LEFT, scanCode=0, metaState=0, flags=0x28, repeatCount=0, eventTime=25606, downTime=25606, deviceId=-1, source=0x101 }
04-29 11:58:30.100  2877  2877 W ViewRootImpl: Cancelling event due to no window focus: KeyEvent { action=ACTION_UP, keyCode=KEYCODE_DPAD_LEFT, scanCode=0, metaState=0, flags=0x28, repeatCount=0, eventTime=25606, downTime=25606, deviceId=-1, source=0x101 }
04-29 11:58:30.100  2877  2877 W ViewRootImpl: Cancelling event due to no window focus: KeyEvent { action=ACTION_UP, keyCode=KEYCODE_DPAD_LEFT, scanCode=0, metaState=0, flags=0x28, repeatCount=0, eventTime=25606, downTime=25606, deviceId=-1, source=0x101 }
04-29 11:58:30.100  2877  2877 W ViewRootImpl: Cancelling event due to no window focus: KeyEvent { action=ACTION_UP, keyCode=KEYCODE_DPAD_LEFT, scanCode=0, metaState=0, flags=0x28, repeatCount=0, eventTime=25606, downTime=25606, deviceId=-1, source=0x101 }
04-29 11:58:30.100  2877  2877 W ViewRootImpl: Cancelling event due to no window focus: KeyEvent { action=ACTION_UP, keyCode=KEYCODE_DPAD_LEFT, scanCode=0, metaState=0, flags=0x28, repeatCount=0, eventTime=25606, downTime=25606, deviceId=-1, source=0x101 }
04-29 11:58:30.100  2877  2877 W ViewRootImpl: Cancelling event due to no window focus: KeyEvent { action=ACTION_UP, keyCode=KEYCODE_DPAD_LEFT, scanCode=0, metaState=0, flags=0x28, repeatCount=0, eventTime=25606, downTime=25606, deviceId=-1, source=0x101 }
04-29 11:58:30.100  2877  2877 W ViewRootImpl: Dropping event due to no window focus: KeyEvent { action=ACTION_DOWN, keyCode=KEYCODE_DPAD_LEFT, scanCode=0, metaState=0, flags=0x8, repeatCount=0, eventTime=25608, downTime=25608, deviceId=-1, source=0x101 }
04-29 11:58:30.101  2877  2877 W ViewRootImpl: Cancelling event due to no window focus: KeyEvent { action=ACTION_UP, keyCode=KEYCODE_DPAD_LEFT, scanCode=0, metaState=0, flags=0x28, repeatCount=0, eventTime=25611, downTime=25611, deviceId=-1, source=0x101 }
04-29 11:58:30.101  2877  2877 W ViewRootImpl: Cancelling event due to no window focus: KeyEvent { action=ACTION_UP, keyCode=KEYCODE_DPAD_LEFT, scanCode=0, metaState=0, flags=0x28, repeatCount=0, eventTime=25611, downTime=25611, deviceId=-1, source=0x101 }
04-29 11:58:30.101  2877  2877 W ViewRootImpl: Cancelling event due to no window focus: KeyEvent { action=ACTION_UP, keyCode=KEYCODE_DPAD_LEFT, scanCode=0, metaState=0, flags=0x28, repeatCount=0, eventTime=25611, downTime=25611, deviceId=-1, source=0x101 }
04-29 11:58:30.101  2877  2877 W ViewRootImpl: Cancelling event due to no window focus: KeyEvent { action=ACTION_UP, keyCode=KEYCODE_DPAD_LEFT, scanCode=0, metaState=0, flags=0x28, repeatCount=0, eventTime=25611, downTime=25611, deviceId=-1, source=0x101 }
04-29 11:58:30.101  2877  2877 W ViewRootImpl: Cancelling event due to no window focus: KeyEvent { action=ACTION_UP, keyCode=KEYCODE_DPAD_LEFT, scanCode=0, metaState=0, flags=0x28, repeatCount=0, eventTime=25611, downTime=25611, deviceId=-1, source=0x101 }
04-29 11:58:30.101  2877  2877 W ViewRootImpl: Cancelling event due to no window focus: KeyEvent { action=ACTION_UP, keyCode=KEYCODE_DPAD_LEFT, scanCode=0, metaState=0, flags=0x28, repeatCount=0, eventTime=25611, downTime=25611, deviceId=-1, source=0x101 }
04-29 11:58:30.101  2877  2877 W ViewRootImpl: Cancelling event due to no window focus: KeyEvent { action=ACTION_UP, keyCode=KEYCODE_DPAD_LEFT, scanCode=0, metaState=0, flags=0x28, repeatCount=0, eventTime=25611, downTime=25611, deviceId=-1, source=0x101 }
04-29 11:58:30.101  2877  2877 W ViewRootImpl: Cancelling event due to no window focus: KeyEvent { action=ACTION_UP, keyCode=KEYCODE_DPAD_LEFT, scanCode=0, metaState=0, flags=0x28, repeatCount=0, eventTime=25611, downTime=25611, deviceId=-1, source=0x101 }
04-29 11:58:30.101  2877  2877 W ViewRootImpl: Cancelling event due to no window focus: KeyEvent { action=ACTION_UP, keyCode=KEYCODE_DPAD_LEFT, scanCode=0, metaState=0, flags=0x28, repeatCount=0, eventTime=25611, downTime=25611, deviceId=-1, source=0x101 }
04-29 11:58:30.106  2877  2877 W ViewRootImpl: Dropping event due to no window focus: KeyEvent { action=ACTION_DOWN, keyCode=KEYCODE_DPAD_CENTER, scanCode=0, metaState=0, flags=0x8, repeatCount=0, eventTime=25615, downTime=25615, deviceId=-1, source=0x101 }
04-29 11:58:30.123  2896  2896 I art     : System.exit called, status: 0
04-29 11:58:30.123  2896  2896 I AndroidRuntime: VM exiting with result code 0.
04-29 11:58:30.172  1235  1279 D gralloc_ranchu: gralloc_alloc: Creating ashmem region of size 2392064
04-29 11:58:30.351  1235  1673 D gralloc_ranchu: gralloc_alloc: Creating ashmem region of size 7753728
04-29 11:58:30.667  1603  1640 I InputReader: Reconfiguring input devices.  changes=0x00000010
04-29 11:58:30.733  2073  2915 I UpdateIcingCorporaServi: Updating corpora: APPS=com.google.android.gms, CONTACTS=MAYBE
04-29 11:58:30.748  2352  2688 I Icing   : IndexChimeraService.getServiceInterface callingPackage=com.google.android.gms componentName=AppsCorpus serviceId=36
04-29 11:58:30.748  2352  2636 I Icing   : IndexChimeraService.getServiceInterface callingPackage=com.google.android.gms componentName=AppsCorpus serviceId=32
04-29 11:58:30.768  2352  2802 I Icing   : updateResources: need to parse vms{com.google.android.gms}
04-29 11:58:30.777  2073  2915 I UpdateIcingCorporaServi: UpdateCorporaTask done [took 43 ms] updated apps [took 42 ms] 
04-29 11:58:30.792  2018  2018 I GCoreNlp: shouldConfirmNlp, NLP off. Ensuring opt-in disabled
04-29 11:58:30.821  2018  2018 I GeofencerStateMachine: sendQueryLocationOptIn
04-29 11:58:30.906  2352  2802 I Icing   : Usage reports ok 1, Failed Usage reports 0, indexed 0, rejected 0, imm upload false
04-29 11:58:30.915  2352  2802 I Icing   : Usage reports ok 0, Failed Usage reports 0, indexed 0, rejected 0, imm upload false
04-29 11:58:31.920  2352  2553 I Icing   : Indexing C444F28DEDEC125EE6EB7699C0AD53FDD160C94D from com.google.android.gms
04-29 11:58:31.925  2352  2553 I Icing   : Indexing done C444F28DEDEC125EE6EB7699C0AD53FDD160C94D
04-29 11:58:33.243  1328  1665 W audio_hw_generic: Not supplying enough data to HAL, expected position 273167 , only wrote 137488
04-29 11:58:33.590  1603  1617 I ActivityManager: Waited long enough for: ServiceRecord{5681629 u0 com.google.android.calendar/com.android.calendar.alerts.InitAlarmsService}
04-29 11:58:34.667  1603  2205 D AlarmManagerService: Kernel timezone updated to 0 minutes west of GMT
04-29 11:58:34.672  1603  2132 D AlarmManagerService: Setting time of day to sec=1525003115
04-29 11:58:35.007  1603  2132 W AlarmManagerService: Unable to set rtc to 1525003115: No such device
04-29 11:58:36.290  1603  2040 I AccountManagerService: getTypesVisibleToCaller: isPermitted? true
04-29 11:58:36.825  2352  2908 I Authzen : [DeviceStateSyncManager] The server is in sync with current state. Nothing to do
04-29 11:58:38.381  2352  2508 I CheckinCompat: Done disabling old GoogleServicesFramework version
