04-29 11:58:10.399  1603  1603 W PackageManager: Permission com.google.android.gm.permission.READ_CONTENT_PROVIDER from package com.google.android.gm in an unknown group android.permission-group.MESSAGES
04-29 11:58:10.460  1603  1603 D PackageManager: No files in app dir /system/vendor/app
04-29 11:58:10.460  1603  1603 D PackageManager: No files in app dir /oem/app
04-29 11:58:10.480  1603  1603 W PackageParser: No actions in intent filter at /data/app/ApiDemos/ApiDemos.apk Binary XML file line #3082
04-29 11:58:10.480  1603  1603 W PackageParser: No actions in intent filter at /data/app/ApiDemos/ApiDemos.apk Binary XML file line #3088
04-29 11:58:10.481  1603  1603 W PackageManager: Package com.example.android.apis desires unavailable shared library com.example.will.never.exist; ignoring!
04-29 11:58:10.483  1603  1603 I SELinux : SELinux: Loaded file_contexts contexts from /file_contexts.
04-29 11:58:10.528  1603  1603 D PackageManager: No files in app dir /data/app-private
04-29 11:58:10.529  1603  1603 W PackageManager: Package com.google.android.gms desires unavailable shared library com.google.android.ble; ignoring!
04-29 11:58:10.529  1603  1603 W PackageManager: Package com.google.android.gms desires unavailable shared library com.google.android.wearable; ignoring!
04-29 11:58:10.529  1603  1603 W PackageManager: Package com.example.android.apis desires unavailable shared library com.example.will.never.exist; ignoring!
04-29 11:58:10.529  1603  1603 I PackageManager: Adjusting ABI for : com.google.android.gsf.login to x86
04-29 11:58:10.529  1603  1603 I PackageManager: Adjusting ABI for : com.google.android.gsf to x86
04-29 11:58:10.529  1603  1603 I PackageManager: Adjusting ABI for : com.android.settings to x86
04-29 11:58:10.530  1603  1603 I PackageManager: Adjusting ABI for : com.android.location.fused to x86
04-29 11:58:10.530  1603  1603 I PackageManager: Adjusting ABI for : com.android.keychain to x86
04-29 11:58:10.530  1603  1603 I PackageManager: Adjusting ABI for : com.android.server.telecom to x86
04-29 11:58:10.531  1603  1603 I PackageManager: Adjusting ABI for : com.android.inputdevices to x86
04-29 11:58:10.531  1603  1603 I PackageManager: Adjusting ABI for : com.android.providers.settings to x86
04-29 11:58:10.531  1603  1603 I PackageManager: Time to scan packages: 0.999 seconds
04-29 11:58:10.532  1603  1603 W PackageManager: Unknown permission com.google.android.voicesearch.SHORTCUTS_ACCESS in package com.google.android.googlequicksearchbox
04-29 11:58:10.532  1603  1603 W PackageManager: Unknown permission com.google.android.voicesearch.ACCESS_SETTINGS in package com.google.android.googlequicksearchbox
04-29 11:58:10.532  1603  1603 W PackageManager: Unknown permission com.google.android.ears.permission.WRITE in package com.google.android.googlequicksearchbox
04-29 11:58:10.532  1603  1603 W PackageManager: Unknown permission com.google.android.apps.googlevoice.permission.AUTO_SEND in package com.google.android.googlequicksearchbox
04-29 11:58:10.532  1603  1603 W PackageManager: Unknown permission com.google.android.hangouts.START_HANGOUT in package com.google.android.googlequicksearchbox
04-29 11:58:10.532  1603  1603 W PackageManager: Unknown permission com.android.chrome.PRERENDER_URL in package com.google.android.googlequicksearchbox
04-29 11:58:10.532  1603  1603 W PackageManager: Unknown permission com.google.android.launcher.permission.CONTENT_REDIRECT in package com.google.android.googlequicksearchbox
04-29 11:58:10.532  1603  1603 W PackageManager: Not granting permission com.google.android.googleapps.permission.GOOGLE_AUTH to package com.android.providers.calendar (protectionLevel=2 flags=0x30083e45)
04-29 11:58:10.532  1603  1603 W PackageManager: Not granting permission com.google.android.googleapps.permission.GOOGLE_AUTH.cl to package com.android.providers.calendar (protectionLevel=2 flags=0x30083e45)
04-29 11:58:10.532  1603  1603 W PackageManager: Not granting permission android.permission.ACCESS_DOWNLOAD_MANAGER to package com.android.browser (protectionLevel=18 flags=0x3809be45)
04-29 11:58:10.532  1603  1603 W PackageManager: Not granting permission android.permission.SEND_DOWNLOAD_COMPLETED_INTENTS to package com.android.browser (protectionLevel=2 flags=0x3809be45)
04-29 11:58:10.532  1603  1603 W PackageManager: Unknown permission com.android.launcher.permission.READ_SETTINGS in package com.android.launcher3
04-29 11:58:10.533  1603  1603 W PackageManager: Unknown permission com.android.launcher.permission.WRITE_SETTINGS in package com.android.launcher3
04-29 11:58:10.533  1603  1603 W PackageManager: Unknown permission com.google.android.email.permission.ACCESS_PROVIDER in package com.google.android.gm
04-29 11:58:10.533  1603  1603 W PackageManager: Not granting permission android.permission.INTERACT_ACROSS_USERS to package com.google.android.syncadapters.contacts (protectionLevel=50 flags=0x38083e45)
04-29 11:58:10.533  1603  1603 W PackageManager: Unknown permission android.permission.MANAGE_SOUND_TRIGGER in package com.google.android.gms
04-29 11:58:10.533  1603  1603 W PackageManager: Unknown permission android.permission.DISPATCH_PROVISIONING_MESSAGE in package com.google.android.gms
04-29 11:58:10.533  1603  1603 W PackageManager: Unknown permission android.permission.RECOVER_KEYSTORE in package com.google.android.gms
04-29 11:58:10.533  1603  1603 W PackageManager: Unknown permission android.permission.PRE_FACTORY_RESET in package com.google.android.gms
04-29 11:58:10.533  1603  1603 W PackageManager: Unknown permission com.google.android.apps.enterprise.dmagent.permission.AutoSyncPermission in package com.google.android.gms
04-29 11:58:10.533  1603  1603 W PackageManager: Unknown permission android.permission.CONNECTIVITY_USE_RESTRICTED_NETWORKS in package com.google.android.gms
04-29 11:58:10.533  1603  1603 W PackageManager: Unknown permission android.permission.SEND_SMS_NO_CONFIRMATION in package com.google.android.gms
04-29 11:58:10.533  1603  1603 W PackageManager: Unknown permission com.google.android.wearable.WRITE_SETTINGS in package com.google.android.gms
04-29 11:58:10.533  1603  1603 W PackageManager: Not granting permission android.permission.BIND_NOTIFICATION_LISTENER_SERVICE to package com.google.android.gms (protectionLevel=2 flags=0xb8483e45)
04-29 11:58:10.533  1603  1603 W PackageManager: Unknown permission com.google.android.finsky.permission.INSTANT_APP_STATE in package com.google.android.gms
04-29 11:58:10.533  1603  1603 W PackageManager: Unknown permission android.permission.TETHER_PRIVILEGED in package com.google.android.gms
04-29 11:58:10.533  1603  1603 W PackageManager: Unknown permission com.google.android.hangouts.START_HANGOUT in package com.google.android.gms
04-29 11:58:10.533  1603  1603 W PackageManager: Unknown permission android.permission.READ_OEM_UNLOCK_STATE in package com.google.android.gms
04-29 11:58:10.533  1603  1603 W PackageManager: Unknown permission com.google.android.finsky.permission.GEARHEAD_SERVICE in package com.google.android.gms
04-29 11:58:10.533  1603  1603 W PackageManager: Unknown permission com.google.android.permission.ACCESSIBILITY_SCAN_SERVICE in package com.google.android.gms
04-29 11:58:10.533  1603  1603 W PackageManager: Unknown permission android.permission.ACTIVITY_EMBEDDING in package com.google.android.gms
04-29 11:58:10.533  1603  1603 W PackageManager: Unknown permission android.permission.PROVIDE_RESOLVER_RANKER_SERVICE in package com.google.android.gms
04-29 11:58:10.533  1603  1603 W PackageManager: Unknown permission com.google.android.wearable.READ_SETTINGS in package com.google.android.gms
04-29 11:58:10.533  1603  1603 W PackageManager: Unknown permission android.permission.SUBSTITUTE_NOTIFICATION_APP_NAME in package com.google.android.gms
04-29 11:58:10.533  1603  1603 W PackageManager: Unknown permission android.permission.MANAGE_SUBSCRIPTION_PLANS in package com.google.android.gms
04-29 11:58:10.533  1603  1603 W PackageManager: Unknown permission com.android.vending.setup.PLAY_SETUP_SERVICE in package com.google.android.gms
04-29 11:58:10.533  1603  1603 W PackageManager: Unknown permission com.google.android.gms.game.notifications.permission.WRITE in package com.google.android.gms
04-29 11:58:10.533  1603  1603 W PackageManager: Unknown permission com.google.android.vending.verifier.ACCESS_VERIFIER in package com.google.android.gms
04-29 11:58:10.534  1603  1603 W PackageManager: Not granting permission android.permission.DELETE_PACKAGES to package com.svox.pico (protectionLevel=18 flags=0x3808be45)
04-29 11:58:10.534  1603  1603 W PackageManager: Not granting permission android.permission.READ_CONTACTS to package com.example.android.apis because it was previously installed without
04-29 11:58:10.534  1603  1603 W PackageManager: Not granting permission android.permission.WRITE_CONTACTS to package com.example.android.apis because it was previously installed without
04-29 11:58:10.534  1603  1603 W PackageManager: Not granting permission android.permission.ACCESS_COARSE_LOCATION to package com.example.android.apis because it was previously installed without
04-29 11:58:10.534  1603  1603 W PackageManager: Not granting permission android.permission.WRITE_EXTERNAL_STORAGE to package com.example.android.apis because it was previously installed without
04-29 11:58:10.534  1603  1603 W PackageManager: Not granting permission android.permission.SEND_SMS to package com.example.android.apis because it was previously installed without
04-29 11:58:10.534  1603  1603 W PackageManager: Not granting permission android.permission.RECEIVE_SMS to package com.example.android.apis because it was previously installed without
04-29 11:58:10.534  1603  1603 W PackageManager: Not granting permission android.permission.RECEIVE_MMS to package com.example.android.apis because it was previously installed without
04-29 11:58:10.534  1603  1603 W PackageManager: Not granting permission android.permission.READ_SMS to package com.example.android.apis because it was previously installed without
04-29 11:58:10.534  1603  1603 W PackageManager: Not granting permission android.permission.READ_PHONE_STATE to package com.example.android.apis because it was previously installed without
04-29 11:58:10.534  1603  1603 W PackageManager: Not granting permission android.permission.RECORD_AUDIO to package com.example.android.apis because it was previously installed without
04-29 11:58:10.534  1603  1603 W PackageManager: Not granting permission android.permission.CAMERA to package com.example.android.apis because it was previously installed without
04-29 11:58:10.534  1603  1603 W PackageManager: Not granting permission android.permission.READ_EXTERNAL_STORAGE to package com.example.android.apis because it was previously installed without
04-29 11:58:10.534  1603  1603 W PackageManager: Unknown permission com.google.android.gallery3d.permission.PICASA_STORE in package com.google.android.apps.photos
04-29 11:58:10.534  1603  1603 W PackageManager: Not granting permission android.permission.CONTROL_KEYGUARD to package com.google.android.gsf.login (protectionLevel=2 flags=0x3048be45)
04-29 11:58:10.534  1603  1603 W PackageManager: Unknown permission com.android.vending.billing.BILLING_ACCOUNT_SERVICE in package com.google.android.gsf.login
04-29 11:58:10.534  1603  1603 W PackageManager: Unknown permission com.android.vending.billing.ADD_CREDIT_CARD in package com.google.android.gsf.login
04-29 11:58:10.534  1603  1603 W PackageManager: Unknown permission com.android.vending.billing.IBillingAccountService.BIND2 in package com.google.android.gsf.login
04-29 11:58:10.534  1603  1603 W PackageManager: Unknown permission com.android.vending.TOS_ACKED in package com.google.android.gsf.login
04-29 11:58:10.534  1603  1603 W PackageManager: Unknown permission com.android.chrome.TOS_ACKED in package com.google.android.gsf.login
04-29 11:58:10.535  1603  1603 W PackageManager: Unknown permission com.android.launcher.permission.READ_SETTINGS in package com.android.settings
04-29 11:58:10.535  1603  1603 W PackageManager: Unknown permission com.android.launcher.permission.WRITE_SETTINGS in package com.android.settings
04-29 11:58:10.535  1603  1603 W PackageManager: Unknown permission com.android.smspush.WAPPUSH_MANAGER_BIND in package com.android.phone
04-29 11:58:10.535  1603  1603 W PackageManager: Unknown permission com.android.email.permission.READ_ATTACHMENT in package com.android.exchange
04-29 11:58:10.535  1603  1603 W PackageManager: Unknown permission com.android.email.permission.ACCESS_PROVIDER in package com.android.exchange
04-29 11:58:10.535  1603  1603 W PackageManager: Not granting permission android.permission.BIND_APPWIDGET to package com.android.widgetpreview (protectionLevel=18 flags=0x1808be44)
04-29 11:58:10.566  1603  1603 I art     : Starting a blocking GC Explicit
04-29 11:58:10.574  1603  1603 I art     : Explicit concurrent mark sweep GC freed 15854(1076KB) AllocSpace objects, 2(40KB) LOS objects, 33% free, 4MB/6MB, paused 364us total 7.587ms
04-29 11:58:10.574  1603  1603 I SystemServer: User Service
04-29 11:58:10.581  1233  1233 I lowmemorykiller: ActivityManager connected
04-29 11:58:10.581  1603  1603 D SensorService: nuSensorService starting...
04-29 11:58:10.583  1603  1603 I SystemServiceManager: Starting com.android.server.BatteryService
04-29 11:58:10.584  1603  1631 D SensorService: new thread SensorEventAckReceiver
04-29 11:58:10.584  1603  1632 D SensorService: nuSensorService thread starting...
04-29 11:58:10.588  1603  1603 I SystemServiceManager: Starting com.android.server.usage.UsageStatsService
04-29 11:58:10.593  1603  1603 I SystemServiceManager: Starting com.android.server.webkit.WebViewUpdateService
04-29 11:58:10.597  1603  1603 I SystemServer: Reading configuration...
04-29 11:58:10.597  1603  1603 I SystemServer: Scheduling Policy
04-29 11:58:10.597  1603  1603 I SystemServiceManager: Starting com.android.server.telecom.TelecomLoaderService
04-29 11:58:10.598  1603  1603 I SystemServer: Telephony Registry
04-29 11:58:10.604  1603  1603 I SystemServer: Entropy Mixer
04-29 11:58:10.605  1603  1603 I EntropyMixer: Writing entropy...
04-29 11:58:10.611  1603  1603 I SystemServer: Camera Service
04-29 11:58:10.611  1603  1603 I SystemServiceManager: Starting com.android.server.camera.CameraService
04-29 11:58:10.615  1603  1633 I ServiceThread: Enabled StrictMode logging for CameraService_proxy looper.
04-29 11:58:10.616  1603  1603 I SystemServer: Account Manager
04-29 11:58:10.620  1603  1603 I SystemServer: Content Manager
04-29 11:58:10.622  1603  1603 I SystemServer: System Content Providers
04-29 11:58:10.624  1603  1603 W System  : ClassLoader referenced unknown path: /system/priv-app/SettingsProvider/lib/x86
04-29 11:58:10.638  1603  1603 I SystemServer: Vibrator Service
04-29 11:58:10.639  1603  1603 I SystemServer: Consumer IR Service
04-29 11:58:10.639  1603  1603 E ConsumerIrService: Can't open consumer IR HW Module, error: -2
04-29 11:58:10.640  1603  1603 I SystemServiceManager: Starting com.android.server.AlarmManagerService
04-29 11:58:10.642  1603  1603 W AlarmManagerService: no wall clock RTC found
04-29 11:58:10.642  1603  1603 D AlarmManagerService: Kernel timezone updated to 0 minutes west of GMT
04-29 11:58:10.644  1603  1603 I SystemServer: Init Watchdog
04-29 11:58:10.644  1603  1603 I SystemServer: Input Manager
04-29 11:58:10.644  1603  1603 I InputManager: Initializing input manager, mUseDevInputEventForAudioJack=false
04-29 11:58:10.647  1603  1603 I SystemServer: Window Manager
04-29 11:58:10.676  1603  1622 I WindowManager: No existing display settings /data/system/display_settings.xml; starting empty
04-29 11:58:10.735  1603  1603 I InputManager: Starting input manager
04-29 11:58:10.736  1603  1603 I SystemServer: No Bluetooh Service (emulator)
04-29 11:58:10.736  1603  1603 I SystemServer: Input Method Service
04-29 11:58:10.737  1603  1640 D EventHub: No input device configuration file found for device 'Power Button'.
04-29 11:58:10.740  1603  1640 W EventHub: Unable to disable kernel key repeat for /dev/input/event0: Function not implemented
04-29 11:58:10.740  1603  1640 I EventHub: New device: id=1, fd=76, path='/dev/input/event0', name='Power Button', classes=0x1, configuration='', keyLayout='/system/usr/keylayout/Generic.kl', keyCharacterMap='/system/usr/keychars/Generic.kcm', builtinKeyboard=false, wakeMechanism=EPOLLWAKEUP, usingClockIoctl=true
04-29 11:58:10.753  1603  1640 W EventHub: Unable to disable kernel key repeat for /dev/input/event1: Function not implemented
04-29 11:58:10.753  1603  1640 I EventHub: New device: id=2, fd=77, path='/dev/input/event1', name='qwerty2', classes=0xb7, configuration='/system/usr/idc/qwerty2.idc', keyLayout='/system/usr/keylayout/qwerty.kl', keyCharacterMap='/system/usr/keychars/qwerty2.kcm', builtinKeyboard=true, wakeMechanism=EPOLLWAKEUP, usingClockIoctl=true
04-29 11:58:10.753  1603  1640 E EventHub: could not get driver version for /dev/input/mice, Not a typewriter
04-29 11:58:10.783  1603  1603 I SystemServer: Accessibility Manager
04-29 11:58:10.790  1603  1603 I ActivityManager: Config changes=1df8 {1.0 ?mcc?mnc en_US ldltr sw411dp w411dp h731dp 420dpi nrml long port ?uimode ?night -touch -keyb/v/h -nav/h s.2}
04-29 11:58:10.791  1603  1640 I InputReader: Device added: id=-1, name='Virtual', sources=0x00000301
04-29 11:58:10.793  1603  1640 I InputReader:   Touch device 'qwerty2' could not query the properties of its associated display.  The device will be inoperable until the display size becomes available.
04-29 11:58:10.793  1603  1640 I InputReader: Device added: id=0, name='qwerty2', sources=0x80001303
04-29 11:58:10.793  1603  1640 I InputReader: Device added: id=1, name='Power Button', sources=0x00000101
04-29 11:58:10.802  1235  1235 E SurfaceFlinger: ro.sf.lcd_density must be defined as a build property
04-29 11:58:10.802  1235  1235 D SurfaceFlinger: Set active config mode=0, type=0 flinger=0xb70e2000
04-29 11:58:10.802  1235  1235 D SurfaceFlinger: Screen type=0 is already mode=0
04-29 11:58:10.805  1603  1640 I InputReader: Reconfiguring input devices.  changes=0x00000004
04-29 11:58:10.805  1603  1640 I InputReader: Device reconfigured: id=0, name='qwerty2', size 1080x1920, orientation 0, mode 1, display id 0
04-29 11:58:10.812  1603  1603 I ActivityManager: Config changes=568 {1.0 ?mcc?mnc en_US ldltr sw411dp w411dp h659dp 420dpi nrml port ?uimode ?night finger -keyb/v/h dpad/v s.3}
04-29 11:58:10.814  1603  1603 I SystemServiceManager: Starting com.android.server.MountService$Lifecycle
04-29 11:58:10.820  1268  1268 W vold    : type=1400 audit(0.0:13): avc: granted { read write } for name="vdd" dev="tmpfs" ino=3104 scontext=u:r:vold:s0 tcontext=u:object_r:block_device:s0 tclass=blk_file
04-29 11:58:10.820  1268  1268 W vold    : type=1400 audit(0.0:14): avc: granted { read write open } for path="/dev/block/vdd" dev="tmpfs" ino=3104 scontext=u:r:vold:s0 tcontext=u:object_r:block_device:s0 tclass=blk_file
04-29 11:58:10.820  1268  1268 W vold    : type=1400 audit(0.0:15): avc: granted { getattr } for path="/dev/block/vdd" dev="tmpfs" ino=3104 scontext=u:r:vold:s0 tcontext=u:object_r:block_device:s0 tclass=blk_file
04-29 11:58:10.821  1603  1603 I SystemServiceManager: Starting com.android.server.UiModeManagerService
04-29 11:58:10.822  1603  1641 D MountService: Thinking about reset, mSystemReady=false, mDaemonConnected=true
04-29 11:58:10.822  1603  1603 I ActivityManager: Config changes=200 {1.0 ?mcc?mnc en_US ldltr sw411dp w411dp h659dp 420dpi nrml port finger -keyb/v/h dpad/v s.4}
04-29 11:58:10.824  1603  1641 D MountService: Thinking about reset, mSystemReady=false, mDaemonConnected=true
04-29 11:58:10.824  1603  1603 I SystemServer: LockSettingsService
04-29 11:58:10.825  1603  1641 D CryptdConnector: SND -> {1 cryptfs getfield SystemLocale}
04-29 11:58:10.825  1221  1268 I Ext4Crypt: ext4 crypto complete called on /data
04-29 11:58:10.825  1221  1268 I Ext4Crypt: No master key, so not ext4enc
04-29 11:58:10.830  1268  1268 W vold    : type=1400 audit(0.0:16): avc: granted { read } for name="vdd" dev="tmpfs" ino=3104 scontext=u:r:vold:s0 tcontext=u:object_r:block_device:s0 tclass=blk_file
04-29 11:58:10.830  1268  1268 W vold    : type=1400 audit(0.0:17): avc: granted { read open } for path="/dev/block/vdd" dev="tmpfs" ino=3104 scontext=u:r:vold:s0 tcontext=u:object_r:block_device:s0 tclass=blk_file
04-29 11:58:10.833  1603  1643 D CryptdConnector: RCV <- {200 1 -1}
04-29 11:58:10.833  1603  1603 I SystemServiceManager: Starting com.android.server.DeviceIdleController
04-29 11:58:10.835  1603  1603 E DeviceIdleController: Bad device idle settings
04-29 11:58:10.835  1603  1603 E DeviceIdleController: java.lang.IllegalArgumentException: 'null' in 'null' is not a valid key-value pair
04-29 11:58:10.835  1603  1603 E DeviceIdleController: 	at android.util.KeyValueListParser.setString(KeyValueListParser.java:57)
04-29 11:58:10.835  1603  1603 E DeviceIdleController: 	at com.android.server.DeviceIdleController$Constants.updateConstants(DeviceIdleController.java:494)
04-29 11:58:10.835  1603  1603 E DeviceIdleController: 	at com.android.server.DeviceIdleController$Constants.<init>(DeviceIdleController.java:483)
04-29 11:58:10.835  1603  1603 E DeviceIdleController: 	at com.android.server.DeviceIdleController.onStart(DeviceIdleController.java:856)
04-29 11:58:10.835  1603  1603 E DeviceIdleController: 	at com.android.server.SystemServiceManager.startService(SystemServiceManager.java:109)
04-29 11:58:10.835  1603  1603 E DeviceIdleController: 	at com.android.server.SystemServer.startOtherServices(SystemServer.java:620)
04-29 11:58:10.835  1603  1603 E DeviceIdleController: 	at com.android.server.SystemServer.run(SystemServer.java:270)
04-29 11:58:10.835  1603  1603 E DeviceIdleController: 	at com.android.server.SystemServer.main(SystemServer.java:168)
04-29 11:58:10.835  1603  1603 E DeviceIdleController: 	at java.lang.reflect.Method.invoke(Native Method)
04-29 11:58:10.835  1603  1603 E DeviceIdleController: 	at com.android.internal.os.ZygoteInit$MethodAndArgsCaller.run(ZygoteInit.java:726)
04-29 11:58:10.835  1603  1603 E DeviceIdleController: 	at com.android.internal.os.ZygoteInit.main(ZygoteInit.java:616)
04-29 11:58:10.835  1603  1616 I UsageStatsService: User[0] Rollover scheduled @ 2018-04-30 00:00:00(1525046400000)
04-29 11:58:10.835  1603  1641 W MountService: No primary storage mounted!
04-29 11:58:10.835  1603  1641 D VoldConnector: SND -> {1 asec list}
04-29 11:58:10.835  1603  1603 I SystemServiceManager: Starting com.android.server.devicepolicy.DevicePolicyManagerService$Lifecycle
04-29 11:58:10.837  1603  1603 I SystemServer: Status Bar
04-29 11:58:10.840  1603  1603 I SystemServer: Clipboard Service
04-29 11:58:10.842  1603  1603 I SystemServer: NetworkManagement Service
04-29 11:58:10.843  1603  1642 D VoldConnector: RCV <- {200 1 asec operation succeeded}
04-29 11:58:10.844  1603  1641 I PackageManager: No secure containers found
04-29 11:58:10.844  1603  1641 W PackageManager: Unknown permission com.google.android.voicesearch.SHORTCUTS_ACCESS in package com.google.android.googlequicksearchbox
04-29 11:58:10.844  1603  1641 W PackageManager: Unknown permission com.google.android.voicesearch.ACCESS_SETTINGS in package com.google.android.googlequicksearchbox
04-29 11:58:10.844  1603  1641 W PackageManager: Unknown permission com.google.android.ears.permission.WRITE in package com.google.android.googlequicksearchbox
04-29 11:58:10.844  1603  1641 W PackageManager: Unknown permission com.google.android.apps.googlevoice.permission.AUTO_SEND in package com.google.android.googlequicksearchbox
04-29 11:58:10.844  1603  1641 W PackageManager: Unknown permission com.google.android.hangouts.START_HANGOUT in package com.google.android.googlequicksearchbox
04-29 11:58:10.844  1603  1641 W PackageManager: Unknown permission com.android.chrome.PRERENDER_URL in package com.google.android.googlequicksearchbox
04-29 11:58:10.844  1603  1641 W PackageManager: Unknown permission com.google.android.launcher.permission.CONTENT_REDIRECT in package com.google.android.googlequicksearchbox
04-29 11:58:10.844  1603  1641 W PackageManager: Not granting permission com.google.android.googleapps.permission.GOOGLE_AUTH to package com.android.providers.calendar (protectionLevel=2 flags=0x30083e45)
04-29 11:58:10.844  1603  1641 W PackageManager: Not granting permission com.google.android.googleapps.permission.GOOGLE_AUTH.cl to package com.android.providers.calendar (protectionLevel=2 flags=0x30083e45)
04-29 11:58:10.845  1603  1641 W PackageManager: Not granting permission android.permission.ACCESS_DOWNLOAD_MANAGER to package com.android.browser (protectionLevel=18 flags=0x3809be45)
04-29 11:58:10.845  1603  1641 W PackageManager: Not granting permission android.permission.SEND_DOWNLOAD_COMPLETED_INTENTS to package com.android.browser (protectionLevel=2 flags=0x3809be45)
04-29 11:58:10.845  1603  1641 W PackageManager: Unknown permission com.android.launcher.permission.READ_SETTINGS in package com.android.launcher3
04-29 11:58:10.845  1603  1641 W PackageManager: Unknown permission com.android.launcher.permission.WRITE_SETTINGS in package com.android.launcher3
04-29 11:58:10.845  1603  1641 W PackageManager: Unknown permission com.google.android.email.permission.ACCESS_PROVIDER in package com.google.android.gm
04-29 11:58:10.846  1603  1641 W PackageManager: Not granting permission android.permission.INTERACT_ACROSS_USERS to package com.google.android.syncadapters.contacts (protectionLevel=50 flags=0x38883e45)
04-29 11:58:10.846  1603  1641 W PackageManager: Unknown permission android.permission.MANAGE_SOUND_TRIGGER in package com.google.android.gms
04-29 11:58:10.846  1603  1641 W PackageManager: Unknown permission android.permission.DISPATCH_PROVISIONING_MESSAGE in package com.google.android.gms
04-29 11:58:10.846  1603  1641 W PackageManager: Unknown permission android.permission.RECOVER_KEYSTORE in package com.google.android.gms
04-29 11:58:10.846  1603  1641 W PackageManager: Unknown permission android.permission.PRE_FACTORY_RESET in package com.google.android.gms
04-29 11:58:10.846  1603  1641 W PackageManager: Unknown permission com.google.android.apps.enterprise.dmagent.permission.AutoSyncPermission in package com.google.android.gms
04-29 11:58:10.846  1603  1641 W PackageManager: Unknown permission android.permission.CONNECTIVITY_USE_RESTRICTED_NETWORKS in package com.google.android.gms
04-29 11:58:10.846  1603  1641 W PackageManager: Unknown permission android.permission.SEND_SMS_NO_CONFIRMATION in package com.google.android.gms
04-29 11:58:10.846  1603  1641 W PackageManager: Unknown permission com.google.android.wearable.WRITE_SETTINGS in package com.google.android.gms
04-29 11:58:10.846  1603  1641 W PackageManager: Not granting permission android.permission.BIND_NOTIFICATION_LISTENER_SERVICE to package com.google.android.gms (protectionLevel=2 flags=0xb8c83e45)
04-29 11:58:10.846  1603  1641 W PackageManager: Unknown permission com.google.android.finsky.permission.INSTANT_APP_STATE in package com.google.android.gms
04-29 11:58:10.846  1603  1641 W PackageManager: Unknown permission android.permission.TETHER_PRIVILEGED in package com.google.android.gms
04-29 11:58:10.846  1603  1641 W PackageManager: Unknown permission com.google.android.hangouts.START_HANGOUT in package com.google.android.gms
04-29 11:58:10.846  1603  1641 W PackageManager: Unknown permission android.permission.READ_OEM_UNLOCK_STATE in package com.google.android.gms
04-29 11:58:10.846  1603  1641 W PackageManager: Unknown permission com.google.android.finsky.permission.GEARHEAD_SERVICE in package com.google.android.gms
04-29 11:58:10.846  1603  1641 W PackageManager: Unknown permission com.google.android.permission.ACCESSIBILITY_SCAN_SERVICE in package com.google.android.gms
04-29 11:58:10.846  1603  1641 W PackageManager: Unknown permission android.permission.ACTIVITY_EMBEDDING in package com.google.android.gms
04-29 11:58:10.847  1603  1641 W PackageManager: Unknown permission android.permission.PROVIDE_RESOLVER_RANKER_SERVICE in package com.google.android.gms
04-29 11:58:10.847  1603  1641 W PackageManager: Unknown permission com.google.android.wearable.READ_SETTINGS in package com.google.android.gms
04-29 11:58:10.847  1603  1641 W PackageManager: Unknown permission android.permission.SUBSTITUTE_NOTIFICATION_APP_NAME in package com.google.android.gms
04-29 11:58:10.847  1603  1641 W PackageManager: Unknown permission android.permission.MANAGE_SUBSCRIPTION_PLANS in package com.google.android.gms
04-29 11:58:10.847  1603  1641 W PackageManager: Unknown permission com.android.vending.setup.PLAY_SETUP_SERVICE in package com.google.android.gms
04-29 11:58:10.847  1603  1641 W PackageManager: Unknown permission com.google.android.gms.game.notifications.permission.WRITE in package com.google.android.gms
04-29 11:58:10.847  1603  1641 W PackageManager: Unknown permission com.google.android.vending.verifier.ACCESS_VERIFIER in package com.google.android.gms
04-29 11:58:10.847  1603  1641 W PackageManager: Not granting permission android.permission.DELETE_PACKAGES to package com.svox.pico (protectionLevel=18 flags=0x3808be45)
04-29 11:58:10.848  1603  1641 W PackageManager: Not granting permission android.permission.READ_CONTACTS to package com.example.android.apis because it was previously installed without
04-29 11:58:10.848  1603  1641 W PackageManager: Not granting permission android.permission.WRITE_CONTACTS to package com.example.android.apis because it was previously installed without
04-29 11:58:10.848  1603  1641 W PackageManager: Not granting permission android.permission.ACCESS_COARSE_LOCATION to package com.example.android.apis because it was previously installed without
04-29 11:58:10.848  1603  1641 W PackageManager: Not granting permission android.permission.WRITE_EXTERNAL_STORAGE to package com.example.android.apis because it was previously installed without
04-29 11:58:10.848  1603  1641 W PackageManager: Not granting permission android.permission.SEND_SMS to package com.example.android.apis because it was previously installed without
04-29 11:58:10.848  1603  1641 W PackageManager: Not granting permission android.permission.RECEIVE_SMS to package com.example.android.apis because it was previously installed without
04-29 11:58:10.848  1603  1641 W PackageManager: Not granting permission android.permission.RECEIVE_MMS to package com.example.android.apis because it was previously installed without
04-29 11:58:10.848  1603  1641 W PackageManager: Not granting permission android.permission.READ_SMS to package com.example.android.apis because it was previously installed without
04-29 11:58:10.848  1603  1641 W PackageManager: Not granting permission android.permission.READ_PHONE_STATE to package com.example.android.apis because it was previously installed without
04-29 11:58:10.848  1603  1641 W PackageManager: Not granting permission android.permission.RECORD_AUDIO to package com.example.android.apis because it was previously installed without
04-29 11:58:10.848  1603  1641 W PackageManager: Not granting permission android.permission.CAMERA to package com.example.android.apis because it was previously installed without
04-29 11:58:10.848  1603  1641 W PackageManager: Not granting permission android.permission.READ_EXTERNAL_STORAGE to package com.example.android.apis because it was previously installed without
04-29 11:58:10.848  1603  1641 W PackageManager: Unknown permission com.google.android.gallery3d.permission.PICASA_STORE in package com.google.android.apps.photos
04-29 11:58:10.849  1603  1641 W PackageManager: Not granting permission android.permission.CONTROL_KEYGUARD to package com.google.android.gsf.login (protectionLevel=2 flags=0x3048be45)
04-29 11:58:10.849  1603  1641 W PackageManager: Unknown permission com.android.vending.billing.BILLING_ACCOUNT_SERVICE in package com.google.android.gsf.login
04-29 11:58:10.849  1603  1641 W PackageManager: Unknown permission com.android.vending.billing.ADD_CREDIT_CARD in package com.google.android.gsf.login
04-29 11:58:10.849  1603  1641 W PackageManager: Unknown permission com.android.vending.billing.IBillingAccountService.BIND2 in package com.google.android.gsf.login
04-29 11:58:10.849  1603  1641 W PackageManager: Unknown permission com.android.vending.TOS_ACKED in package com.google.android.gsf.login
04-29 11:58:10.849  1603  1641 W PackageManager: Unknown permission com.android.chrome.TOS_ACKED in package com.google.android.gsf.login
04-29 11:58:10.849  1603  1641 W PackageManager: Unknown permission com.android.launcher.permission.READ_SETTINGS in package com.android.settings
04-29 11:58:10.849  1603  1641 W PackageManager: Unknown permission com.android.launcher.permission.WRITE_SETTINGS in package com.android.settings
04-29 11:58:10.849  1603  1641 W PackageManager: Unknown permission com.android.smspush.WAPPUSH_MANAGER_BIND in package com.android.phone
04-29 11:58:10.850  1603  1641 W PackageManager: Unknown permission com.android.email.permission.READ_ATTACHMENT in package com.android.exchange
04-29 11:58:10.852  1603  1641 W PackageManager: Unknown permission com.android.email.permission.ACCESS_PROVIDER in package com.android.exchange
04-29 11:58:10.853  1603  1641 W PackageManager: Not granting permission android.permission.BIND_APPWIDGET to package com.android.widgetpreview (protectionLevel=18 flags=0x1808be44)
04-29 11:58:10.884  1603  1641 W MountService: No primary storage defined yet; hacking together a stub
04-29 11:58:10.885  1603  1641 W MountService: No primary storage defined yet; hacking together a stub
04-29 11:58:10.885  1603  1641 W MountService: No primary storage mounted!
04-29 11:58:10.885  1603  1641 D VoldConnector: SND -> {2 asec list}
04-29 11:58:10.886  1603  1603 I SystemServer: Text Service Manager Service
04-29 11:58:10.886  1603  1642 D VoldConnector: RCV <- {200 2 asec operation succeeded}
04-29 11:58:10.889  1603  1603 I SystemServer: Network Score Service
04-29 11:58:10.890  1603  1603 I SystemServer: NetworkStats Service
04-29 11:58:10.898  1603  1603 I SystemServer: NetworkPolicy Service
04-29 11:58:10.912  1603  1603 I SystemServiceManager: Starting com.android.server.wifi.p2p.WifiP2pService
04-29 11:58:10.933  1603  1603 I WifiP2pService: Registering wifip2p
04-29 11:58:10.935  1603  1603 I SystemServiceManager: Starting com.android.server.wifi.WifiService
04-29 11:58:10.995  1603  1603 D HS20    : Passpoint is disabled
04-29 11:58:11.005  1603  1603 D WifiController: isAirplaneModeOn = false, isWifiEnabled = false, isScanningAvailable = false
04-29 11:58:11.006  1603  1603 I WifiService: Registering wifi
04-29 11:58:11.006  1603  1603 I SystemServiceManager: Starting com.android.server.wifi.WifiScanningService
04-29 11:58:11.006  1603  1603 I WifiScanningService: Creating wifiscanner
04-29 11:58:11.007  1603  1603 I WifiScanningService: Starting wifiscanner
04-29 11:58:11.007  1603  1603 I SystemServiceManager: Starting com.android.server.wifi.RttService
04-29 11:58:11.007  1603  1603 I RttService: Creating rttmanager
04-29 11:58:11.007  1603  1603 I RttService: Starting rttmanager
04-29 11:58:11.008  1603  1603 I SystemServer: Connectivity Service
04-29 11:58:11.009  1603  1603 D ConnectivityService: ConnectivityService starting up
04-29 11:58:11.010  1603  1603 D ConnectivityService: wifiOnly=false
04-29 11:58:11.014  1603  1603 I SystemServer: Network Service Discovery Service
04-29 11:58:11.015  1603  1603 D NsdService: Network service discovery enabled true
04-29 11:58:11.016  1603  1603 I SystemServer: UpdateLock Service
04-29 11:58:11.017  1603  1603 I SystemServiceManager: Starting com.android.server.notification.NotificationManagerService
04-29 11:58:11.032  1603  1603 I SystemServiceManager: Starting com.android.server.storage.DeviceStorageMonitorService
04-29 11:58:11.032  1603  1603 I SystemServer: Location Manager
04-29 11:58:11.034  1603  1603 I SystemServer: Country Detector
04-29 11:58:11.037  1603  1603 I SystemServer: Search Service
04-29 11:58:11.037  1603  1603 I SystemServer: DropBox Service
04-29 11:58:11.038  1603  1603 I SystemServer: Wallpaper Service
04-29 11:58:11.040  1603  1603 I SystemServer: Audio Service
04-29 11:58:11.047  1603  1657 I ServiceManager: Waiting for service media.audio_policy...
04-29 11:58:11.047  1603  1603 W TelecomManager: Telecom Service not found.
04-29 11:58:11.206  1603  1649 D WifiApConfigStore: 2G band allowed channels are:1,6,11
04-29 11:58:11.281  1328  1328 I AudioPolicyService: AudioPolicyService CSTOR in new mode
04-29 11:58:11.283  1328  1328 I APM::ConfigParsingUtils: loadAudioPolicyConfig() loaded /system/etc/audio_policy.conf
04-29 11:58:11.284  1328  1328 D audio_hw_generic: Emulator host-side ALSA audio emulation detected.
04-29 11:58:11.285  1328  1328 D audio_hw_generic: mixer 0 name Master Playback Volume
04-29 11:58:11.285  1328  1328 D audio_hw_generic: set ctl 0 to 100
04-29 11:58:11.285  1328  1328 D audio_hw_generic: set ctl 1 to 100
04-29 11:58:11.285  1328  1328 D audio_hw_generic: mixer 1 name Master Playback Switch
04-29 11:58:11.285  1328  1328 D audio_hw_generic: set ctl 0 to 1
04-29 11:58:11.285  1328  1328 D audio_hw_generic: set ctl 1 to 1
04-29 11:58:11.286  1328  1328 D audio_hw_generic: mixer 2 name Capture Volume
04-29 11:58:11.286  1328  1328 D audio_hw_generic: set ctl 0 to 100
04-29 11:58:11.286  1328  1328 D audio_hw_generic: set ctl 1 to 100
04-29 11:58:11.286  1328  1328 D audio_hw_generic: mixer 3 name Capture Switch
04-29 11:58:11.286  1328  1328 D audio_hw_generic: set ctl 0 to 1
04-29 11:58:11.286  1328  1328 D audio_hw_generic: set ctl 1 to 1
04-29 11:58:11.286  1328  1328 D audio_hw_generic: mixer 4 name Line Phantom Jack
04-29 11:58:11.286  1328  1328 D audio_hw_generic: mixer 5 name Line Out Phantom Jack
04-29 11:58:11.286  1328  1328 D audio_hw_generic: mixer 6 name Playback Channel Map
04-29 11:58:11.287  1328  1328 D audio_hw_generic: mixer 7 name Capture Channel Map
04-29 11:58:11.287  1328  1328 I AudioFlinger: loadHwModule() Loaded primary audio interface from Generic audio HW HAL (audio) handle 1
04-29 11:58:11.287  1328  1328 I AudioFlinger: openOutput(), module 1 Device 2, SamplingRate 44100, Format 0x000001, Channels 3, flags 2
04-29 11:58:11.287  1328  1328 I AudioFlinger: AudioStreamOut::open(), mHalFormatIsLinearPcm = 1
04-29 11:58:11.288  1328  1328 W AudioFlinger: HAL output buffer size is 661 frames but AudioMixer requires multiples of 16 frames
04-29 11:58:11.288  1328  1328 I AudioFlinger: HAL output buffer size 661 frames, normal sink buffer size 1056 frames
04-29 11:58:11.294  1328  1328 I BufferProvider: found effect "Multichannel Downmix To Stereo" from The Android Open Source Project
04-29 11:58:11.296  1328  1328 E MonoPipe: Failed to fetch local time frequency when constructing a MonoPipe (res = -32).  getNextWriteTimestamp calls will be non-functional
04-29 11:58:11.296  1328  1328 I AudioFlinger: Using module 1 has the primary audio interface
04-29 11:58:11.296  1328  1665 I AudioFlinger: AudioFlinger's thread 0xb42c0000 ready to run
04-29 11:58:11.297  1328  1665 E AudioFlinger: no wake lock to update!
04-29 11:58:11.303  1328  1667 I AudioFlinger: AudioFlinger's thread 0xb3e40000 ready to run
04-29 11:58:11.303  1328  1328 E AudioFlinger: int android::load_audio_interface(const char*, audio_hw_device_t**) couldn't load audio hw module audio.r_submix (No such file or directory)
04-29 11:58:11.304  1328  1328 I AudioFlinger: loadHwModule() error -2 loading module r_submix 
04-29 11:58:11.304  1328  1328 W APM::AudioPolicyManager: could not open HW module r_submix
04-29 11:58:11.304  1328  1328 W APM::AudioPolicyManager: Input device 80000100 unreachable
04-29 11:58:11.304  1328  1328 E SoundTriggerHwService: couldn't load sound trigger module sound_trigger.primary (No such file or directory)
04-29 11:58:11.304  1328  1328 I RadioService: RadioService
04-29 11:58:11.304  1328  1328 I RadioService: onFirstRef
04-29 11:58:11.304  1328  1328 E RadioService: couldn't load radio module radio.primary (No such file or directory)
04-29 11:58:11.306  1328  1328 D PermissionCache: checking android.permission.MODIFY_AUDIO_SETTINGS for uid=1000 => granted (321 us)
04-29 11:58:12.065  1603  1603 I SystemServiceManager: Starting com.android.server.DockObserver
04-29 11:58:12.066  1603  1603 W DockObserver: This kernel does not have dock station support
04-29 11:58:12.066  1603  1603 I SystemServer: Wired Accessory Manager
04-29 11:58:12.067  1603  1603 W WiredAccessoryManager: This kernel does not have wired headset support
04-29 11:58:12.067  1603  1603 W WiredAccessoryManager: This kernel does not have usb audio support
04-29 11:58:12.067  1603  1603 W WiredAccessoryManager: This kernel does not have HDMI audio support
04-29 11:58:12.067  1603  1603 I SystemServiceManager: Starting com.android.server.midi.MidiService$Lifecycle
04-29 11:58:12.069  1603  1603 I SystemServiceManager: Starting com.android.server.usb.UsbService$Lifecycle
04-29 11:58:12.083  1603  1603 E UsbDeviceManager: failed to write to /sys/class/android_usb/android0/f_rndis/ethaddr
04-29 11:58:12.083  1603  1603 E UsbDeviceManagerJNI: could not open /dev/usb_accessory
04-29 11:58:12.084  1603  1603 I SystemServer: Serial Service
04-29 11:58:12.085  1603  1603 I SystemServiceManager: Starting com.android.server.twilight.TwilightService
04-29 11:58:12.086  1603  1603 I SystemServiceManager: Starting com.android.server.job.JobSchedulerService
04-29 11:58:12.093  1603  1603 I SystemServiceManager: Starting com.android.server.backup.BackupManagerService$Lifecycle
04-29 11:58:12.094  1603  1603 I SystemServiceManager: Starting com.android.server.appwidget.AppWidgetService
04-29 11:58:12.096  1603  1603 I SystemServiceManager: Starting com.android.server.voiceinteraction.VoiceInteractionManagerService
04-29 11:58:12.097  1328  1668 D PermissionCache: checking android.permission.CAPTURE_AUDIO_HOTWORD for uid=1000 => granted (65 us)
04-29 11:58:12.097  1603  1603 W SoundTriggerHelper: listModules status=0, # of modules=0
04-29 11:58:12.101  1603  1603 I SystemServer: DiskStats Service
04-29 11:58:12.101  1603  1603 I SystemServer: SamplingProfiler Service
04-29 11:58:12.106  1603  1603 I SystemServer: NetworkTimeUpdateService
04-29 11:58:12.107  1603  1603 I SystemServer: CommonTimeManagementService
04-29 11:58:12.107  1603  1603 I SystemServer: CertBlacklister
04-29 11:58:12.108  1603  1603 I SystemServiceManager: Starting com.android.server.dreams.DreamManagerService
04-29 11:58:12.111  1603  1603 I SystemServer: Assets Atlas Service
04-29 11:58:12.112  1603  1603 I SystemServiceManager: Starting com.android.server.print.PrintManagerService
04-29 11:58:12.115  1603  1603 I SystemServiceManager: Starting com.android.server.restrictions.RestrictionsManagerService
04-29 11:58:12.116  1603  1603 I SystemServiceManager: Starting com.android.server.media.MediaSessionService
04-29 11:58:12.118  1603  1603 I SystemServer: Media Router Service
04-29 11:58:12.120  1603  1603 I SystemServiceManager: Starting com.android.server.trust.TrustManagerService
04-29 11:58:12.121  1603  1603 I SystemServiceManager: Starting com.android.server.fingerprint.FingerprintService
04-29 11:58:12.122  1603  1672 D AssetAtlas: Loaded configuration: SliceMinArea (832x2048) flags=0x2 count=6
04-29 11:58:12.124  1235  1673 D         : HostConnection::get() New Host Connection established 0xb6d94300, tid 1673
04-29 11:58:12.134  1336  1336 D PermissionCache: checking android.permission.MANAGE_FINGERPRINT for uid=1000 => granted (933 us)
04-29 11:58:12.135  1336  1336 V fingerprintd: nativeOpenHal()
04-29 11:58:12.135  1336  1336 D FingerprintHal: ----------------> fingerprint_open ----------------->
04-29 11:58:12.135  1336  1336 D FingerprintHal: ----------------> loadFingerprints ----------------->
04-29 11:58:12.136  1336  1336 E FingerprintHal: Could not load fingerprints from storage at /data/system/users/0/fpdata/emulator_fingerprint_storage.bin; it has not yet been created.
04-29 11:58:12.136  1336  1336 D FingerprintHal: ----------------> set_notify_callback ----------------->
04-29 11:58:12.136  1336  1336 D FingerprintHal: fingerprint callback notification set
04-29 11:58:12.136  1336  1336 V fingerprintd: fingerprint HAL successfully initialized
04-29 11:58:12.136  1336  1674 D FingerprintHal: ----------------> listenerFunction ----------------->
04-29 11:58:12.136  1336  1336 V fingerprintd: setActiveGroup(0, /data/system/users/0/fpdata, 27)
04-29 11:58:12.136  1336  1336 W FingerprintHal: Setting active finger group not implemented
04-29 11:58:12.136  1603  1603 V FingerprintService: Fingerprint HAL id: -1222479872
04-29 11:58:12.136  1603  1603 I SystemServer: BackgroundDexOptService
04-29 11:58:12.137  1603  1603 I SystemServiceManager: Starting com.android.server.pm.LauncherAppsService
04-29 11:58:12.138  1603  1603 I SystemServiceManager: Starting com.android.server.media.projection.MediaProjectionManagerService
04-29 11:58:12.143  1603  1603 I WindowManager: SAFE MODE not enabled
04-29 11:58:12.144  1603  1603 I SystemServiceManager: Starting com.android.server.MmsServiceBroker
04-29 11:58:12.153  1603  1672 D         : HostConnection::get() New Host Connection established 0xa0cbf840, tid 1672
04-29 11:58:12.175  1603  1672 D EGL_emulation: eglCreateContext: 0xaa493320: maj 2 min 0 rcv 2
04-29 11:58:12.178  1603  1603 E LockSettingsStorage: Cannot read file java.io.FileNotFoundException: /data/system/gatekeeper.password.key: open failed: ENOENT (No such file or directory)
04-29 11:58:12.178  1603  1603 E LockSettingsStorage: Cannot read file java.io.FileNotFoundException: /data/system/password.key: open failed: ENOENT (No such file or directory)
04-29 11:58:12.178  1603  1603 E LockSettingsStorage: Cannot read file java.io.FileNotFoundException: /data/system/gatekeeper.pattern.key: open failed: ENOENT (No such file or directory)
04-29 11:58:12.178  1603  1603 E LockSettingsStorage: Cannot read file java.io.FileNotFoundException: /data/system/gatekeeper.gesture.key: open failed: ENOENT (No such file or directory)
04-29 11:58:12.178  1603  1603 E LockSettingsStorage: Cannot read file java.io.FileNotFoundException: /data/system/gesture.key: open failed: ENOENT (No such file or directory)
04-29 11:58:12.178  1603  1603 I SystemServiceManager: Starting phase 480
04-29 11:58:12.186  1603  1603 I SystemServiceManager: Starting phase 500
04-29 11:58:12.189  1603  1603 I WifiService: WifiService starting up with Wi-Fi disabled
04-29 11:58:12.194  1603  1651 D WifiService: New client listening to asynchronous messages
04-29 11:58:12.194  1603  1672 D EGL_emulation: eglMakeCurrent: 0xaa493320: ver 2 0 (tinfo 0xa0d9a050)
04-29 11:58:12.196  1603  1603 I WifiScanningService: Registering wifiscanner
04-29 11:58:12.207  1603  1603 I RttService: Registering rttmanager
04-29 11:58:12.217  1603  1603 V BackupManagerService: No ancestral data
04-29 11:58:12.228  1603  1603 V KeyValueBackupJob: Scheduling k/v pass in 247 minutes
04-29 11:58:12.230  1603  1672 D AssetAtlas: Rendered atlas in 73.36ms (1.75+71.61ms)
04-29 11:58:12.246  1603  1603 V BackupManagerService: Starting with transport android/com.android.internal.backup.LocalTransport
04-29 11:58:12.246  1603  1603 V BackupManagerService: Found transports: 2
04-29 11:58:12.248  1603  1603 I BackupManagerService: Found stale backup journal, scheduling
04-29 11:58:12.276  1603  1603 I ActivityManager: System now ready
04-29 11:58:12.278  1603  1603 I SystemServer: Making services ready
04-29 11:58:12.278  1603  1603 I SystemServiceManager: Starting phase 550
04-29 11:58:12.279  1603  1641 D MountService: Thinking about reset, mSystemReady=true, mDaemonConnected=true
04-29 11:58:12.279  1603  1641 D VoldConnector: SND -> {3 volume reset}
04-29 11:58:12.279  1603  1617 I ActivityManager: Force stopping com.android.providers.media appid=10006 user=-1: vold reset
04-29 11:58:12.279  1603  1642 D VoldConnector: RCV <- {651 emulated 7}
04-29 11:58:12.279  1221  1267 D vold    : Recognized experimental block major ID 253 as virtio-blk (emulator's virtual SD card device)
04-29 11:58:12.279  1221  1267 V vold    : /system/bin/sgdisk
04-29 11:58:12.279  1221  1267 V vold    :     --android-dump
04-29 11:58:12.279  1221  1267 V vold    :     /dev/block/vold/disk:253,64
04-29 11:58:12.279  1603  1642 D VoldConnector: RCV <- {659 emulated}
04-29 11:58:12.280  1603  1642 D VoldConnector: RCV <- {650 emulated 2 "" ""}
04-29 11:58:12.280  1603  1642 D VoldConnector: RCV <- {651 emulated 0}
04-29 11:58:12.280  1603  1642 D VoldConnector: RCV <- {651 public:253,64 7}
04-29 11:58:12.280  1603  1642 D VoldConnector: RCV <- {659 public:253,64}
04-29 11:58:12.281  1603  1642 D VoldConnector: RCV <- {649 disk:253,64}
04-29 11:58:12.281  1603  1603 D UsbAlsaManager: Adding ALSA device AlsaDevice: [card: 0, device: 0, type: 1]
04-29 11:58:12.281  1603  1603 D UsbAlsaManager: Adding ALSA device AlsaDevice: [card: 0, device: 0, type: 2]
04-29 11:58:12.281  1603  1624 W KeyguardServiceDelegate: onScreenTurningOn(): no keyguard service!
04-29 11:58:12.281  1603  1642 D VoldConnector: RCV <- {640 disk:253,64 5}
04-29 11:58:12.282  1603  1642 D VoldConnector: RCV <- {641 disk:253,64 104857600}
