04-29 11:58:12.282  1603  1642 D VoldConnector: RCV <- {642 disk:253,64 Virtual}
04-29 11:58:12.282  1603  1642 D VoldConnector: RCV <- {644 disk:253,64 /sys//devices/pci0000:00/0000:00:07.0/virtio4/block/vde}
04-29 11:58:12.288  1221  1267 V vold    : DISK mbr
04-29 11:58:12.288  1221  1267 W vold    : disk:253,64 has unknown partition table; trying entire device
04-29 11:58:12.288  1221  1267 V vold    : /system/bin/blkid
04-29 11:58:12.288  1221  1267 V vold    :     -c
04-29 11:58:12.288  1221  1267 V vold    :     /dev/null
04-29 11:58:12.288  1221  1267 V vold    :     -s
04-29 11:58:12.288  1221  1267 V vold    :     TYPE
04-29 11:58:12.288  1221  1267 V vold    :     -s
04-29 11:58:12.288  1221  1267 V vold    :     UUID
04-29 11:58:12.288  1221  1267 V vold    :     -s
04-29 11:58:12.288  1221  1267 V vold    :     LABEL
04-29 11:58:12.288  1221  1267 V vold    :     /dev/block/vold/disk:253,64
04-29 11:58:12.295  1221  1267 V vold    : /dev/block/vold/disk:253,64: LABEL="SDCARD" UUID="19F4-2417" TYPE="vfat" 
04-29 11:58:12.295  1603  1642 D VoldConnector: RCV <- {650 public:253,64 0 "disk:253,64" ""}
04-29 11:58:12.295  1603  1642 D VoldConnector: RCV <- {651 public:253,64 0}
04-29 11:58:12.295  1603  1642 D VoldConnector: RCV <- {643 disk:253,64}
04-29 11:58:12.295  1603  1642 D VoldConnector: RCV <- {200 3 Command succeeded}
04-29 11:58:12.296  1603  1641 D VoldConnector: SND -> {4 volume user_added 0 0}
04-29 11:58:12.296  1603  1642 D VoldConnector: RCV <- {200 4 Command succeeded}
04-29 11:58:12.297  1603  1603 W MountService: No primary storage defined yet; hacking together a stub
04-29 11:58:12.298  1603  1603 I SystemServer: WebViewFactory preparation
04-29 11:58:12.299  1603  1619 V MountService: Found primary storage at VolumeInfo{emulated}:
04-29 11:58:12.299  1603  1619 V MountService:     type=EMULATED diskId=null partGuid=null mountFlags=0 mountUserId=-1 
04-29 11:58:12.299  1603  1619 V MountService:     state=UNMOUNTED 
04-29 11:58:12.299  1603  1619 V MountService:     fsType=null fsUuid=null fsLabel=null 
04-29 11:58:12.299  1603  1619 V MountService:     path=null internalPath=null 
04-29 11:58:12.299  1603  1641 D VoldConnector: SND -> {5 volume mount emulated 3 -1}
04-29 11:58:12.300  1603  1642 D VoldConnector: RCV <- {651 emulated 1}
04-29 11:58:12.301  1603  1642 D VoldConnector: RCV <- {656 emulated /data/media}
04-29 11:58:12.301  1603  1642 D VoldConnector: RCV <- {655 emulated /storage/emulated}
04-29 11:58:12.301  1221  1267 V vold    : Waiting for FUSE to spin up...
04-29 11:58:12.315  1603  1603 I Zygote  : Process: zygote socket opened, supported ABIS: x86
04-29 11:58:12.315  1332  1607 I art     : Starting a blocking GC HeapTrim
04-29 11:58:12.326  1603  1603 I ActivityManager: Start proc 1693:WebViewLoader-x86/1037 [android.webkit.WebViewFactory$RelroFileCreator] for 
04-29 11:58:12.332  1693  1693 V WebViewFactory: RelroFileCreator (64bit = false),  32-bit lib: /system/app/webview/webview.apk!/lib/x86/libwebviewchromium.so, 64-bit lib: 
04-29 11:58:12.338  1603  1603 I ActivityManager: Start proc 1705:com.android.systemui/u0a15 for service com.android.systemui/.SystemUIService
04-29 11:58:12.339  1603  1603 D NetworkManagement: enabling bandwidth control
04-29 11:58:12.352  1603  1617 I ActivityManager: Start proc 1720:android.process.media/u0a6 for broadcast com.android.providers.media/.MtpReceiver
04-29 11:58:12.352  1603  1642 D VoldConnector: RCV <- {651 emulated 2}
04-29 11:58:12.353  1603  1642 D VoldConnector: RCV <- {200 5 Command succeeded}
04-29 11:58:12.356  1603  1641 D VoldConnector: SND -> {6 volume mount public:253,64 2 0}
04-29 11:58:12.357  1221  1267 V vold    : /system/bin/blkid
04-29 11:58:12.357  1221  1267 V vold    :     -c
04-29 11:58:12.357  1221  1267 V vold    :     /dev/null
04-29 11:58:12.357  1221  1267 V vold    :     -s
04-29 11:58:12.357  1221  1267 V vold    :     TYPE
04-29 11:58:12.357  1221  1267 V vold    :     -s
04-29 11:58:12.357  1221  1267 V vold    :     UUID
04-29 11:58:12.357  1221  1267 V vold    :     -s
04-29 11:58:12.357  1221  1267 V vold    :     LABEL
04-29 11:58:12.357  1221  1267 V vold    :     /dev/block/vold/public:253,64
04-29 11:58:12.357  1603  1642 D VoldConnector: RCV <- {651 public:253,64 1}
04-29 11:58:12.368  1705  1705 W System  : ClassLoader referenced unknown path: /system/priv-app/SystemUI/lib/x86
04-29 11:58:12.368  1603  1617 I ActivityManager: Start proc 1737:com.android.externalstorage/u0a7 for broadcast com.android.externalstorage/.MountReceiver
04-29 11:58:12.382  1720  1720 W System  : ClassLoader referenced unknown path: /system/priv-app/MediaProvider/lib/x86
04-29 11:58:12.384  1221  1267 V vold    : /dev/block/vold/public:253,64: LABEL="SDCARD" UUID="19F4-2417" TYPE="vfat" 
04-29 11:58:12.384  1221  1267 V vold    : /system/bin/fsck_msdos
04-29 11:58:12.384  1221  1267 V vold    :     -p
04-29 11:58:12.384  1221  1267 V vold    :     -f
04-29 11:58:12.384  1221  1267 V vold    :     /dev/block/vold/public:253,64
04-29 11:58:12.384  1603  1642 D VoldConnector: RCV <- {652 public:253,64 vfat}
04-29 11:58:12.384  1603  1642 D VoldConnector: RCV <- {653 public:253,64 19F4-2417}
04-29 11:58:12.384  1603  1642 D VoldConnector: RCV <- {654 public:253,64 SDCARD}
04-29 11:58:12.393  1693  1693 I art     : System.exit called, status: 0
04-29 11:58:12.393  1693  1693 I AndroidRuntime: VM exiting with result code 0, cleanup skipped.
04-29 11:58:12.394  1737  1737 W System  : ClassLoader referenced unknown path: /system/priv-app/ExternalStorageProvider/lib/x86
04-29 11:58:12.401  1737  1737 D ExternalStorage: After updating volumes, found 1 active roots
04-29 11:58:12.402  1737  1737 D ExternalStorage: After updating volumes, found 1 active roots
04-29 11:58:12.407  1720  1720 W System  : ClassLoader referenced unknown path: /system/priv-app/DownloadProvider/lib/x86
04-29 11:58:12.424  1221  1267 I fsck_msdos: ** /dev/block/vold/public:253,64
04-29 11:58:12.425  1221  1267 I fsck_msdos: ** Phase 1 - Read and Compare FATs
04-29 11:58:12.425  1221  1267 I fsck_msdos: Attempting to allocate 794 KB for FAT
04-29 11:58:12.433  1221  1267 I fsck_msdos: Attempting to allocate 794 KB for FAT
04-29 11:58:12.439  1221  1267 I fsck_msdos: ** Phase 2 - Check Cluster Chains
04-29 11:58:12.439  1221  1267 I fsck_msdos: ** Phase 3 - Checking Directories
04-29 11:58:12.440  1221  1267 I fsck_msdos: ** Phase 4 - Checking for Lost Files
04-29 11:58:12.440  1221  1267 I fsck_msdos: 12 files, 100790 free (201581 clusters)
04-29 11:58:12.441  1221  1267 I Vold    : Filesystem check completed OK
04-29 11:58:12.443  1603  1642 D VoldConnector: RCV <- {656 public:253,64 /mnt/media_rw/19F4-2417}
04-29 11:58:12.443  1603  1642 D VoldConnector: RCV <- {655 public:253,64 /storage/19F4-2417}
04-29 11:58:12.448  1705  1705 V SystemUIService: Starting SystemUI services.
04-29 11:58:12.448  1221  1267 V vold    : Waiting for FUSE to spin up...
04-29 11:58:12.469  1324  1591 I iptables: iptables: No chain/target/match by that name.
04-29 11:58:12.470  1324  1591 I iptables: iptables terminated by exit(1)
04-29 11:58:12.470  1324  1591 E Netd    : exec() res=0, status=256 for /system/bin/iptables -w -F st_penalty_log 
04-29 11:58:12.474  1324  1591 I ip6tables: ip6tables: No chain/target/match by that name.
04-29 11:58:12.475  1324  1591 I ip6tables: ip6tables terminated by exit(1)
04-29 11:58:12.475  1324  1591 E Netd    : exec() res=0, status=256 for /system/bin/ip6tables -w -F st_penalty_log 
04-29 11:58:12.478  1324  1591 I iptables: iptables: No chain/target/match by that name.
04-29 11:58:12.478  1324  1591 I iptables: iptables terminated by exit(1)
04-29 11:58:12.478  1324  1591 E Netd    : exec() res=0, status=256 for /system/bin/iptables -w -F st_penalty_reject 
04-29 11:58:12.482  1324  1591 I ip6tables: ip6tables: No chain/target/match by that name.
04-29 11:58:12.482  1324  1591 I ip6tables: ip6tables terminated by exit(1)
04-29 11:58:12.482  1324  1591 E Netd    : exec() res=0, status=256 for /system/bin/ip6tables -w -F st_penalty_reject 
04-29 11:58:12.486  1324  1591 I iptables: iptables: No chain/target/match by that name.
04-29 11:58:12.486  1324  1591 I iptables: iptables terminated by exit(1)
04-29 11:58:12.486  1324  1591 E Netd    : exec() res=0, status=256 for /system/bin/iptables -w -F st_clear_caught 
04-29 11:58:12.489  1324  1591 I ip6tables: ip6tables: No chain/target/match by that name.
04-29 11:58:12.489  1324  1591 I ip6tables: ip6tables terminated by exit(1)
04-29 11:58:12.489  1324  1591 E Netd    : exec() res=0, status=256 for /system/bin/ip6tables -w -F st_clear_caught 
04-29 11:58:12.493  1324  1591 I iptables: iptables: No chain/target/match by that name.
04-29 11:58:12.493  1324  1591 I iptables: iptables terminated by exit(1)
04-29 11:58:12.493  1324  1591 E Netd    : exec() res=0, status=256 for /system/bin/iptables -w -F st_clear_detect 
04-29 11:58:12.496  1324  1591 I ip6tables: ip6tables: No chain/target/match by that name.
04-29 11:58:12.496  1324  1591 I ip6tables: ip6tables terminated by exit(1)
04-29 11:58:12.496  1324  1591 E Netd    : exec() res=0, status=256 for /system/bin/ip6tables -w -F st_clear_detect 
04-29 11:58:12.499  1324  1591 I iptables: iptables: No chain/target/match by that name.
04-29 11:58:12.499  1324  1591 I iptables: iptables terminated by exit(1)
04-29 11:58:12.499  1324  1591 E Netd    : exec() res=0, status=256 for /system/bin/iptables -w -X st_penalty_log 
04-29 11:58:12.499  1603  1642 D VoldConnector: RCV <- {651 public:253,64 2}
04-29 11:58:12.499  1603  1642 D VoldConnector: RCV <- {200 6 Command succeeded}
04-29 11:58:12.506  1324  1591 I ip6tables: ip6tables: No chain/target/match by that name.
04-29 11:58:12.506  1324  1591 I ip6tables: ip6tables terminated by exit(1)
04-29 11:58:12.506  1324  1591 E Netd    : exec() res=0, status=256 for /system/bin/ip6tables -w -X st_penalty_log 
04-29 11:58:12.508  1324  1591 I iptables: iptables: No chain/target/match by that name.
04-29 11:58:12.508  1324  1591 I iptables: iptables terminated by exit(1)
04-29 11:58:12.509  1324  1591 E Netd    : exec() res=0, status=256 for /system/bin/iptables -w -X st_penalty_reject 
04-29 11:58:12.513  1324  1591 I ip6tables: ip6tables: No chain/target/match by that name.
04-29 11:58:12.514  1324  1591 I ip6tables: ip6tables terminated by exit(1)
04-29 11:58:12.514  1324  1591 E Netd    : exec() res=0, status=256 for /system/bin/ip6tables -w -X st_penalty_reject 
04-29 11:58:12.516  1705  1803 E WVMExtractor: Failed to open libwvm.so: dlopen failed: library "libwvm.so" not found
04-29 11:58:12.517  1737  1737 D ExternalStorage: After updating volumes, found 2 active roots
04-29 11:58:12.517  1324  1591 I iptables: iptables: No chain/target/match by that name.
04-29 11:58:12.517  1324  1591 I iptables: iptables terminated by exit(1)
04-29 11:58:12.517  1324  1591 E Netd    : exec() res=0, status=256 for /system/bin/iptables -w -X st_clear_caught 
04-29 11:58:12.520  1324  1591 I ip6tables: ip6tables: No chain/target/match by that name.
04-29 11:58:12.520  1324  1591 I ip6tables: ip6tables terminated by exit(1)
04-29 11:58:12.520  1324  1591 E Netd    : exec() res=0, status=256 for /system/bin/ip6tables -w -X st_clear_caught 
04-29 11:58:12.523  1737  1737 D ExternalStorage: After updating volumes, found 2 active roots
04-29 11:58:12.525  1737  1737 D ExternalStorage: After updating volumes, found 2 active roots
04-29 11:58:12.526  1324  1591 I iptables: iptables: No chain/target/match by that name.
04-29 11:58:12.526  1324  1591 I iptables: iptables terminated by exit(1)
04-29 11:58:12.526  1324  1591 E Netd    : exec() res=0, status=256 for /system/bin/iptables -w -X st_clear_detect 
04-29 11:58:12.530  1324  1591 I ip6tables: ip6tables: No chain/target/match by that name.
04-29 11:58:12.530  1324  1591 I ip6tables: ip6tables terminated by exit(1)
04-29 11:58:12.530  1324  1591 E Netd    : exec() res=0, status=256 for /system/bin/ip6tables -w -X st_clear_detect 
04-29 11:58:12.566  1328  1669 W OMXNodeInstance: [f:google.mpeg2.decoder] component does not support metadata mode; using fallback
04-29 11:58:12.573  1328  1669 W OMXNodeInstance: [10:google.mpeg4.decoder] component does not support metadata mode; using fallback
04-29 11:58:12.573  1328  1669 W OMXNodeInstance: [11:google.h263.decoder] component does not support metadata mode; using fallback
04-29 11:58:12.577  1328  1669 D SoftAVCDec: Number of CPU cores: 2
04-29 11:58:12.578  1328  1669 W OMXNodeInstance: [12:google.h264.decoder] component does not support metadata mode; using fallback
04-29 11:58:12.578  1328  1669 D SoftAVCDec: Number of CPU cores: 2
04-29 11:58:12.582  1328  1669 D SoftHEVC: Number of CPU cores: 2
04-29 11:58:12.582  1328  1669 D SoftHEVC: Initializing decoder
04-29 11:58:12.583  1328  1669 D SoftHEVC: Set number of cores to 2
04-29 11:58:12.583  1328  1669 D SoftHEVC: Ittiam decoder version number: @(#)Id:HEVCDEC_production Ver:04.04 Released by ITTIAM Build: Mar 16 2018 @ 21:53:15
04-29 11:58:12.583  1328  1669 W OMXNodeInstance: [13:google.hevc.decoder] component does not support metadata mode; using fallback
04-29 11:58:12.583  1328  1669 D SoftHEVC: Freeing codec memory
04-29 11:58:12.583  1328  1669 D SoftHEVC: Number of CPU cores: 2
04-29 11:58:12.583  1328  1669 D SoftHEVC: Initializing decoder
04-29 11:58:12.583  1328  1669 D SoftHEVC: Set number of cores to 2
04-29 11:58:12.583  1328  1669 D SoftHEVC: Ittiam decoder version number: @(#)Id:HEVCDEC_production Ver:04.04 Released by ITTIAM Build: Mar 16 2018 @ 21:53:15
04-29 11:58:12.584  1328  1669 D SoftHEVC: In SoftHEVC::~SoftHEVC
04-29 11:58:12.584  1328  1669 D SoftHEVC: Freeing codec memory
04-29 11:58:12.589  1328  1669 W OMXNodeInstance: [14:google.vp8.decoder] component does not support metadata mode; using fallback
04-29 11:58:12.591  1328  1669 W OMXNodeInstance: [15:google.vp9.decoder] component does not support metadata mode; using fallback
04-29 11:58:12.592  1328  1669 I SoftMPEG4Encoder: Construct SoftMPEG4Encoder
04-29 11:58:12.592  1328  1669 W ACodec  : do not know color format 0x7f000789 = 2130708361
04-29 11:58:12.596  1328  1669 W ACodec  : do not know color format 0x7f000789 = 2130708361
04-29 11:58:12.598  1328  1669 I SoftMPEG4Encoder: Construct SoftMPEG4Encoder
04-29 11:58:12.598  1328  1669 W ACodec  : do not know color format 0x7f000789 = 2130708361
04-29 11:58:12.607  1328  1669 W ACodec  : do not know color format 0x7f000789 = 2130708361
04-29 11:58:12.610  1328  1669 W MediaCodecList: unable to open media codecs configuration xml file: /data/misc/media/media_codecs_profiling_results.xml
04-29 11:58:12.611  1705  1809 I OMXClient: Using client-side OMX mux.
04-29 11:58:12.664  1705  1907 I OMXClient: Using client-side OMX mux.
04-29 11:58:12.664  1603  1603 D PermissionMonitor: Monitoring
04-29 11:58:12.666  1603  1603 D PermissionMonitor: Users: 1, Apps: 57
04-29 11:58:12.668  1603  1603 I SystemServiceManager: Starting phase 600
04-29 11:58:12.669  1603  1657 E BluetoothAdapter: Bluetooth binder is null
04-29 11:58:12.671  1603  1657 E BluetoothAdapter: Bluetooth binder is null
04-29 11:58:12.672  1328  1668 I AudioFlinger: systemReady
04-29 11:58:12.682  1603  1603 I BackupManagerService: Backup enabled => false
04-29 11:58:12.688  1603  1603 I ActivityManager: Start proc 1914:com.google.android.googlequicksearchbox:interactor/u0a16 for service com.google.android.googlequicksearchbox/com.google.android.voiceinteraction.GsaVoiceInteractionService
04-29 11:58:12.691  1603  1603 E InputMethodManagerService: Ignoring updateSystemUiLocked due to an invalid token. uid:1000 token:null
04-29 11:58:12.698  1603  1912 E WVMExtractor: Failed to open libwvm.so: dlopen failed: library "libwvm.so" not found
04-29 11:58:12.705  1603  1603 I ActivityManager: Start proc 1920:com.android.inputmethod.latin/u0a35 for service com.android.inputmethod.latin/.LatinIME
04-29 11:58:12.705  1603  1603 V InputMethodManagerService: Adding window token: android.os.Binder@77630c6
04-29 11:58:12.710  1603  1616 D GpsLocationProvider: Reset GPS properties, previous size = 0
04-29 11:58:12.710  1603  1616 D GpsLocationProvider: GpsParamsResource: SUPL_HOST=supl.google.com
04-29 11:58:12.710  1603  1616 D GpsLocationProvider: GpsParamsResource: SUPL_PORT=7275
04-29 11:58:12.710  1603  1616 D GpsLocationProvider: GpsParamsResource: NTP_SERVER=north-america.pool.ntp.org
04-29 11:58:12.710  1603  1616 D GpsLocationProvider: GpsParamsResource: SUPL_VER=0x20000
04-29 11:58:12.710  1603  1616 D GpsLocationProvider: GpsParamsResource: SUPL_MODE=1
04-29 11:58:12.710  1603  1616 W GpsLocationProvider: Could not open GPS configuration file /etc/gps.conf
04-29 11:58:12.710  1603  1616 D GpsLocationProvider: GPS properties reloaded, size = 5
04-29 11:58:12.717  1603  1603 E FlpHardwareProvider: Error hw_get_module 'flp': -2
04-29 11:58:12.717  1603  1603 E LocationManagerService: FLP HAL not supported
04-29 11:58:12.718  1603  1603 E ActivityRecognitionHardware: Error hw_get_module: -2
04-29 11:58:12.718  1603  1603 E LocationManagerService: Hardware Activity-Recognition not supported.
04-29 11:58:12.722  1603  1603 I CommonTimeManagementService: No common time service detected on this platform.  Common time services will be unavailable.
04-29 11:58:12.725  1603  1640 I InputReader: Reconfiguring input devices.  changes=0x00000020
04-29 11:58:12.728  1603  1640 I InputReader: Reconfiguring input devices.  changes=0x00000010
04-29 11:58:12.728  1603  1925 I OMXClient: Using client-side OMX mux.
04-29 11:58:12.734  1705  1929 I OMXClient: Using client-side OMX mux.
04-29 11:58:12.735  1603  1616 E GpsLocationProvider: no AGPS interface in set_agps_server
04-29 11:58:12.742  1603  1603 I MmsServiceBroker: Delay connecting to MmsService until an API is called
04-29 11:58:12.744  1603  1616 E GpsLocationProvider: no AGPS interface in set_agps_server
04-29 11:58:12.745  1603  1603 D MountService: onStartUser 0
04-29 11:58:12.746  1603  1603 D VoldConnector: SND -> {7 volume user_started 0}
04-29 11:58:12.747  1221  1267 D vold    : Linking /storage/emulated/0 to /mnt/user/0/primary
04-29 11:58:12.747  1603  1642 D VoldConnector: RCV <- {200 7 Command succeeded}
04-29 11:58:12.747  1603  1641 D MountService: Volume public:253,64 broadcasting mounted to UserHandle{0}
04-29 11:58:12.750  1603  1641 D MountService: Volume emulated broadcasting mounted to UserHandle{0}
04-29 11:58:12.760  1603  1603 I ActivityManager: Start proc 1949:com.android.phone/1001 for added application com.android.phone
04-29 11:58:12.760  1603  1603 I ActivityManager: START u0 {act=android.intent.action.MAIN cat=[android.intent.category.HOME] flg=0x10000000 cmp=com.android.launcher3/.Launcher} from uid 0 on display 0
04-29 11:58:12.766  1603  1603 I ActivityManager: Start proc 1961:com.android.launcher3/u0a9 for activity com.android.launcher3/.Launcher
04-29 11:58:12.780  1603  1603 I SystemServer: Enabled StrictMode for system server main thread.
04-29 11:58:12.791  1949  1949 W System  : ClassLoader referenced unknown path: /system/priv-app/TeleService/lib/x86
04-29 11:58:12.793  1603  1603 D RttService: SCAN_AVAILABLE : 1
04-29 11:58:12.793  1603  1679 D RttService: DefaultState got{ when=0 what=160513 target=com.android.internal.util.StateMachine$SmHandler }
04-29 11:58:12.797  1603  1603 I Choreographer: Skipped 32 frames!  The application may be doing too much work on its main thread.
04-29 11:58:12.802  1603  1975 I OMXClient: Using client-side OMX mux.
04-29 11:58:12.820  1603  1616 I ActivityManager: Start proc 1982:com.android.printspooler/u0a48 for service com.android.printspooler/.model.PrintSpoolerService
04-29 11:58:12.839  1603  1603 W System  : ClassLoader referenced unknown path: /system/priv-app/Telecom/lib/x86
04-29 11:58:12.842  1920  1920 I LatinIME: Hardware accelerated drawing: true
04-29 11:58:12.846  1961  1961 W System  : ClassLoader referenced unknown path: /system/priv-app/Launcher3/lib/x86
04-29 11:58:12.866  1603  1603 E BluetoothAdapter: Bluetooth binder is null
04-29 11:58:12.912  1982  1982 I PrintSpoolerService: No existing print spooler state.
04-29 11:58:12.912  1603  1603 E BluetoothAdapter: Bluetooth binder is null
04-29 11:58:12.913  1603  1603 I Telecom : Class: TelecomSystem.INSTANCE being set
04-29 11:58:12.914  1603  1997 I ActivityManager: Start proc 1998:android.process.acore/u0a2 for content provider com.android.providers.contacts/.CallLogProvider
04-29 11:58:12.915  1603  1603 E BluetoothAdapter: Bluetooth binder is null
04-29 11:58:12.915  1949  1949 W System  : ClassLoader referenced unknown path: /system/priv-app/TelephonyProvider/lib/x86
04-29 11:58:12.944  1603  1603 I ActivityManager: Start proc 2018:com.google.android.gms.persistent/u0a8 for broadcast com.google.android.gms/com.google.android.location.internal.NlpNetworkProviderSettingsUpdateReceiver
04-29 11:58:12.945  1603  1603 D GpsNetInitiatedHandler: location enabled :true
04-29 11:58:12.945  1603  1603 V WiredAccessoryManager: init()
04-29 11:58:12.950  1998  1998 W System  : ClassLoader referenced unknown path: /system/priv-app/ContactsProvider/lib/x86
04-29 11:58:12.953  1705  1705 I vol.Events: writeEvent collection_started
04-29 11:58:12.958  1603  2017 I OMXClient: Using client-side OMX mux.
04-29 11:58:12.964  1920  1920 W InputAttributes: No editor info for this field. Bug?
04-29 11:58:12.973  1705  2038 I vol.Events: writeEvent external_ringer_mode_changed normal
04-29 11:58:12.974  1705  2038 I vol.Events: writeEvent internal_ringer_mode_changed normal
04-29 11:58:12.978  1235  1281 D PermissionCache: checking android.permission.HARDWARE_TEST for uid=1000 => granted (3343 us)
04-29 11:58:12.983  1949  1949 D TelephonyProvider: dbh.onOpen: ok, queried table=siminfo
04-29 11:58:12.983  1949  1949 D TelephonyProvider: dbh.onOpen: ok, queried table=carriers
04-29 11:58:12.989  2018  2018 W System  : ClassLoader referenced unknown path: /system/priv-app/PrebuiltGmsCore/lib/x86
04-29 11:58:12.996  1705  2038 I vol.Events: writeEvent level_changed STREAM_SYSTEM 4
04-29 11:58:13.000  1603  1603 V BackupManagerService: Connected to transport ComponentInfo{android/com.android.internal.backup.LocalTransportService}
04-29 11:58:13.000  1603  1603 V BackupManagerService: Registering transport android/com.android.internal.backup.LocalTransportService::android/com.android.internal.backup.LocalTransport = android.app.backup.BackupTransport$TransportImpl@674f22e
04-29 11:58:13.004  1235  1279 D gralloc_ranchu: gralloc_alloc: Creating ashmem region of size 8294400
04-29 11:58:13.010  1920  2044 I LatinIME:LogUtils: Dictionary info: dictionary = contacts.en_US ; version = 1525003093 ; date = ?
04-29 11:58:13.011  1603  1615 I AccountManagerService: getTypesVisibleToCaller: isPermitted? true
04-29 11:58:13.021  1603  1603 D         : HostConnection::get() New Host Connection established 0x9f124240, tid 1603
04-29 11:58:13.032  1961  1961 V Launcher: LauncherAppState inited
04-29 11:58:13.033  1603  2054 I OMXClient: Using client-side OMX mux.
04-29 11:58:13.048  1603  1656 D NotificationSQLiteLog: Pruned event entries: 0
04-29 11:58:13.054  1961  1961 D Launcher.Model: Old launcher provider: content://com.android.launcher2.settings/favorites?notify=true
04-29 11:58:13.054  1961  1961 D Launcher.Model: Old launcher provider does not exist.
04-29 11:58:13.089  1603  2059 I OMXClient: Using client-side OMX mux.
04-29 11:58:13.157  1998  1998 W System  : ClassLoader referenced unknown path: /system/app/UserDictionaryProvider/lib/x86
04-29 11:58:13.174  1705  2038 I vol.Events: writeEvent level_changed STREAM_ALARM 6
04-29 11:58:13.175  1603  2067 I OMXClient: Using client-side OMX mux.
04-29 11:58:13.177  1705  2038 I vol.Events: writeEvent level_changed STREAM_BLUETOOTH_SCO 7
04-29 11:58:13.177  1705  2038 I vol.Events: writeEvent level_changed STREAM_MUSIC 11
04-29 11:58:13.179  1705  2038 I vol.Events: writeEvent level_changed STREAM_RING 4
04-29 11:58:13.180  1705  2038 I vol.Events: writeEvent level_changed STREAM_VOICE_CALL 4
04-29 11:58:13.200  1603  1743 I ActivityManager: Start proc 2073:com.google.android.googlequicksearchbox:search/u0a16 for service com.google.android.googlequicksearchbox/com.google.android.hotword.service.HotwordService
04-29 11:58:13.224  2018  2018 I LoadedApk: No resource references to update in package FFFFFFFFFFFFFFFFFFFFFF
04-29 11:58:13.225  1603  1617 I ActivityManager: Start proc 2088:com.android.music/u0a40 for broadcast com.android.music/.MediaButtonIntentReceiver
04-29 11:58:13.229  1705  1705 D StorageNotification: Notifying about private volume: VolumeInfo{private}:
04-29 11:58:13.229  1705  1705 D StorageNotification:     type=PRIVATE diskId=null partGuid=null mountFlags=0 mountUserId=-1 
04-29 11:58:13.229  1705  1705 D StorageNotification:     state=MOUNTED 
04-29 11:58:13.229  1705  1705 D StorageNotification:     fsType=null fsUuid=null fsLabel=null 
04-29 11:58:13.229  1705  1705 D StorageNotification:     path=/data internalPath=null 
04-29 11:58:13.232  1705  1705 D StorageNotification: Notifying about public volume: VolumeInfo{public:253,64}:
04-29 11:58:13.232  1705  1705 D StorageNotification:     type=PUBLIC diskId=disk:253,64 partGuid=null mountFlags=VISIBLE 
04-29 11:58:13.232  1705  1705 D StorageNotification:     mountUserId=0 state=MOUNTED 
04-29 11:58:13.232  1705  1705 D StorageNotification:     fsType=vfat fsUuid=19F4-2417 fsLabel=SDCARD 
04-29 11:58:13.232  1705  1705 D StorageNotification:     path=/storage/19F4-2417 internalPath=/mnt/media_rw/19F4-2417 
04-29 11:58:13.237  2088  2088 W System  : ClassLoader referenced unknown path: /system/app/Music/lib/x86
04-29 11:58:13.275  1603  1680 V KeyValueBackupJob: Scheduling k/v pass in 248 minutes
04-29 11:58:13.282  1603  1618 W WindowManager: Keyguard drawn timeout. Setting mKeyguardDrawComplete
04-29 11:58:13.284  1603  1995 I ActivityManager: Start proc 2110:com.google.process.gapps/u0a8 for content provider com.google.android.gsf/.gservices.GservicesProvider
04-29 11:58:13.293  1603  1616 D GpsLocationProvider: received SIM related action: 
04-29 11:58:13.294  2110  2110 W System  : ClassLoader referenced unknown path: /system/priv-app/GoogleServicesFramework/lib/x86
04-29 11:58:13.296  1603  1616 D GpsLocationProvider: SIM MCC/MNC is still not available
04-29 11:58:13.298  1949  2129 E DcSwitchStateMachine-0: DctController is not ready
04-29 11:58:13.300  1603  1652 E ConnectivityService: Failed to find Messenger in unregisterNetworkFactory
04-29 11:58:13.303  1603  1652 D ConnectivityService: Got NetworkFactory Messenger for Telephony
04-29 11:58:13.368  2110  2110 I GservicesProvider: Gservices pushing to system: true; secure/global: true
04-29 11:58:13.386  1961  2057 W Launcher: setApplicationContext called twice! old=android.app.Application@30bd323 new=android.app.Application@30bd323
04-29 11:58:13.388  1603  1728 I AccountManagerService: getTypesVisibleToCaller: isPermitted? true
04-29 11:58:13.429  1949  1949 D CarrierConfigLoader: CarrierConfigLoader has started
04-29 11:58:13.433  1949  1949 E BluetoothAdapter: Bluetooth binder is null
04-29 11:58:13.443  1235  1979 E SurfaceFlinger: ro.sf.lcd_density must be defined as a build property
04-29 11:58:13.443  1961  2135 D OpenGLRenderer: Use EGL_SWAP_BEHAVIOR_PRESERVED: true
04-29 11:58:13.447  1961  1961 D         : HostConnection::get() New Host Connection established 0xac430f00, tid 1961
04-29 11:58:13.457  1603  1614 I StatusBarManagerService: registerStatusBar bar=com.android.internal.statusbar.IStatusBar$Stub$Proxy@da16d99
04-29 11:58:13.470  1949  1949 I Telephony: TtyManager: updateUiTtyMode -1 -> 0
04-29 11:58:13.504  1603  2040 D AlarmManagerService: Kernel timezone updated to 0 minutes west of GMT
04-29 11:58:13.506  1603  1615 D AlarmManagerService: Setting time of day to sec=1525003093
04-29 11:58:13.996  1603  1615 W AlarmManagerService: Unable to set rtc to 1525003093: No such device
04-29 11:58:14.003  1603  1616 D GpsLocationProvider: received SIM related action: 
04-29 11:58:14.013  2110  2110 I GoogleHttpClient: GMS http client unavailable, use old client
04-29 11:58:14.025  1603  1614 I AccountManagerService: getTypesVisibleToCaller: isPermitted? true
04-29 11:58:14.046  1961  2135 D         : HostConnection::get() New Host Connection established 0xaa42c580, tid 2135
04-29 11:58:14.047  1961  2135 I OpenGLRenderer: Initialized EGL, version 1.4
04-29 11:58:14.047  1961  2135 W OpenGLRenderer: Failed to choose config with EGL_SWAP_BEHAVIOR_PRESERVED, retrying without...
04-29 11:58:14.055  1961  2135 D EGL_emulation: eglCreateContext: 0xae4935a0: maj 2 min 0 rcv 2
04-29 11:58:14.071  1961  2135 D EGL_emulation: eglMakeCurrent: 0xae4935a0: ver 2 0 (tinfo 0xae4926b0)
04-29 11:58:14.088  1961  1972 I art     : Background sticky concurrent mark sweep GC freed 5749(758KB) AllocSpace objects, 5(112KB) LOS objects, 30% free, 2MB/3MB, paused 5.185ms total 35.101ms
04-29 11:58:14.096  2018  2028 I art     : Background sticky concurrent mark sweep GC freed 2611(184KB) AllocSpace objects, 0(0B) LOS objects, 17% free, 2MB/3MB, paused 9.955ms total 25.806ms
04-29 11:58:14.101  1961  2135 D EGL_emulation: eglMakeCurrent: 0xae4935a0: ver 2 0 (tinfo 0xae4926b0)
04-29 11:58:14.145  2073  2143 E ActivityThread: Failed to find provider info for com.google.android.partnersetup.rlzappprovider
04-29 11:58:14.153  1603  1651 D WifiService: New client listening to asynchronous messages
04-29 11:58:14.155  1603  1995 I AccountManagerService: getTypesVisibleToCaller: isPermitted? true
04-29 11:58:14.189  1998  2050 I ContactLocale: AddressBook Labels [en-US]: [, A, B, C, D, E, F, G, H, I, J, K, L, M, N, O, P, Q, R, S, T, U, V, W, X, Y, Z, , , , , , , , , , , , , , , , , , , , , , , , , , , , , , , , , , , , , , , , , , , , , , , , , , , , , , , , , , , , , , , , , , , , , , , , , , , , , , , , , , , , , , , , , , , , , , , , , , , , , , , , , , , , , , , , , , , , , , , , , , , , , , , , , , , , , , , , , , , , , , , , , , , , , , , , , , , , , , , , , , , , , , , , , , , , , , , , , , , , , , , , , , , #, ]
04-29 11:58:14.192  1914  1914 W KeyphraseEnrollmentInfo: Enrollment application doesn't support keyphrases
04-29 11:58:14.212  1949  1949 D TelephonyDebugService: TelephonyDebugService()
04-29 11:58:14.219  1603  1622 I ActivityManager: Displayed com.android.launcher3/.Launcher: +966ms
04-29 11:58:14.223  1603  1616 D GpsLocationProvider: SIM MCC/MNC is still not available
04-29 11:58:14.258  2018  2018 W System  : ClassLoader referenced unknown path: /system/priv-app/PrebuiltGmsCore/lib/x86
04-29 11:58:14.258  2018  2018 W System  : ClassLoader referenced unknown path: /system/priv-app/PrebuiltGmsCore/lib/x86
04-29 11:58:14.286  1949  1949 D CarrierConfigLoader: mHandler: 12 phoneId: 0
04-29 11:58:14.322  2018  2018 W System  : ClassLoader referenced unknown path: /system/priv-app/PrebuiltGmsCore/lib/x86
04-29 11:58:14.323  2018  2018 W System  : ClassLoader referenced unknown path: /system/priv-app/PrebuiltGmsCore/lib/x86
04-29 11:58:14.324  1949  1949 E PhoneInterfaceManager: [PhoneIntfMgr] getIccId: No UICC
04-29 11:58:14.330  1603  1617 V KeyguardServiceDelegate: *** Keyguard started
04-29 11:58:14.331  2018  2018 W linker  : /data/data/com.google.android.gms/app_extracted_libs/x86/libconscrypt_gmscore_jni.so: unused DT entry: type 0xf arg 0x91
04-29 11:58:14.336  1603  1617 W KeyguardServiceDelegate: onScreenTurningOn(): no keyguard service!
04-29 11:58:14.337  2018  2018 V NativeCrypto: Registering com/google/android/gms/org/conscrypt/NativeCrypto's 279 native methods...
04-29 11:58:14.344  1961  1961 D Launcher: bindAppWidget: AppWidget(id=4)
04-29 11:58:14.344  1961  1961 D Launcher: bindAppWidget: id=4 belongs to component ComponentInfo{com.android.deskclock/com.android.alarmclock.AnalogAppWidgetProvider}
04-29 11:58:14.349  1603  2132 I Telecom : PhoneAccountRegistrar: New phone account registered: [[ ] PhoneAccount: ComponentInfo{com.android.phone/com.android.services.telephony.TelephonyConnectionService}, [e0184adedf913b076626646d3f52c3b49c39ad6d], UserHandle{0} Capabilities: 54 Schemes: tel voicemail ]
04-29 11:58:14.369  2018  2018 I art     : Rejecting re-init on previously-failed class java.lang.Class<com.google.android.gms.org.conscrypt.Java7SessionWrapper>
04-29 11:58:14.370  2018  2018 I art     : Rejecting re-init on previously-failed class java.lang.Class<com.google.android.gms.org.conscrypt.Java7SessionWrapper>
04-29 11:58:14.370  2018  2018 I art     : Rejecting re-init on previously-failed class java.lang.Class<com.google.android.gms.org.conscrypt.Java7SessionWrapper>
04-29 11:58:14.374  1603  2132 I Telecom : : Sending phone-account intent as user
04-29 11:58:14.379  1961  2135 V RenderScript: 0xa192d000 Launching thread(s), CPUs 2
04-29 11:58:14.381  1949  1949 I Telephony: AccountEntry: Registered phoneAccount: [[ ] PhoneAccount: ComponentInfo{com.android.phone/com.android.services.telephony.TelephonyConnectionService}, [e0184adedf913b076626646d3f52c3b49c39ad6d], UserHandle{0} Capabilities: 54 Schemes: tel voicemail ] with handle: ComponentInfo{com.android.phone/com.android.services.telephony.TelephonyConnectionService}, [e0184adedf913b076626646d3f52c3b49c39ad6d], UserHandle{0}
04-29 11:58:14.384  1949  1949 I Telephony: PstnIncomingCallNotifier: Registering: Handler (com.android.internal.telephony.gsm.GSMPhone) {df26b99}
04-29 11:58:14.387  1949  1949 I Telephony: TelecomAccountRegistry: Unregistering phone account ComponentInfo{com.android.phone/com.android.services.telephony.TelephonyConnectionService}, [e2f7d48dd2b5ca523e7313cf4ba0f6ea830b6281], UserHandle{0}.
04-29 11:58:14.410  1603  2040 W Telecom : : No account found for the calling user
04-29 11:58:14.413  1705  1705 E BluetoothAdapter: Bluetooth binder is null
04-29 11:58:14.415  2018  2018 I ProviderInstaller: Installed default security provider GmsCore_OpenSSL
04-29 11:58:14.427  1603  2132 D ConnectivityService: listenForNetwork for Listen from uid/pid:10015/1705 for NetworkRequest [ id=3, legacyType=-1, [] ]
04-29 11:58:14.473  1705  1705 I CameraManagerGlobal: Connecting to camera service
04-29 11:58:14.479  1603  1616 D GpsLocationProvider: received SIM related action: 
04-29 11:58:14.483  1961  1961 D Launcher: bound widget id=4 in 139ms
04-29 11:58:14.484  1949  1949 D MccTable: updateMccMncConfiguration mccmnc='310260' fromServiceState=true
04-29 11:58:14.485  1328  1670 V EmulatedCamera_Camera: getCameraInfo
04-29 11:58:14.485  1328  1670 V EmulatedCamera_BaseCamera: getCameraInfo
04-29 11:58:14.485  1328  1670 I CameraService: getCameraCharacteristics: Switching to HAL1 shim implementation...
04-29 11:58:14.485  1328  1670 V EmulatedCamera_Camera: getCameraInfo
04-29 11:58:14.485  1328  1670 V EmulatedCamera_BaseCamera: getCameraInfo
04-29 11:58:14.485  1328  1670 I CameraService: CameraService::connect call (PID 1328 "media", camera ID 0) for HAL version default and Camera API version 1
04-29 11:58:14.486  1328  1670 E CameraService: getCameraPriorityFromProcState: Received invalid process state -1 from ActivityManagerService!
04-29 11:58:14.486  1328  1670 V EmulatedCamera_Camera: getCameraInfo
04-29 11:58:14.486  1328  1670 V EmulatedCamera_BaseCamera: getCameraInfo
04-29 11:58:14.488  1949  1949 D MccTable: updateMccMncConfiguration defaultMccMnc=
04-29 11:58:14.488  1949  1949 D MccTable: updateMccMncConfiguration: mcc=310, mnc=260
04-29 11:58:14.488  1949  1949 D MccTable: WIFI_COUNTRY_CODE set to us
04-29 11:58:14.490  1603  1651 D WifiService: New client listening to asynchronous messages
04-29 11:58:14.490  1603  1728 I WifiService: WifiService trying to set country code to us with persist set to true
04-29 11:58:14.493  1328  2176 E WVMExtractor: Failed to open libwvm.so: dlopen failed: library "libwvm.so" not found
04-29 11:58:14.494  1328  2175 D NuPlayerDriver: notifyListener_l(0xb47e1000), (1, 0, 0)
04-29 11:58:14.500  1603  1616 D GpsLocationProvider: SIM MCC/MNC is still not available
04-29 11:58:14.507  1603  2065 I AccountManagerService: getTypesVisibleToCaller: isPermitted? true
04-29 11:58:14.507  1328  2178 D NuPlayerDriver: notifyListener_l(0xb47e1060), (1, 0, 0)
04-29 11:58:14.510  1328  1670 I CameraClient: Opening camera 0
04-29 11:58:14.510  1328  1670 V EmulatedCamera_Camera: getCameraInfo
04-29 11:58:14.510  1328  1670 V EmulatedCamera_BaseCamera: getCameraInfo
04-29 11:58:14.510  1328  1670 V EmulatedCamera_Camera: connectCamera
04-29 11:58:14.510  1328  1670 V EmulatedCamera_QemuDevice: connectDevice
04-29 11:58:14.510  1328  1670 V EmulatedCamera_QemuDevice: connectDevice: Connected to device 'virtualscene'
04-29 11:58:14.510  1328  1670 V EmulatedCamera_CallbackNotifier: setCallbacks: 0xb756a505, 0xb756adba, 0xb756ac92, 0xb756b267 (0xb47e10c0)
04-29 11:58:14.510  1328  1670 V EmulatedCamera_CallbackNotifier: enableMessage: msg_type = 0xc0d
04-29 11:58:14.510  1328  1670 V EmulatedCamera_CallbackNotifier:     CAMERA_MSG_ERROR
04-29 11:58:14.510  1328  1670 V EmulatedCamera_CallbackNotifier:     CAMERA_MSG_FOCUS
04-29 11:58:14.510  1328  1670 V EmulatedCamera_CallbackNotifier:     CAMERA_MSG_ZOOM
04-29 11:58:14.510  1328  1670 V EmulatedCamera_CallbackNotifier:     CAMERA_MSG_PREVIEW_METADATA
04-29 11:58:14.510  1328  1670 V EmulatedCamera_CallbackNotifier: **** Currently enabled messages:
04-29 11:58:14.510  1328  1670 V EmulatedCamera_CallbackNotifier:     CAMERA_MSG_ERROR
04-29 11:58:14.510  1328  1670 V EmulatedCamera_CallbackNotifier:     CAMERA_MSG_FOCUS
04-29 11:58:14.510  1328  1670 V EmulatedCamera_CallbackNotifier:     CAMERA_MSG_ZOOM
04-29 11:58:14.510  1328  1670 V EmulatedCamera_CallbackNotifier:     CAMERA_MSG_PREVIEW_METADATA
04-29 11:58:14.510  1328  1670 V EmulatedCamera_CallbackNotifier: disableMessage: msg_type = 0xffff
04-29 11:58:14.510  1328  1670 V EmulatedCamera_CallbackNotifier:     CAMERA_MSG_ERROR
04-29 11:58:14.510  1328  1670 V EmulatedCamera_CallbackNotifier:     CAMERA_MSG_SHUTTER
04-29 11:58:14.510  1328  1670 V EmulatedCamera_CallbackNotifier:     CAMERA_MSG_FOCUS
04-29 11:58:14.510  1328  1670 V EmulatedCamera_CallbackNotifier:     CAMERA_MSG_ZOOM
04-29 11:58:14.510  1328  1670 V EmulatedCamera_CallbackNotifier:     CAMERA_MSG_PREVIEW_FRAME
04-29 11:58:14.510  1328  1670 V EmulatedCamera_CallbackNotifier:     CAMERA_MSG_VIDEO_FRAME
04-29 11:58:14.510  1328  1670 V EmulatedCamera_CallbackNotifier:     CAMERA_MSG_POSTVIEW_FRAME
04-29 11:58:14.510  1328  1670 V EmulatedCamera_CallbackNotifier:     CAMERA_MSG_RAW_IMAGE
04-29 11:58:14.510  1328  1670 V EmulatedCamera_CallbackNotifier:     CAMERA_MSG_COMPRESSED_IMAGE
04-29 11:58:14.510  1328  1670 V EmulatedCamera_CallbackNotifier:     CAMERA_MSG_RAW_IMAGE_NOTIFY
04-29 11:58:14.510  1328  1670 V EmulatedCamera_CallbackNotifier:     CAMERA_MSG_PREVIEW_METADATA
04-29 11:58:14.510  1328  1670 V EmulatedCamera_CallbackNotifier: **** Currently enabled messages:
04-29 11:58:14.510  1328  1670 V EmulatedCamera_Preview: setPreviewWindow: current: 0x0 -> new: 0x0
04-29 11:58:14.510  1328  1670 V EmulatedCamera_Camera: doStopPreview
04-29 11:58:14.510  1328  1670 V EmulatedCamera_Camera: cancelPicture
04-29 11:58:14.510  1328  1670 V EmulatedCamera_Camera: releaseCamera
04-29 11:58:14.510  1328  1670 V EmulatedCamera_Camera: doStopPreview
04-29 11:58:14.510  1328  1670 V EmulatedCamera_QemuDevice: disconnectDevice
04-29 11:58:14.511  1328  1670 V EmulatedCamera_QemuDevice: disconnectDevice: Disonnected from device 'virtualscene'
04-29 11:58:14.511  1328  1670 V EmulatedCamera_Device: initializeWhiteBalanceModes with auto, 1.000000, 1.000000
04-29 11:58:14.511  1328  1670 V EmulatedCamera_Device: initializeWhiteBalanceModes with incandescent, 1.380000, 0.600000
04-29 11:58:14.511  1328  1670 V EmulatedCamera_Device: initializeWhiteBalanceModes with daylight, 1.090000, 0.920000
04-29 11:58:14.511  1328  1670 V EmulatedCamera_Device: initializeWhiteBalanceModes with twilight, 0.920000, 1.220000
04-29 11:58:14.511  1328  1670 V EmulatedCamera_Device: setWhiteBalanceMode with white balance auto
04-29 11:58:14.511  1328  1670 I CameraFlashlight: Destroying camera 0
04-29 11:58:14.511  1328  1670 V EmulatedCamera_Camera: closeCamera
04-29 11:58:14.511  1328  1670 V EmulatedCamera_Camera: doStopPreview
04-29 11:58:14.511  1328  1670 V EmulatedCamera_Device: initializeWhiteBalanceModes with auto, 1.000000, 1.000000
04-29 11:58:14.511  1328  1670 V EmulatedCamera_Device: initializeWhiteBalanceModes with incandescent, 1.380000, 0.600000
04-29 11:58:14.511  1328  1670 V EmulatedCamera_Device: initializeWhiteBalanceModes with daylight, 1.090000, 0.920000
04-29 11:58:14.511  1328  1670 V EmulatedCamera_Device: initializeWhiteBalanceModes with twilight, 0.920000, 1.220000
04-29 11:58:14.511  1328  1670 V EmulatedCamera_Device: setWhiteBalanceMode with white balance auto
04-29 11:58:14.512  1328  1670 I CameraService: disconnect: Disconnected client for camera 0 for PID 1328
04-29 11:58:14.512  1328  1670 D NuPlayerDriver: reset(0xb47e1000)
04-29 11:58:14.512  1328  1670 D NuPlayerDriver: notifyListener_l(0xb47e1000), (8, 0, 0)
04-29 11:58:14.513  1328  2175 D NuPlayerDriver: notifyResetComplete(0xb47e1000)
04-29 11:58:14.514  1328  1670 D NuPlayerDriver: reset(0xb47e1060)
04-29 11:58:14.514  1328  1670 D NuPlayerDriver: notifyListener_l(0xb47e1060), (8, 0, 0)
04-29 11:58:14.514  1328  2178 D NuPlayerDriver: notifyResetComplete(0xb47e1060)
04-29 11:58:14.514  1328  1670 E CameraService: disconnect: Disconnect called on already disconnected client for device 0
04-29 11:58:14.514  1328  2047 V EmulatedCamera_Camera: getCameraInfo
04-29 11:58:14.514  1328  2047 V EmulatedCamera_BaseCamera: getCameraInfo
04-29 11:58:14.514  1328  2047 I CameraService: getCameraCharacteristics: Switching to HAL1 shim implementation...
04-29 11:58:14.514  1328  2047 V EmulatedCamera_Camera: getCameraInfo
04-29 11:58:14.514  1328  2047 V EmulatedCamera_BaseCamera: getCameraInfo
04-29 11:58:14.515  1328  2047 I CameraService: CameraService::connect call (PID 1328 "media", camera ID 1) for HAL version default and Camera API version 1
04-29 11:58:14.516  2073  2073 W TRUiThreadExecutor: Task does not implement UiTask: com.google.common.g.a.p@a8f786e
04-29 11:58:14.516  1328  2047 E CameraService: getCameraPriorityFromProcState: Received invalid process state -1 from ActivityManagerService!
04-29 11:58:14.516  1328  2047 V EmulatedCamera_Camera: getCameraInfo
04-29 11:58:14.516  1328  2047 V EmulatedCamera_BaseCamera: getCameraInfo
04-29 11:58:14.525  1328  2181 D NuPlayerDriver: notifyListener_l(0xb611a080), (1, 0, 0)
04-29 11:58:14.535  1328  2185 D NuPlayerDriver: notifyListener_l(0xb611a0e0), (1, 0, 0)
04-29 11:58:14.547  1328  2047 I CameraClient: Opening camera 1
04-29 11:58:14.547  1328  2047 V EmulatedCamera_Camera: getCameraInfo
04-29 11:58:14.547  1328  2047 V EmulatedCamera_BaseCamera: getCameraInfo
04-29 11:58:14.547  1328  2047 V EmulatedCamera_Camera: connectCamera
04-29 11:58:14.547  1328  2047 V EmulatedCamera_FakeDevice: connectDevice
04-29 11:58:14.547  1328  2047 V EmulatedCamera_CallbackNotifier: setCallbacks: 0xb756a505, 0xb756adba, 0xb756ac92, 0xb756b267 (0xb611a140)
04-29 11:58:14.547  1328  2047 V EmulatedCamera_CallbackNotifier: enableMessage: msg_type = 0xc0d
04-29 11:58:14.547  1328  2047 V EmulatedCamera_CallbackNotifier:     CAMERA_MSG_ERROR
04-29 11:58:14.547  1328  2047 V EmulatedCamera_CallbackNotifier:     CAMERA_MSG_FOCUS
04-29 11:58:14.547  1328  2047 V EmulatedCamera_CallbackNotifier:     CAMERA_MSG_ZOOM
04-29 11:58:14.547  1328  2047 V EmulatedCamera_CallbackNotifier:     CAMERA_MSG_PREVIEW_METADATA
04-29 11:58:14.547  1328  2047 V EmulatedCamera_CallbackNotifier: **** Currently enabled messages:
04-29 11:58:14.547  1328  2047 V EmulatedCamera_CallbackNotifier:     CAMERA_MSG_ERROR
04-29 11:58:14.547  1328  2047 V EmulatedCamera_CallbackNotifier:     CAMERA_MSG_FOCUS
04-29 11:58:14.547  1328  2047 V EmulatedCamera_CallbackNotifier:     CAMERA_MSG_ZOOM
04-29 11:58:14.547  1328  2047 V EmulatedCamera_CallbackNotifier:     CAMERA_MSG_PREVIEW_METADATA
04-29 11:58:14.547  1328  2047 V EmulatedCamera_CallbackNotifier: disableMessage: msg_type = 0xffff
04-29 11:58:14.547  1328  2047 V EmulatedCamera_CallbackNotifier:     CAMERA_MSG_ERROR
04-29 11:58:14.547  1328  2047 V EmulatedCamera_CallbackNotifier:     CAMERA_MSG_SHUTTER
04-29 11:58:14.547  1328  2047 V EmulatedCamera_CallbackNotifier:     CAMERA_MSG_FOCUS
04-29 11:58:14.547  1328  2047 V EmulatedCamera_CallbackNotifier:     CAMERA_MSG_ZOOM
04-29 11:58:14.547  1328  2047 V EmulatedCamera_CallbackNotifier:     CAMERA_MSG_PREVIEW_FRAME
04-29 11:58:14.547  1328  2047 V EmulatedCamera_CallbackNotifier:     CAMERA_MSG_VIDEO_FRAME
04-29 11:58:14.547  1328  2047 V EmulatedCamera_CallbackNotifier:     CAMERA_MSG_POSTVIEW_FRAME
04-29 11:58:14.547  1328  2047 V EmulatedCamera_CallbackNotifier:     CAMERA_MSG_RAW_IMAGE
04-29 11:58:14.547  1328  2047 V EmulatedCamera_CallbackNotifier:     CAMERA_MSG_COMPRESSED_IMAGE
04-29 11:58:14.548  1328  2047 V EmulatedCamera_CallbackNotifier:     CAMERA_MSG_RAW_IMAGE_NOTIFY
04-29 11:58:14.548  1328  2047 V EmulatedCamera_CallbackNotifier:     CAMERA_MSG_PREVIEW_METADATA
04-29 11:58:14.548  1328  2047 V EmulatedCamera_CallbackNotifier: **** Currently enabled messages:
04-29 11:58:14.548  1328  2047 V EmulatedCamera_Preview: setPreviewWindow: current: 0x0 -> new: 0x0
04-29 11:58:14.548  1328  2047 V EmulatedCamera_Camera: doStopPreview
04-29 11:58:14.548  1328  2047 V EmulatedCamera_Camera: cancelPicture
04-29 11:58:14.548  1328  2047 V EmulatedCamera_Camera: releaseCamera
04-29 11:58:14.548  1328  2047 V EmulatedCamera_Camera: doStopPreview
04-29 11:58:14.548  1328  2047 V EmulatedCamera_FakeDevice: disconnectDevice
04-29 11:58:14.548  1328  2047 W EmulatedCamera_Device: Initialize: Emulated camera device is already initialized: mState = 1
04-29 11:58:14.548  1328  2047 D EmulatedCamera_FakeCamera: Initialize: Fake camera is facing front
04-29 11:58:14.548  1328  2047 V EmulatedCamera_Device: initializeWhiteBalanceModes with auto, 1.000000, 1.000000
04-29 11:58:14.548  1328  2047 V EmulatedCamera_Device: initializeWhiteBalanceModes with incandescent, 1.380000, 0.600000
04-29 11:58:14.548  1328  2047 V EmulatedCamera_Device: initializeWhiteBalanceModes with daylight, 1.090000, 0.920000
04-29 11:58:14.548  1328  2047 V EmulatedCamera_Device: initializeWhiteBalanceModes with twilight, 0.920000, 1.220000
04-29 11:58:14.548  1328  2047 V EmulatedCamera_Device: setWhiteBalanceMode with white balance auto
04-29 11:58:14.548  1328  2047 I CameraFlashlight: Destroying camera 1
04-29 11:58:14.548  1328  2047 V EmulatedCamera_Camera: closeCamera
04-29 11:58:14.548  1328  2047 V EmulatedCamera_Camera: doStopPreview
04-29 11:58:14.548  1328  2047 W EmulatedCamera_Device: Initialize: Emulated camera device is already initialized: mState = 1
04-29 11:58:14.548  1328  2047 D EmulatedCamera_FakeCamera: Initialize: Fake camera is facing front
04-29 11:58:14.548  1328  2047 V EmulatedCamera_Device: initializeWhiteBalanceModes with auto, 1.000000, 1.000000
04-29 11:58:14.548  1328  2047 V EmulatedCamera_Device: initializeWhiteBalanceModes with incandescent, 1.380000, 0.600000
04-29 11:58:14.548  1328  2047 V EmulatedCamera_Device: initializeWhiteBalanceModes with daylight, 1.090000, 0.920000
04-29 11:58:14.548  1328  2047 V EmulatedCamera_Device: initializeWhiteBalanceModes with twilight, 0.920000, 1.220000
04-29 11:58:14.548  1328  2047 V EmulatedCamera_Device: setWhiteBalanceMode with white balance auto
04-29 11:58:14.549  1949  1949 I Telephony: PstnIncomingCallNotifier: Unregistering: Handler (com.android.internal.telephony.gsm.GSMPhone) {df26b99}
04-29 11:58:14.556  1328  2047 I CameraService: disconnect: Disconnected client for camera 1 for PID 1328
04-29 11:58:14.556  1328  2047 D NuPlayerDriver: reset(0xb611a080)
04-29 11:58:14.556  1328  2047 D NuPlayerDriver: notifyListener_l(0xb611a080), (8, 0, 0)
04-29 11:58:14.556  1949  1949 E PhoneInterfaceManager: [PhoneIntfMgr] getIccId: No UICC
04-29 11:58:14.557  1328  2181 D NuPlayerDriver: notifyResetComplete(0xb611a080)
04-29 11:58:14.558  1328  2047 D NuPlayerDriver: reset(0xb611a0e0)
04-29 11:58:14.558  1328  2047 D NuPlayerDriver: notifyListener_l(0xb611a0e0), (8, 0, 0)
04-29 11:58:14.558  1328  2185 D NuPlayerDriver: notifyResetComplete(0xb611a0e0)
04-29 11:58:14.558  1328  2047 E CameraService: disconnect: Disconnect called on already disconnected client for device 1
04-29 11:58:14.558  1328  1328 V EmulatedCamera_Camera: getCameraInfo
04-29 11:58:14.558  1328  1328 V EmulatedCamera_BaseCamera: getCameraInfo
04-29 11:58:14.560  1328  1670 V EmulatedCamera_Camera: getCameraInfo
04-29 11:58:14.560  1328  1670 V EmulatedCamera_BaseCamera: getCameraInfo
04-29 11:58:14.561  1603  2132 I Telecom : PhoneAccountRegistrar: [ComponentInfo{com.android.phone/com.android.services.telephony.TelephonyConnectionService}, [e0184adedf913b076626646d3f52c3b49c39ad6d], UserHandle{0}(icon: Icon(typ=BITMAP size=50x63) -> Icon(typ=BITMAP size=50x63))]
04-29 11:58:14.569  1603  2132 I Telecom : : Sending phone-account intent as user
