04-29 11:58:16.673  2247  2247 D StrictMode: 	at com.google.android.apps.gmm.map.m.q.a(PG:8693)
04-29 11:58:16.673  2247  2247 D StrictMode: 	at com.google.android.apps.gmm.shared.f.a.a(PG:48)
04-29 11:58:16.673  2247  2247 D StrictMode: 	at com.google.android.apps.gmm.map.m.e.a(PG:1531)
04-29 11:58:16.673  2247  2247 D StrictMode: 	at com.google.android.apps.gmm.base.app.a.a(PG:244)
04-29 11:58:16.673  2247  2247 D StrictMode: 	at com.google.android.apps.gmm.base.app.a.a(PG:2265)
04-29 11:58:16.673  2247  2247 D StrictMode: 	at com.google.android.apps.gmm.base.app.GoogleMapsApplication.a(PG:206)
04-29 11:58:16.673  2247  2247 D StrictMode: 	at com.google.android.apps.gmm.base.app.GoogleMapsApplication.onCreate(PG:174)
04-29 11:58:16.673  2247  2247 D StrictMode: 	at android.app.Instrumentation.callApplicationOnCreate(Instrumentation.java:1013)
04-29 11:58:16.673  2247  2247 D StrictMode: 	at android.app.ActivityThread.handleBindApplication(ActivityThread.java:4707)
04-29 11:58:16.673  2247  2247 D StrictMode: 	at android.app.ActivityThread.-wrap1(ActivityThread.java)
04-29 11:58:16.673  2247  2247 D StrictMode: 	at android.app.ActivityThread$H.handleMessage(ActivityThread.java:1405)
04-29 11:58:16.673  2247  2247 D StrictMode: 	at android.os.Handler.dispatchMessage(Handler.java:102)
04-29 11:58:16.673  2247  2247 D StrictMode: 	at android.os.Looper.loop(Looper.java:148)
04-29 11:58:16.673  2247  2247 D StrictMode: 	at android.app.ActivityThread.main(ActivityThread.java:5417)
04-29 11:58:16.673  2247  2247 D StrictMode: 	at java.lang.reflect.Method.invoke(Native Method)
04-29 11:58:16.673  2247  2247 D StrictMode: 	at com.android.internal.os.ZygoteInit$MethodAndArgsCaller.run(ZygoteInit.java:726)
04-29 11:58:16.673  2247  2247 D StrictMode: 	at com.android.internal.os.ZygoteInit.main(ZygoteInit.java:616)
04-29 11:58:16.673  2247  2247 D StrictMode: StrictMode policy violation; ~duration=114 ms: android.os.StrictMode$StrictModeDiskReadViolation: policy=65567 violation=2
04-29 11:58:16.673  2247  2247 D StrictMode: 	at android.os.StrictMode$AndroidBlockGuardPolicy.onReadFromDisk(StrictMode.java:1263)
04-29 11:58:16.673  2247  2247 D StrictMode: 	at libcore.io.BlockGuardOs.read(BlockGuardOs.java:229)
04-29 11:58:16.673  2247  2247 D StrictMode: 	at libcore.io.IoBridge.read(IoBridge.java:468)
04-29 11:58:16.673  2247  2247 D StrictMode: 	at java.io.FileInputStream.read(FileInputStream.java:177)
04-29 11:58:16.673  2247  2247 D StrictMode: 	at java.io.BufferedInputStream.read(BufferedInputStream.java:290)
04-29 11:58:16.673  2247  2247 D StrictMode: 	at java.io.DataInputStream.read(DataInputStream.java:63)
04-29 11:58:16.673  2247  2247 D StrictMode: 	at com.google.r.k.d(PG:1187)
04-29 11:58:16.673  2247  2247 D StrictMode: 	at com.google.r.k.c(PG:18147)
04-29 11:58:16.673  2247  2247 D StrictMode: 	at com.google.r.k.d(PG:583)
04-29 11:58:16.673  2247  2247 D StrictMode: 	at com.google.w.a.a.do.<init>(PG:40)
04-29 11:58:16.673  2247  2247 D StrictMode: 	at com.google.w.a.a.do.a(PG:405)
04-29 11:58:16.673  2247  2247 D StrictMode: 	at com.google.r.v.a(PG:1161)
04-29 11:58:16.673  2247  2247 D StrictMode: 	at com.google.r.y.a(PG:2188)
04-29 11:58:16.673  2247  2247 D StrictMode: 	at com.google.r.e.b(PG:170)
04-29 11:58:16.673  2247  2247 D StrictMode: 	at com.google.r.e.b(PG:15188)
04-29 11:58:16.673  2247  2247 D StrictMode: 	at com.google.android.apps.gmm.shared.i.h.a(PG:251)
04-29 11:58:16.673  2247  2247 D StrictMode: 	at com.google.android.apps.gmm.map.m.q.a(PG:8693)
04-29 11:58:16.673  2247  2247 D StrictMode: 	at com.google.android.apps.gmm.shared.f.a.a(PG:48)
04-29 11:58:16.673  2247  2247 D StrictMode: 	at com.google.android.apps.gmm.map.m.e.a(PG:1531)
04-29 11:58:16.673  2247  2247 D StrictMode: 	at com.google.android.apps.gmm.base.app.a.a(PG:244)
04-29 11:58:16.673  2247  2247 D StrictMode: 	at com.google.android.apps.gmm.base.app.a.a(PG:2265)
04-29 11:58:16.673  2247  2247 D StrictMode: 	at com.google.android.apps.gmm.base.app.GoogleMapsApplication.a(PG:206)
04-29 11:58:16.673  2247  2247 D StrictMode: 	at com.google.android.apps.gmm.base.app.GoogleMapsApplication.onCreate(PG:174)
04-29 11:58:16.673  2247  2247 D StrictMode: 	at android.app.Instrumentation.callApplicationOnCreate(Instrumentation.java:1013)
04-29 11:58:16.673  2247  2247 D StrictMode: 	at android.app.ActivityThread.handleBindApplication(ActivityThread.java:4707)
04-29 11:58:16.673  2247  2247 D StrictMode: 	at android.app.ActivityThread.-wrap1(ActivityThread.java)
04-29 11:58:16.673  2247  2247 D StrictMode: 	at android.app.ActivityThread$H.handleMessage(ActivityThread.java:1405)
04-29 11:58:16.673  2247  2247 D StrictMode: 	at android.os.Handler.dispatchMessage(Handler.java:102)
04-29 11:58:16.673  2247  2247 D StrictMode: 	at android.os.Looper.loop(Looper.java:148)
04-29 11:58:16.673  2247  2247 D StrictMode: 	at android.app.ActivityThread.main(ActivityThread.java:5417)
04-29 11:58:16.673  2247  2247 D StrictMode: 	at java.lang.reflect.Method.invoke(Native Method)
04-29 11:58:16.673  2247  2247 D StrictMode: 	at com.android.internal.os.ZygoteInit$MethodAndArgsCaller.run(ZygoteInit.java:726)
04-29 11:58:16.673  2247  2247 D StrictMode: 	at com.android.internal.os.ZygoteInit.main(ZygoteInit.java:616)
04-29 11:58:16.673  2247  2247 D StrictMode: StrictMode policy violation; ~duration=93 ms: android.os.StrictMode$StrictModeDiskReadViolation: policy=65567 violation=2
04-29 11:58:16.673  2247  2247 D StrictMode: 	at android.os.StrictMode$AndroidBlockGuardPolicy.onReadFromDisk(StrictMode.java:1263)
04-29 11:58:16.673  2247  2247 D StrictMode: 	at libcore.io.BlockGuardOs.access(BlockGuardOs.java:67)
04-29 11:58:16.673  2247  2247 D StrictMode: 	at java.io.File.doAccess(File.java:281)
04-29 11:58:16.673  2247  2247 D StrictMode: 	at java.io.File.exists(File.java:361)
04-29 11:58:16.673  2247  2247 D StrictMode: 	at android.app.ContextImpl.createFilesDirLocked(ContextImpl.java:418)
04-29 11:58:16.673  2247  2247 D StrictMode: 	at android.app.ContextImpl.getFilesDir(ContextImpl.java:441)
04-29 11:58:16.673  2247  2247 D StrictMode: 	at android.app.ContextImpl.getFileStreamPath(ContextImpl.java:549)
04-29 11:58:16.673  2247  2247 D StrictMode: 	at android.content.ContextWrapper.getFileStreamPath(ContextWrapper.java:193)
04-29 11:58:16.673  2247  2247 D StrictMode: 	at com.google.android.apps.gmm.map.m.q.a(PG:8701)
04-29 11:58:16.673  2247  2247 D StrictMode: 	at com.google.android.apps.gmm.shared.f.a.a(PG:48)
04-29 11:58:16.673  2247  2247 D StrictMode: 	at com.google.android.apps.gmm.map.m.e.a(PG:1531)
04-29 11:58:16.673  2247  2247 D StrictMode: 	at com.google.android.apps.gmm.base.app.a.a(PG:244)
04-29 11:58:16.673  2247  2247 D StrictMode: 	at com.google.android.apps.gmm.base.app.a.a(PG:2265)
04-29 11:58:16.673  2247  2247 D StrictMode: 	at com.google.android.apps.gmm.base.app.GoogleMapsApplication.a(PG:206)
04-29 11:58:16.673  2247  2247 D StrictMode: 	at com.google.android.apps.gmm.base.app.GoogleMapsApplication.onCreate(PG:174)
04-29 11:58:16.673  2247  2247 D StrictMode: 	at android.app.Instrumentation.callApplicationOnCreate(Instrumentation.java:1013)
04-29 11:58:16.673  2247  2247 D StrictMode: 	at android.app.ActivityThread.handleBindApplication(ActivityThread.java:4707)
04-29 11:58:16.673  2247  2247 D StrictMode: 	at android.app.ActivityThread.-wrap1(ActivityThread.java)
04-29 11:58:16.673  2247  2247 D StrictMode: 	at android.app.ActivityThread$H.handleMessage(ActivityThread.java:1405)
04-29 11:58:16.673  2247  2247 D StrictMode: 	at android.os.Handler.dispatchMessage(Handler.java:102)
04-29 11:58:16.673  2247  2247 D StrictMode: 	at android.os.Looper.loop(Looper.java:148)
04-29 11:58:16.673  2247  2247 D StrictMode: 	at android.app.ActivityThread.main(ActivityThread.java:5417)
04-29 11:58:16.673  2247  2247 D StrictMode: 	at java.lang.reflect.Method.invoke(Native Method)
04-29 11:58:16.673  2247  2247 D StrictMode: 	at com.android.internal.os.ZygoteInit$MethodAndArgsCaller.run(ZygoteInit.java:726)
04-29 11:58:16.673  2247  2247 D StrictMode: 	at com.android.internal.os.ZygoteInit.main(ZygoteInit.java:616)
04-29 11:58:16.673  2247  2247 D StrictMode: StrictMode policy violation; ~duration=93 ms: android.os.StrictMode$StrictModeDiskReadViolation: policy=65567 violation=2
04-29 11:58:16.673  2247  2247 D StrictMode: 	at android.os.StrictMode$AndroidBlockGuardPolicy.onReadFromDisk(StrictMode.java:1263)
04-29 11:58:16.673  2247  2247 D StrictMode: 	at libcore.io.BlockGuardOs.access(BlockGuardOs.java:67)
04-29 11:58:16.673  2247  2247 D StrictMode: 	at java.io.File.doAccess(File.java:281)
04-29 11:58:16.673  2247  2247 D StrictMode: 	at java.io.File.exists(File.java:361)
04-29 11:58:16.673  2247  2247 D StrictMode: 	at com.google.android.apps.gmm.map.m.q.a(PG:8703)
04-29 11:58:16.673  2247  2247 D StrictMode: 	at com.google.android.apps.gmm.shared.f.a.a(PG:48)
04-29 11:58:16.673  2247  2247 D StrictMode: 	at com.google.android.apps.gmm.map.m.e.a(PG:1531)
04-29 11:58:16.673  2247  2247 D StrictMode: 	at com.google.android.apps.gmm.base.app.a.a(PG:244)
04-29 11:58:16.673  2247  2247 D StrictMode: 	at com.google.android.apps.gmm.base.app.a.a(PG:2265)
04-29 11:58:16.673  2247  2247 D StrictMode: 	at com.google.android.apps.gmm.base.app.GoogleMapsApplication.a(PG:206)
04-29 11:58:16.673  2247  2247 D StrictMode: 	at com.google.android.apps.gmm.base.app.GoogleMapsApplication.onCreate(PG:174)
04-29 11:58:16.673  2247  2247 D StrictMode: 	at android.app.Instrumentation.callApplicationOnCreate(Instrumentation.java:1013)
04-29 11:58:16.673  2247  2247 D StrictMode: 	at android.app.ActivityThread.handleBindApplication(ActivityThread.java:4707)
04-29 11:58:16.673  2247  2247 D StrictMode: 	at android.app.ActivityThread.-wrap1(ActivityThread.java)
04-29 11:58:16.673  2247  2247 D StrictMode: 	at android.app.ActivityThread$H.handleMessage(ActivityThread.java:1405)
04-29 11:58:16.673  2247  2247 D StrictMode: 	at android.os.Handler.dispatchMessage(Handler.java:102)
04-29 11:58:16.673  2247  2247 D StrictMode: 	at android.os.Looper.loop(Looper.java:148)
04-29 11:58:16.673  2247  2247 D StrictMode: 	at android.app.ActivityThread.main(ActivityThread.java:5417)
04-29 11:58:16.673  2247  2247 D StrictMode: 	at java.lang.reflect.Method.invoke(Native Method)
04-29 11:58:16.673  2247  2247 D StrictMode: 	at com.android.internal.os.ZygoteInit$MethodAndArgsCaller.run(ZygoteInit.java:726)
04-29 11:58:16.673  2247  2247 D StrictMode: 	at com.android.internal.os.ZygoteInit.main(ZygoteInit.java:616)
04-29 11:58:16.674  2018  2262 I GCoreUlr: WorldUpdater:android.location.PROVIDERS_CHANGED: Ensuring that reporting is stopped because of reasons: (no Google accounts)
04-29 11:58:16.694  2018  2262 I GCoreUlr: Unbound from all location providers
04-29 11:58:16.695  1720  1720 D MediaScannerReceiver: action: android.intent.action.MEDIA_MOUNTED path: /storage/19F4-2417
04-29 11:58:16.701  1603  1603 I AccountManagerService: getTypesVisibleToCaller: isPermitted? true
04-29 11:58:16.715  1720  1720 D MediaScannerReceiver: action: android.intent.action.MEDIA_MOUNTED path: /storage/emulated/0
04-29 11:58:16.724  2018  2018 I GCoreUlr: Stopping handler for UlrDispSvcFast
04-29 11:58:16.732  2018  2018 I GCoreUlr: Unbound from all location providers
04-29 11:58:16.752  2247  2277 W com.google.a.a.b.d.a: Application name is not set. Call Builder#setApplicationName.
04-29 11:58:16.766  2247  2277 E BluetoothAdapter: Bluetooth binder is null
04-29 11:58:16.782  1603  1622 W WindowManager: App freeze timeout expired.
04-29 11:58:16.819  1603  2206 I ActivityManager: Start proc 2339:com.android.deskclock/u0a26 for broadcast com.android.deskclock/com.android.alarmclock.AnalogAppWidgetProvider
04-29 11:58:16.828  2339  2339 W System  : ClassLoader referenced unknown path: /system/app/DeskClock/lib/x86
04-29 11:58:16.858  1603  2040 I ActivityManager: Start proc 2352:com.google.android.gms/u0a8 for broadcast com.google.android.gms/.checkin.CheckinServiceTriggerReceiver
04-29 11:58:16.878  2352  2352 W System  : ClassLoader referenced unknown path: /system/priv-app/PrebuiltGmsCore/lib/x86
04-29 11:58:16.901  2352  2352 I LoadedApk: No resource references to update in package FFFFFFFFFFFFFFFFFFFFFF
04-29 11:58:16.945  2352  2352 W System  : ClassLoader referenced unknown path: /system/priv-app/PrebuiltGmsCore/lib/x86
04-29 11:58:16.945  2352  2352 W System  : ClassLoader referenced unknown path: /system/priv-app/PrebuiltGmsCore/lib/x86
04-29 11:58:16.951  2352  2352 W System  : ClassLoader referenced unknown path: /system/priv-app/PrebuiltGmsCore/lib/x86
04-29 11:58:16.951  2352  2352 W System  : ClassLoader referenced unknown path: /system/priv-app/PrebuiltGmsCore/lib/x86
04-29 11:58:16.952  2352  2352 W linker  : /data/data/com.google.android.gms/app_extracted_libs/x86/libconscrypt_gmscore_jni.so: unused DT entry: type 0xf arg 0x91
04-29 11:58:16.954  2352  2352 V NativeCrypto: Registering com/google/android/gms/org/conscrypt/NativeCrypto's 279 native methods...
04-29 11:58:16.961  2352  2352 I art     : Rejecting re-init on previously-failed class java.lang.Class<com.google.android.gms.org.conscrypt.Java7SessionWrapper>
04-29 11:58:16.961  2352  2352 I art     : Rejecting re-init on previously-failed class java.lang.Class<com.google.android.gms.org.conscrypt.Java7SessionWrapper>
04-29 11:58:16.961  2352  2352 I art     : Rejecting re-init on previously-failed class java.lang.Class<com.google.android.gms.org.conscrypt.Java7SessionWrapper>
04-29 11:58:16.971  2352  2352 I ProviderInstaller: Installed default security provider GmsCore_OpenSSL
04-29 11:58:17.068  1603  2205 I ActivityManager: Start proc 2373:com.android.settings/1000 for broadcast com.android.settings/.sim.SimSelectNotification
04-29 11:58:17.070  2018  2039 W ConfigurationChimeraPro: Got null configs for com.google.android.gms.constellation -- metadata{ service_id: 51 }
04-29 11:58:17.082  2373  2373 W System  : ClassLoader referenced unknown path: /system/priv-app/Settings/lib/x86
04-29 11:58:17.164  1603  2132 I ActivityManager: Start proc 2394:com.google.android.calendar/u0a22 for broadcast com.google.android.calendar/com.android.calendar.widget.CalendarAppWidgetProvider
04-29 11:58:17.190  2394  2394 W System  : ClassLoader referenced unknown path: /system/app/CalendarGooglePrebuilt/lib/x86
04-29 11:58:17.192  1603  2132 I AccountManagerService: getTypesVisibleToCaller: isPermitted? true
04-29 11:58:17.234  1603  2206 I AccountManagerService: getTypesVisibleToCaller: isPermitted? true
04-29 11:58:17.279  1603  1615 I ActivityManager: Start proc 2411:com.android.providers.calendar/u0a1 for content provider com.android.providers.calendar/.CalendarProvider2
04-29 11:58:17.294  2411  2411 W System  : ClassLoader referenced unknown path: /system/priv-app/CalendarProvider/lib/x86
04-29 11:58:17.296  1603  1728 I AccountManagerService: getTypesVisibleToCaller: isPermitted? true
04-29 11:58:17.331  1603  2205 I AccountManagerService: getTypesVisibleToCaller: isPermitted? true
04-29 11:58:17.342  1603  1614 W ActivityManager: Unable to start service Intent { act=com.google.android.gms.playlog.service.START pkg=com.google.android.gms } U=0: not found
04-29 11:58:17.343  2411  2411 I CalendarProvider2: Created com.android.providers.calendar.CalendarAlarmManager@93e1452(com.android.providers.calendar.CalendarProvider2@30bd323)
04-29 11:58:17.343  1603  2065 W ActivityManager: Unbind failed: could not find connection for android.os.BinderProxy@ae0f7a7
04-29 11:58:17.343  2394  2394 E GmsClient: unable to connect to service: com.google.android.gms.playlog.service.START
04-29 11:58:17.349  1603  1614 I AccountManagerService: getTypesVisibleToCaller: isPermitted? true
04-29 11:58:17.350  1603  2065 I AccountManagerService: getTypesVisibleToCaller: isPermitted? true
04-29 11:58:17.350  2394  2394 E TimelyPrefService: Primary account is null
04-29 11:58:17.360  1603  2132 I AccountManagerService: getTypesVisibleToCaller: isPermitted? true
04-29 11:58:17.366  2339  2339 V AlarmClock: AlarmInitReceiver android.intent.action.TIME_SET
04-29 11:58:17.367  2394  2394 W AnalyticsLogBase: PlayLogger.onLoggerFailedConnection
04-29 11:58:17.393  2339  2430 V AlarmClock: AlarmInitReceiver finished
04-29 11:58:17.528  1603  1995 I ActivityManager: Start proc 2445:com.android.messaging/u0a52 for broadcast com.android.messaging/.receiver.DefaultSmsSubscriptionChangeReceiver
04-29 11:58:17.542  2445  2445 W System  : ClassLoader referenced unknown path: /system/app/messaging/lib/x86
04-29 11:58:17.620  2445  2445 I MessagingApp: Carrier config changed. Reloading MMS config.
04-29 11:58:17.629  2445  2462 I MessagingAppDataModel: Fixup: Send failed - 0 Download failed - 0
04-29 11:58:17.654  2018  2018 W ConfigurationChimeraPro: Got null configs for com.google.android.gms.trustagent.common -- metadata{ service_id: 51 }
04-29 11:58:17.723  2445  2463 W MessagingApp: canonicalizeMccMnc: invalid mccmnc:null ,null
04-29 11:58:17.757  1603  2205 D MmsServiceBroker: getCarrierConfigValues() by com.android.messaging
04-29 11:58:17.757  1603  2205 W MmsServiceBroker: MmsService not connected. Try connecting...
04-29 11:58:17.757  1603  1603 I MmsServiceBroker: Connecting to MmsService
04-29 11:58:17.757  1603  1603 W ContextImpl: Calling a method in the system process without a qualified user: android.app.ContextImpl.bindService:1285 com.android.server.MmsServiceBroker.tryConnecting:240 com.android.server.MmsServiceBroker.-wrap3:-1 com.android.server.MmsServiceBroker$1.handleMessage:82 android.os.Handler.dispatchMessage:102 
04-29 11:58:17.761  1949  1949 W System  : ClassLoader referenced unknown path: /system/priv-app/MmsService/lib/x86
04-29 11:58:17.765  1949  1949 D MmsService: onCreate
04-29 11:58:17.777  2445  2472 I MessagingAppDataModel: SyncMessagesAction: Starting batch for messages from 1525001523453 to 1525003097610 (message update limit = 80, message scan limit = 4000)
04-29 11:58:17.778  1603  1603 I MmsServiceBroker: MmsService connected
04-29 11:58:17.783  1949  2473 I MmsService: MmsConfigManager loads in background mcc/mnc: 310/260
04-29 11:58:17.783  1949  1960 D MmsService: getCarrierConfigValues
04-29 11:58:17.783  1949  1960 I MmsService: mms config for sub 1: null
04-29 11:58:17.787  2445  2463 I MessagingApp: Carrier configs loaded: Bundle[{maxImageHeight=1944, maxMessageSize=1048576, maxImageWidth=2592}] from resources+system for subId=1
04-29 11:58:17.822  2018  2269 W ConfigurationChimeraPro: Got null configs for com.google.android.gms.tapandpay_legacy_gservices -- metadata{ service_id: 51 }
04-29 11:58:17.835  1603  1603 I AccountManagerService: getTypesVisibleToCaller: isPermitted? true
04-29 11:58:17.843  1603  2476 I ActivityManager: Start proc 2478:com.android.keychain/1000 for service com.android.keychain/.KeyChainService
04-29 11:58:17.870  1603  2492 I RecoverySystem: No recovery log file
04-29 11:58:17.875  1603  2492 I BootReceiver: Copying audit failures to DropBox
04-29 11:58:17.875  1603  2492 I BootReceiver: Checking for fsck errors
04-29 11:58:17.881  2445  2463 W MessagingApp: canonicalizeMccMnc: invalid mccmnc:null ,null
04-29 11:58:17.894  1603  1614 I ActivityManager: Start proc 2494:com.android.dialer/u0a5 for broadcast com.android.dialer/.calllog.CallLogReceiver
04-29 11:58:17.919  2478  2478 W System  : ClassLoader referenced unknown path: /system/app/KeyChain/lib/x86
04-29 11:58:17.927  2352  2508 I CheckinCompat: Disabling old GoogleServicesFramework version
04-29 11:58:17.968  1603  1995 D MmsServiceBroker: getCarrierConfigValues() by com.android.messaging
04-29 11:58:17.969  1949  2204 D MmsService: getCarrierConfigValues
04-29 11:58:17.969  1949  2204 I MmsService: mms config for sub 1: Bundle[{httpSocketTimeout=60000, aliasMinChars=2, smsToMmsTextThreshold=-1, enableSMSDeliveryReports=true, maxMessageTextSize=-1, supportMmsContentDisposition=true, enabledTransID=false, aliasEnabled=false, supportHttpCharsetHeader=false, allowAttachAudio=true, smsToMmsTextLengthThreshold=-1, recipientLimit=2147483647, uaProfTagName=x-wap-profile, aliasMaxChars=48, maxImageHeight=1944, enableMMSDeliveryReports=false, userAgent=, config_cellBroadcastAppLinks=true, maxSubjectLength=40, httpParams=, enableGroupMms=true, emailGatewayNumber=, maxMessageSize=1048576, naiSuffix=, enableMMSReadReports=false, maxImageWidth=2592, uaProfUrl=, enabledMMS=false, enabledNotifyWapMMSC=false, sendMultipartSmsAsSeparateMessages=false, enableMultipartSMS=true}]
04-29 11:58:17.971  2445  2463 I MessagingApp: Carrier configs loaded: Bundle[{httpSocketTimeout=60000, aliasMinChars=2, smsToMmsTextThreshold=-1, enableSMSDeliveryReports=true, maxMessageTextSize=-1, supportMmsContentDisposition=true, enabledTransID=false, aliasEnabled=false, supportHttpCharsetHeader=false, allowAttachAudio=true, smsToMmsTextLengthThreshold=-1, recipientLimit=2147483647, uaProfTagName=x-wap-profile, aliasMaxChars=48, maxImageHeight=1944, enableMMSDeliveryReports=false, userAgent=, config_cellBroadcastAppLinks=true, maxSubjectLength=40, httpParams=, enableGroupMms=true, emailGatewayNumber=, maxMessageSize=1048576, naiSuffix=, enableMMSReadReports=false, maxImageWidth=2592, uaProfUrl=, enabledMMS=false, enabledNotifyWapMMSC=false, sendMultipartSmsAsSeparateMessages=false, enableMultipartSMS=true}] from resources+system for subId=1
04-29 11:58:17.972  2445  2460 W art     : Long monitor contention event with owner method=void com.android.messaging.sms.r.load() from SourceFile:147 waiters=0 for 184ms
04-29 11:58:17.985  2352  2512 I DeviceConfigUtils: android.os.VintfObject class not found : android.os.VintfObject
04-29 11:58:17.988  2494  2494 W System  : ClassLoader referenced unknown path: /system/priv-app/Dialer/lib/x86
04-29 11:58:18.012  2494  2494 D ExtensionsFactory: No custom extensions.
04-29 11:58:18.064  1949  1949 V OtaStartupReceiver: onOtaspChanged: mOtaspMode=3
04-29 11:58:18.065  1603  1649 D WIFI    : Registering NetworkFactory
04-29 11:58:18.065  1603  1649 D WIFI_UT : Registering NetworkFactory
04-29 11:58:18.065  1603  1652 D ConnectivityService: Got NetworkFactory Messenger for WIFI
04-29 11:58:18.065  1603  1652 D ConnectivityService: Got NetworkFactory Messenger for WIFI_UT
04-29 11:58:18.066  1603  1649 D WIFI    : got request NetworkRequest [ id=1, legacyType=-1, [ Capabilities: INTERNET&NOT_RESTRICTED&TRUSTED&NOT_VPN] ] with score 50
04-29 11:58:18.066  1603  1649 D WIFI_UT : got request NetworkRequest [ id=1, legacyType=-1, [ Capabilities: INTERNET&NOT_RESTRICTED&TRUSTED&NOT_VPN] ] with score 50
04-29 11:58:18.089  2352  2512 I EventLogChimeraService: Accumulating logs since 1525001528653
04-29 11:58:18.116  1603  1728 I ActivityManager: Start proc 2520:com.android.managedprovisioning/u0a10 for broadcast com.android.managedprovisioning/.BootReminder
04-29 11:58:18.155  2520  2520 W System  : ClassLoader referenced unknown path: /system/priv-app/ManagedProvisioning/lib/x86
04-29 11:58:18.173  2445  2513 I MessagingAppDataModel: SyncMessagesAction: All messages now in sync
04-29 11:58:18.188  2352  2536 I CastDatabase: Opening the database
04-29 11:58:18.191  1603  2205 D CountryDetector: The first listener is added
04-29 11:58:18.200  2352  2536 I SQLiteCastStore: 0 CastNetworkInfo instances loaded, 0 CastDeviceInfo instances loaded, 0 paired guest mode devices loaded.
04-29 11:58:18.207  2445  2460 W MessagingApp: canonicalizeMccMnc: invalid mccmnc:null ,null
04-29 11:58:18.212  1603  2206 D MmsServiceBroker: getCarrierConfigValues() by com.android.messaging
04-29 11:58:18.212  1949  2204 D MmsService: getCarrierConfigValues
04-29 11:58:18.212  1949  2204 I MmsService: mms config for sub 1: Bundle[{httpSocketTimeout=60000, aliasMinChars=2, smsToMmsTextThreshold=-1, enableSMSDeliveryReports=true, maxMessageTextSize=-1, supportMmsContentDisposition=true, enabledTransID=false, aliasEnabled=false, supportHttpCharsetHeader=false, allowAttachAudio=true, smsToMmsTextLengthThreshold=-1, recipientLimit=2147483647, uaProfTagName=x-wap-profile, aliasMaxChars=48, maxImageHeight=1944, enableMMSDeliveryReports=false, userAgent=, config_cellBroadcastAppLinks=true, maxSubjectLength=40, httpParams=, enableGroupMms=true, emailGatewayNumber=, maxMessageSize=1048576, naiSuffix=, enableMMSReadReports=false, maxImageWidth=2592, uaProfUrl=, enabledMMS=false, enabledNotifyWapMMSC=false, sendMultipartSmsAsSeparateMessages=false, enableMultipartSMS=true}]
04-29 11:58:18.212  2445  2460 I MessagingApp: Carrier configs loaded: Bundle[{httpSocketTimeout=60000, aliasMinChars=2, smsToMmsTextThreshold=-1, enableSMSDeliveryReports=true, maxMessageTextSize=-1, supportMmsContentDisposition=true, enabledTransID=false, aliasEnabled=false, supportHttpCharsetHeader=false, allowAttachAudio=true, smsToMmsTextLengthThreshold=-1, recipientLimit=2147483647, uaProfTagName=x-wap-profile, aliasMaxChars=48, maxImageHeight=1944, enableMMSDeliveryReports=false, userAgent=, config_cellBroadcastAppLinks=true, maxSubjectLength=40, httpParams=, enableGroupMms=true, emailGatewayNumber=, maxMessageSize=1048576, naiSuffix=, enableMMSReadReports=false, maxImageWidth=2592, uaProfUrl=, enabledMMS=false, enabledNotifyWapMMSC=false, sendMultipartSmsAsSeparateMessages=false, enableMultipartSMS=true}] from resources+system for subId=1
04-29 11:58:18.390  2411  2411 I CalendarProvider2: Sending notification intent: Intent { act=android.intent.action.PROVIDER_CHANGED dat=content://com.android.calendar }
04-29 11:58:18.390  2411  2411 W ContentResolver: Failed to get type for: content://com.android.calendar (Unknown URL content://com.android.calendar)
04-29 11:58:18.414  1720  2535 W MediaScanner: Error opening directory '/oem/media/', skipping: No such file or directory.
04-29 11:58:18.435  1603  1651 D WifiService: New client listening to asynchronous messages
04-29 11:58:18.438  2352  2352 I CastSocket: 23 >= 18. Adding new CastClientAuthKeyManager.
04-29 11:58:18.459  2352  2352 I DiscoveryManager: WifiGuestModeDeviceScanner enabled.
04-29 11:58:18.476  2352  2352 I MediaRouter: Found default route: MediaRouter.RouteInfo{ uniqueId=android/acw:DEFAULT_ROUTE, name=Phone, description=null, iconUri=null, enabled=true, connecting=false, connectionState=0, canDisconnect=false, playbackType=0, playbackStream=3, deviceType=0, volumeHandling=1, volume=11, volumeMax=15, presentationDisplayId=-1, extras=null, settingsIntent=null, providerPackageName=android }
04-29 11:58:18.476  2352  2352 I MediaRouter: Unselecting the current route because it is no longer selectable: null
04-29 11:58:18.544  2339  2339 V AlarmClock: AlarmInitReceiver android.intent.action.BOOT_COMPLETED
04-29 11:58:18.556  2339  2430 V AlarmClock: AlarmInitReceiver - Reset timers and clear stopwatch data
04-29 11:58:18.560  2018  2030 W ConfigurationChimeraPro: Got null configs for com.google.android.gms.chromesync -- metadata{ service_id: 51 }
04-29 11:58:18.574  2352  2389 I DynamiteModule: Considering local module com.google.android.gms.googlecertificates:4 and remote module com.google.android.gms.googlecertificates:4
04-29 11:58:18.574  2352  2389 I DynamiteModule: Selected local version of com.google.android.gms.googlecertificates
04-29 11:58:18.580  2339  2430 V AlarmClock: AlarmInitReceiver finished
04-29 11:58:18.587  1603  2205 I ActivityManager: Start proc 2555:com.google.process.gapps/u0a33 for broadcast com.google.android.syncadapters.contacts/.ContactsSyncAdapterBroadcastReceiver
04-29 11:58:18.609  2555  2555 W System  : ClassLoader referenced unknown path: /system/app/GoogleContactsSyncAdapter/lib/x86
04-29 11:58:18.625  2555  2555 I GoogleHttpClient: GMS http client unavailable, use old client
04-29 11:58:18.629  1920  1920 I SystemBroadcastReceiver: Boot has been completed
04-29 11:58:18.630  1920  1920 I SystemBroadcastReceiver: toggleAppIcon() : FLAG_SYSTEM = true
04-29 11:58:18.647  1603  1614 I ActivityManager: Start proc 2575:com.google.android.gm/u0a47 for broadcast com.google.android.gm/.GoogleMailDeviceStartupReceiver
04-29 11:58:18.683  2575  2575 W System  : ClassLoader referenced unknown path: /system/app/PrebuiltGmail/lib/x86
04-29 11:58:18.699  2352  2512 I ProcessCheckinRequest: Get token from PseudonymousIdApi: 129=iKyiVGdN0cSrf9tWsgKiN72d1rl-lkkYZjeNoyk--gArVaETRsuLUtcgDgt1PIBri7wcUE9_ytU8i_nV_A0eAsqRy7V5mqx6YxIbGN0P2yXd_Vktr8HdIkTAWuFpEHz1
04-29 11:58:18.784  2352  2362 W art     : Suspending all threads took: 69.674ms
04-29 11:58:18.787  2575  2592 I Gmail   : getAccountsCursor
04-29 11:58:18.787  2352  2512 I CheckinRequestBuilder: Checkin reason type: 8 attempt count: 1
04-29 11:58:18.788  1603  1615 I AccountManagerService: getTypesVisibleToCaller: isPermitted? true
04-29 11:58:18.791  1603  1614 I AccountManagerService: getTypesVisibleToCaller: isPermitted? true
04-29 11:58:18.792  2575  2593 D ActivityThread: Loading provider com.google.android.gmail.provider;com.android.mail.notifier;com.google.android.gm.email.provider;com.google.android.gm.email.notifier: com.android.email.provider.EmailProvider
04-29 11:58:18.792  1603  2206 I AccountManagerService: getTypesVisibleToCaller: isPermitted? true
04-29 11:58:18.794  2018  2018 W ChimeraUtils: Non Chimera context
04-29 11:58:18.816  2352  2386 I SystemUpdate: [Installation,ReceiverIntentOperation] Received intent: Intent { act=com.google.android.gms.update.BASE_MODULE_INIT cat=[targeted_intent_op_prefix:.update.control.ReceiverIntentOperation] cmp=com.google.android.gms/.chimera.GmsIntentOperationService }.
04-29 11:58:18.850  1603  1614 I AccountManagerService: getTypesVisibleToCaller: isPermitted? true
04-29 11:58:18.854  2018  2039 W ConfigurationChimeraPro: Got null configs for com.google.android.gms.update -- metadata{ service_id: 51 }
04-29 11:58:18.882  2352  2435 I Auth    : [WorkAccount] update authenticator enabled for boot or update
04-29 11:58:18.887  2352  2599 I Auth    : [FRP,FrpUpdateIntentOperation] Frp is not supported for this device / user
04-29 11:58:18.888  1603  1995 W ActivityManager: Unable to start service Intent { act=com.google.android.gm.email.EXCHANGE_INTENT pkg=com.google.android.gm.exchange } U=0: not found
04-29 11:58:18.910  1603  1728 I AccountManagerService: getTypesVisibleToCaller: isPermitted? true
04-29 11:58:18.918  1603  2205 I AccountManagerService: getTypesVisibleToCaller: isPermitted? true
04-29 11:58:18.924  2352  2372 W ChimeraUtils: Non Chimera context
04-29 11:58:18.925  1603  1615 I AccountManagerService: getTypesVisibleToCaller: isPermitted? true
04-29 11:58:18.925  2018  2598 W WakefulBroadcastReceiv.: No active wake lock id #2
04-29 11:58:18.931  1603  2205 I AccountManagerService: getTypesVisibleToCaller: isPermitted? true
04-29 11:58:18.932  1603  1614 I AccountManagerService: getTypesVisibleToCaller: isPermitted? true
04-29 11:58:18.934  1603  2206 I AccountManagerService: getTypesVisibleToCaller: isPermitted? true
04-29 11:58:18.947  2352  2386 W ChimeraUtils: Non Chimera context
04-29 11:58:18.959  2018  2030 I Auth    : [WorkAccount] init work authenticator
04-29 11:58:18.960  2352  2389 I SystemUpdate: [Execution,InstallationEventIntentOperation] Handling event of type 1.
04-29 11:58:18.963  2352  2389 I art     : Rejecting re-init on previously-failed class java.lang.Class<also>
04-29 11:58:18.963  2352  2389 I art     : Rejecting re-init on previously-failed class java.lang.Class<also>
04-29 11:58:18.970  2352  2386 I SystemUpdate: [Execution,InstallationIntentOperation] Received intent: Intent { act=com.google.android.gms.update.INSTALL_UPDATE cat=[targeted_intent_op_prefix:.update.execution.InstallationIntentOperation] cmp=com.google.android.gms/.chimera.GmsIntentOperationService }.
04-29 11:58:18.978  1603  1615 W ActivityManager: Unable to start service Intent { act=com.google.android.gm.email.EXCHANGE_INTENT pkg=com.google.android.gm.exchange } U=0: not found
04-29 11:58:18.979  2352  2386 I SystemUpdate: [Execution,ExecutionManager] Action finished-execution executed for 0.00 seconds.
04-29 11:58:19.051  1603  1728 I AccountManagerService: getTypesVisibleToCaller: isPermitted? true
04-29 11:58:19.072  2018  2029 W ConfigurationChimeraPro: Got null configs for com.google.android.gms.ads -- metadata{ service_id: 51 }
04-29 11:58:19.089  2575  2575 W GAV2    : Thread[main,5,main]: Need to call initialize() and be in fallback mode to start dispatch.
04-29 11:58:19.101  1603  2205 I AccountManagerService: getTypesVisibleToCaller: isPermitted? true
04-29 11:58:19.104  1603  1743 I AccountManagerService: getTypesVisibleToCaller: isPermitted? true
04-29 11:58:19.104  1603  2040 I AccountManagerService: getTypesVisibleToCaller: isPermitted? true
04-29 11:58:19.121  1603  2065 W ActivityManager: Unable to start service Intent { cmp=com.google.android.gm/com.android.email.service.AttachmentService } U=0: not found
04-29 11:58:19.143  1603  1743 I AccountManagerService: getTypesVisibleToCaller: isPermitted? true
04-29 11:58:19.145  1603  1743 I AccountManagerService: getTypesVisibleToCaller: isPermitted? true
04-29 11:58:19.148  1603  2206 I AccountManagerService: getTypesVisibleToCaller: isPermitted? true
04-29 11:58:19.148  1603  1743 I AccountManagerService: getTypesVisibleToCaller: isPermitted? true
04-29 11:58:19.153  2352  2617 W ChimeraUtils: Non Chimera context
04-29 11:58:19.159  2018  2018 E BluetoothAdapter: Bluetooth binder is null
04-29 11:58:19.166  1603  2132 W ActivityManager: Unable to start service Intent { act=com.google.android.gm.email.EXCHANGE_INTENT pkg=com.google.android.gm.exchange } U=0: not found
04-29 11:58:19.169  2352  2490 I art     : Note: end time exceeds epoch: 
04-29 11:58:19.201  2018  2029 W ConfigurationChimeraPro: Got null configs for com.google.android.gms.backup -- metadata{ service_id: 51 }
04-29 11:58:19.204  1603  1743 W ActivityManager: Unable to start service Intent { act=com.google.android.gm.email.EXCHANGE_INTENT pkg=com.google.android.gm.exchange } U=0: not found
04-29 11:58:19.206  2575  2616 I Gmail   : Observing account changes for notifications
04-29 11:58:19.209  2352  2617 E BaseAppContext: Tried to stop global GMSCore RequestQueue. This is likely unintended, so ignoring.
04-29 11:58:19.209  2352  2435 V Backup  : Boot completed, flushing queues
04-29 11:58:19.216  2352  2386 I Backup  : [ComponentEnabler] Setting target components to enabled = false
04-29 11:58:19.222  2352  2386 I Backup  : [ComponentEnabler] Setting source components to enabled = true
04-29 11:58:19.224  2575  2592 I Gmail   : getAccountsCursor
04-29 11:58:19.225  2575  2620 E Gmail   : Error finding the version of the Email provider.....
04-29 11:58:19.225  2575  2620 E Gmail   : android.content.pm.PackageManager$NameNotFoundException: com.google.android.email
04-29 11:58:19.225  2575  2620 E Gmail   : 	at android.app.ApplicationPackageManager.getPackageInfo(ApplicationPackageManager.java:137)
04-29 11:58:19.225  2575  2620 E Gmail   : 	at com.google.android.gm.EmailMigrationService.a(SourceFile:1279)
04-29 11:58:19.225  2575  2620 E Gmail   : 	at com.google.android.gm.EmailMigrationService.onHandleIntent(SourceFile:219)
04-29 11:58:19.225  2575  2620 E Gmail   : 	at android.app.IntentService$ServiceHandler.handleMessage(IntentService.java:66)
04-29 11:58:19.225  2575  2620 E Gmail   : 	at android.os.Handler.dispatchMessage(Handler.java:102)
04-29 11:58:19.225  2575  2620 E Gmail   : 	at android.os.Looper.loop(Looper.java:148)
04-29 11:58:19.225  2575  2620 E Gmail   : 	at android.os.HandlerThread.run(HandlerThread.java:61)
04-29 11:58:19.225  2575  2620 W EmailMigration: We do not support migrating this version of the Email provider.
04-29 11:58:19.226  1603  1728 I AccountManagerService: getTypesVisibleToCaller: isPermitted? true
04-29 11:58:19.229  2018  2018 W ChimeraUtils: Non Chimera context
04-29 11:58:19.241  1603  2040 I AccountManagerService: getTypesVisibleToCaller: isPermitted? true
04-29 11:58:19.243  2352  2386 V Backup  : [MigrateUtil] Using Pre-O Request Backup API: The device is running a version prior to Android O.
04-29 11:58:19.245  2352  2617 I Authzen : [AuthZenEventHandler] Handling event: android.intent.action.BOOT_COMPLETED
04-29 11:58:19.261  1603  2206 I AccountManagerService: getTypesVisibleToCaller: isPermitted? true
04-29 11:58:19.264  1603  1995 I AccountManagerService: getTypesVisibleToCaller: isPermitted? true
04-29 11:58:19.265  1603  1615 I AccountManagerService: getTypesVisibleToCaller: isPermitted? true
04-29 11:58:19.282  1603  2065 W ActivityManager: Unable to start service Intent { act=com.google.android.gm.email.EXCHANGE_INTENT pkg=com.google.android.gm.exchange } U=0: not found
04-29 11:58:19.306  1603  2206 I AccountManagerService: getTypesVisibleToCaller: isPermitted? true
04-29 11:58:19.309  2352  2435 V Backup  : [MigrateUtil] Clearing migrate temp dir: /data/user/0/com.google.android.gms/files/migrate_dir
04-29 11:58:19.320  1603  1995 I AccountManagerService: getTypesVisibleToCaller: isPermitted? true
04-29 11:58:19.320  1603  1614 W ActivityManager: Unable to start service Intent { act=com.google.android.gm.email.EXCHANGE_INTENT pkg=com.google.android.gm.exchange } U=0: not found
04-29 11:58:19.325  1603  2065 I AccountManagerService: getTypesVisibleToCaller: isPermitted? true
04-29 11:58:19.329  1603  1615 I AccountManagerService: getTypesVisibleToCaller: isPermitted? true
04-29 11:58:19.338  2575  2575 E ActivityThread: Service com.android.email.service.EmailBroadcastProcessorService has leaked ServiceConnection com.android.emailcommon.service.am@3f8cb75 that was originally bound here
04-29 11:58:19.338  2575  2575 E ActivityThread: android.app.ServiceConnectionLeaked: Service com.android.email.service.EmailBroadcastProcessorService has leaked ServiceConnection com.android.emailcommon.service.am@3f8cb75 that was originally bound here
04-29 11:58:19.338  2575  2575 E ActivityThread: 	at android.app.LoadedApk$ServiceDispatcher.<init>(LoadedApk.java:1092)
04-29 11:58:19.338  2575  2575 E ActivityThread: 	at android.app.LoadedApk.getServiceDispatcher(LoadedApk.java:986)
04-29 11:58:19.338  2575  2575 E ActivityThread: 	at android.app.ContextImpl.bindServiceCommon(ContextImpl.java:1303)
04-29 11:58:19.338  2575  2575 E ActivityThread: 	at android.app.ContextImpl.bindService(ContextImpl.java:1286)
04-29 11:58:19.338  2575  2575 E ActivityThread: 	at android.content.ContextWrapper.bindService(ContextWrapper.java:604)
04-29 11:58:19.338  2575  2575 E ActivityThread: 	at com.android.emailcommon.service.ak.a(SourceFile:181)
04-29 11:58:19.338  2575  2575 E ActivityThread: 	at com.android.emailcommon.service.ak.e(SourceFile:224)
04-29 11:58:19.338  2575  2575 E ActivityThread: 	at com.android.email.service.n.c(SourceFile:177)
04-29 11:58:19.338  2575  2575 E ActivityThread: 	at com.android.email.provider.b.a(SourceFile:198)
04-29 11:58:19.338  2575  2575 E ActivityThread: 	at com.android.email.provider.b.a(SourceFile:142)
04-29 11:58:19.338  2575  2575 E ActivityThread: 	at com.android.email.service.EmailBroadcastProcessorService.c(SourceFile:349)
04-29 11:58:19.338  2575  2575 E ActivityThread: 	at com.android.email.service.EmailBroadcastProcessorService.onHandleIntent(SourceFile:1334)
04-29 11:58:19.338  2575  2575 E ActivityThread: 	at android.app.IntentService$ServiceHandler.handleMessage(IntentService.java:66)
04-29 11:58:19.338  2575  2575 E ActivityThread: 	at android.os.Handler.dispatchMessage(Handler.java:102)
04-29 11:58:19.338  2575  2575 E ActivityThread: 	at android.os.Looper.loop(Looper.java:148)
04-29 11:58:19.338  2575  2575 E ActivityThread: 	at android.os.HandlerThread.run(HandlerThread.java:61)
04-29 11:58:19.339  2352  2386 I Backup  : [PreLComponentEnabler] Disabling pre-L components
04-29 11:58:19.339  2352  2386 V Backup  : [PreLComponentEnabler] Disabling Component: com.google.android.gms.backup.component.D2dPreLSourceActivity
04-29 11:58:19.341  1603  2040 W ActivityManager: Unbind failed: could not find connection for android.os.BinderProxy@ba0fb3b
04-29 11:58:19.352  2352  2386 I ChromeSync: [Sync,SyncIntentOperation] Handling the intent: Intent { act=android.intent.action.BOOT_COMPLETED flg=0x8000010 cmp=com.google.android.gms/.chimera.GmsIntentOperationService (has extras) }.
04-29 11:58:19.354  1603  1615 I AccountManagerService: getTypesVisibleToCaller: isPermitted? true
04-29 11:58:19.370  2352  2435 D Backup  : [MigrateCleaner] D2D transport was not selected, not selecting cloud transport.
04-29 11:58:19.395  2018  2268 I BootCount: Device boot count in clearcut increased.
04-29 11:58:19.401  1949  1949 I OmtpVvmCarrierConfigHelper: Requesting VVM activation for subId: 1
04-29 11:58:19.420  2352  2386 I ApiChimeraService: Scheduling reset intent
04-29 11:58:19.433  2018  2030 W ConfigurationChimeraPro: Got null configs for com.google.android.gms.drive -- metadata{ service_id: 51 }
04-29 11:58:19.489  1603  1995 I ActivityManager: Start proc 2640:com.google.android.gms.unstable/u0a8 for service com.google.android.gms/.droidguard.DroidGuardService
04-29 11:58:19.495  2352  2386 I Fido    : [FidoInitIntentOperation] Initializing Fido module, InitRuntimeState=3
04-29 11:58:19.539  2018  2030 W ConfigurationChimeraPro: Got null configs for com.google.android.gms.fido -- metadata{ service_id: 51 }
04-29 11:58:19.568  2640  2640 W System  : ClassLoader referenced unknown path: /system/priv-app/PrebuiltGmsCore/lib/x86
04-29 11:58:19.600  2640  2640 I LoadedApk: No resource references to update in package FFFFFFFFFFFFFFFFFFFFFF
04-29 11:58:19.604  2352  2435 I GrowthService: Scheduled sync with period: 14400
04-29 11:58:19.620  2018  2018 W ConfigurationChimeraPro: Got null configs for com.google.android.gms.fitness -- metadata{ service_id: 51 }
04-29 11:58:19.625  1949  1949 V VvmPhoneStateListener: Signal returned: reattempting activation for 89014103211118510720
04-29 11:58:19.627  1949  1949 I OmtpVvmCarrierConfigHelper: Requesting VVM activation for subId: 1
04-29 11:58:19.646  2352  2659 I iu.SyncManager: SYNC; picasa accounts
04-29 11:58:19.661  2352  2352 I iu.Environment: update connectivity state; isNetworkMetered? true*, isRoaming? false, isBackgroundDataAllowed? true*
04-29 11:58:19.676  1603  1728 I AccountManagerService: getTypesVisibleToCaller: isPermitted? true
04-29 11:58:19.683  1603  2205 I ActivityManager: Start proc 2661:com.google.android.apps.photos/u0a44 for broadcast com.google.android.apps.photos/.jobqueue.JobServiceBroadcastReceiver
04-29 11:58:19.688  2352  2659 I iu.UploadsManager: num queued entries: 0
04-29 11:58:19.689  2352  2659 I iu.UploadsManager: num updated entries: 0
04-29 11:58:19.689  2352  2659 I iu.SyncManager: NEXT; no task
04-29 11:58:19.734  2661  2661 W System  : ClassLoader referenced unknown path: /system/app/Photos/lib/x86
04-29 11:58:19.759  2640  2640 W System  : ClassLoader referenced unknown path: /system/priv-app/PrebuiltGmsCore/lib/x86
04-29 11:58:19.760  2640  2640 W System  : ClassLoader referenced unknown path: /system/priv-app/PrebuiltGmsCore/lib/x86
04-29 11:58:19.769  2640  2640 W System  : ClassLoader referenced unknown path: /system/priv-app/PrebuiltGmsCore/lib/x86
04-29 11:58:19.769  2640  2640 W System  : ClassLoader referenced unknown path: /system/priv-app/PrebuiltGmsCore/lib/x86
04-29 11:58:19.770  2640  2640 W linker  : /data/data/com.google.android.gms/app_extracted_libs/x86/libconscrypt_gmscore_jni.so: unused DT entry: type 0xf arg 0x91
04-29 11:58:19.773  2640  2640 V NativeCrypto: Registering com/google/android/gms/org/conscrypt/NativeCrypto's 279 native methods...
04-29 11:58:19.786  2640  2640 I art     : Rejecting re-init on previously-failed class java.lang.Class<com.google.android.gms.org.conscrypt.Java7SessionWrapper>
04-29 11:58:19.787  2640  2640 I art     : Rejecting re-init on previously-failed class java.lang.Class<com.google.android.gms.org.conscrypt.Java7SessionWrapper>
04-29 11:58:19.787  2640  2640 I art     : Rejecting re-init on previously-failed class java.lang.Class<com.google.android.gms.org.conscrypt.Java7SessionWrapper>
04-29 11:58:19.801  2640  2640 I ProviderInstaller: Installed default security provider GmsCore_OpenSSL
04-29 11:58:19.847  1603  2040 I AccountManagerService: getTypesVisibleToCaller: isPermitted? true
04-29 11:58:19.868  1603  2040 I AccountManagerService: getTypesVisibleToCaller: isPermitted? true
04-29 11:58:19.871  2018  2018 I NetworkScheduler: Using standalone scheduling engine
04-29 11:58:19.922  2352  2386 I Icing   : Using regular flags by method 2
04-29 11:58:19.961  2018  2030 W ConfigurationChimeraPro: Got null configs for com.google.android.gms.droidguard -- metadata{ service_id: 51 }
04-29 11:58:20.075  1603  1728 I AccountManagerService: getTypesVisibleToCaller: isPermitted? true
04-29 11:58:20.151  1603  2206 I ActivityManager: Start proc 2696:com.google.android.gms.ui/u0a8 for service com.google.android.gms/.chimera.UiIntentOperationService
04-29 11:58:20.153  2575  2593 I Gmail   : getAccountsCursor
04-29 11:58:20.197  2696  2696 W System  : ClassLoader referenced unknown path: /system/priv-app/PrebuiltGmsCore/lib/x86
04-29 11:58:20.209  1603  2065 I AccountManagerService: getTypesVisibleToCaller: isPermitted? true
04-29 11:58:20.222  2696  2696 I LoadedApk: No resource references to update in package FFFFFFFFFFFFFFFFFFFFFF
04-29 11:58:20.273  2696  2696 W System  : ClassLoader referenced unknown path: /system/priv-app/PrebuiltGmsCore/lib/x86
04-29 11:58:20.274  2696  2696 W System  : ClassLoader referenced unknown path: /system/priv-app/PrebuiltGmsCore/lib/x86
04-29 11:58:20.280  2696  2696 W System  : ClassLoader referenced unknown path: /system/priv-app/PrebuiltGmsCore/lib/x86
04-29 11:58:20.281  2696  2696 W System  : ClassLoader referenced unknown path: /system/priv-app/PrebuiltGmsCore/lib/x86
04-29 11:58:20.281  2696  2696 W linker  : /data/data/com.google.android.gms/app_extracted_libs/x86/libconscrypt_gmscore_jni.so: unused DT entry: type 0xf arg 0x91
04-29 11:58:20.286  2696  2696 V NativeCrypto: Registering com/google/android/gms/org/conscrypt/NativeCrypto's 279 native methods...
04-29 11:58:20.288  2352  2599 I Ads     : Parental control value is stale. Refreshing.
04-29 11:58:20.289  2352  2599 W Ads     : Play store is not installed or the service for parental controls is not available.
04-29 11:58:20.293  2352  2599 I Ads     : Initialized AdMob in container 12.2.21 (470-188803320)
04-29 11:58:20.297  2696  2696 I art     : Rejecting re-init on previously-failed class java.lang.Class<com.google.android.gms.org.conscrypt.Java7SessionWrapper>
04-29 11:58:20.297  2696  2696 I art     : Rejecting re-init on previously-failed class java.lang.Class<com.google.android.gms.org.conscrypt.Java7SessionWrapper>
04-29 11:58:20.297  2696  2696 I art     : Rejecting re-init on previously-failed class java.lang.Class<com.google.android.gms.org.conscrypt.Java7SessionWrapper>
04-29 11:58:20.309  2696  2696 I ProviderInstaller: Installed default security provider GmsCore_OpenSSL
04-29 11:58:20.319  1603  2065 W ActivityManager: Unable to start service Intent { act=com.google.android.gms.nearby.discovery:ACTION_INIT_MESSAGES_PATH cmp=com.google.android.gms/.nearby.discovery.service.DiscoveryService } U=0: not found
04-29 11:58:20.325  2352  2490 W NetRec  : [101] NetrecModuleInitIntentOperation.a: Device does not support scoring, exiting
04-29 11:58:20.373  2352  2490 E DeviceContactImportDelegate: Device contact import is disabled.
04-29 11:58:20.407  2352  2490 E DeviceContactImportDelegate: Data layer device contacts import is disabled.
04-29 11:58:20.407  2352  2490 E DeviceContactImportDelegate: Device contact import is disabled.
04-29 11:58:20.447  2352  2490 E DeviceContactImportDelegate: Data layer device contacts import is disabled.
04-29 11:58:20.447  2352  2490 E DeviceContactImportDelegate: Device contact import is disabled.
04-29 11:58:20.488  2352  2490 E DeviceContactImportDelegate: Data layer device contacts import is disabled.
04-29 11:58:20.517  2352  2490 E IndexManagementDelegate: Rebuild index is disabled.
04-29 11:58:20.518  1603  1615 I AccountManagerService: getTypesVisibleToCaller: isPermitted? true
04-29 11:58:20.563  2640  2690 I DynamiteModule: Considering local module com.google.android.gms.googlecertificates:4 and remote module com.google.android.gms.googlecertificates:4
04-29 11:58:20.563  2640  2690 I DynamiteModule: Selected local version of com.google.android.gms.googlecertificates
04-29 11:58:20.590  1603  1995 I AccountManagerService: getTypesVisibleToCaller: isPermitted? true
04-29 11:58:20.616  2352  2490 V SmartDevice: [service,SmartDeviceIntentHandlers] OnUpgradeOrBootOperation got intent: Intent { act=android.intent.action.BOOT_COMPLETED flg=0x8000010 cmp=com.google.android.gms/.chimera.GmsIntentOperationService (has extras) } with flag 3
04-29 11:58:20.636  2018  2029 W ConfigurationChimeraPro: Got null configs for com.google.android.gms.mdm -- metadata{ service_id: 51 }
04-29 11:58:20.677  1603  1995 I AccountManagerService: getTypesVisibleToCaller: isPermitted? true
04-29 11:58:20.697  2018  2029 W ConfigurationChimeraPro: Got null configs for com.google.android.gms.trustagent.common -- metadata{ service_id: 51 }
04-29 11:58:20.716  2696  2742 I MagicTether: [HostValidator] InvalidHost. MobileData: true, Tethering: false, whitelist: false, ble: false
